******************************************************************************
                  MSP430 Linker Unix v21.6.1                   
******************************************************************************
>> Linked Thu Apr 27 10:51:16 2023

OUTPUT FILE NAME:   <final_project.out>
ENTRY POINT SYMBOL: "_c_int00_noargs"  address: 000044d8


MEMORY CONFIGURATION

         name            origin    length      used     unused   attr    fill
----------------------  --------  ---------  --------  --------  ----  --------
  SFR                   00000000   00000010  00000000  00000010  RWIX
  PERIPHERALS_8BIT      00000010   000000f0  00000000  000000f0  RWIX
  PERIPHERALS_16BIT     00000100   00000100  00000000  00000100  RWIX
  INFOD                 00001800   00000080  00000000  00000080  RWIX
  INFOC                 00001880   00000080  00000000  00000080  RWIX
  INFOB                 00001900   00000080  00000000  00000080  RWIX
  INFOA                 00001980   00000080  0000000c  00000074  RWIX
  USBRAM                00001c00   00000800  00000000  00000800  RWIX
  RAM                   00002400   00002000  00000dbd  00001243  RWIX
  FLASH                 00004400   0000bb80  000042ec  00007894  RWIX
  INT00                 0000ff80   00000002  00000000  00000002  RWIX
  INT01                 0000ff82   00000002  00000000  00000002  RWIX
  INT02                 0000ff84   00000002  00000000  00000002  RWIX
  INT03                 0000ff86   00000002  00000000  00000002  RWIX
  INT04                 0000ff88   00000002  00000000  00000002  RWIX
  INT05                 0000ff8a   00000002  00000000  00000002  RWIX
  INT06                 0000ff8c   00000002  00000000  00000002  RWIX
  INT07                 0000ff8e   00000002  00000000  00000002  RWIX
  INT08                 0000ff90   00000002  00000000  00000002  RWIX
  INT09                 0000ff92   00000002  00000000  00000002  RWIX
  INT10                 0000ff94   00000002  00000000  00000002  RWIX
  INT11                 0000ff96   00000002  00000000  00000002  RWIX
  INT12                 0000ff98   00000002  00000000  00000002  RWIX
  INT13                 0000ff9a   00000002  00000000  00000002  RWIX
  INT14                 0000ff9c   00000002  00000000  00000002  RWIX
  INT15                 0000ff9e   00000002  00000000  00000002  RWIX
  INT16                 0000ffa0   00000002  00000000  00000002  RWIX
  INT17                 0000ffa2   00000002  00000000  00000002  RWIX
  INT18                 0000ffa4   00000002  00000000  00000002  RWIX
  INT19                 0000ffa6   00000002  00000000  00000002  RWIX
  INT20                 0000ffa8   00000002  00000000  00000002  RWIX
  INT21                 0000ffaa   00000002  00000000  00000002  RWIX
  INT22                 0000ffac   00000002  00000000  00000002  RWIX
  INT23                 0000ffae   00000002  00000000  00000002  RWIX
  INT24                 0000ffb0   00000002  00000000  00000002  RWIX
  INT25                 0000ffb2   00000002  00000000  00000002  RWIX
  INT26                 0000ffb4   00000002  00000000  00000002  RWIX
  INT27                 0000ffb6   00000002  00000000  00000002  RWIX
  INT28                 0000ffb8   00000002  00000000  00000002  RWIX
  INT29                 0000ffba   00000002  00000000  00000002  RWIX
  INT30                 0000ffbc   00000002  00000000  00000002  RWIX
  INT31                 0000ffbe   00000002  00000000  00000002  RWIX
  INT32                 0000ffc0   00000002  00000000  00000002  RWIX
  INT33                 0000ffc2   00000002  00000000  00000002  RWIX
  INT34                 0000ffc4   00000002  00000000  00000002  RWIX
  INT35                 0000ffc6   00000002  00000000  00000002  RWIX
  INT36                 0000ffc8   00000002  00000000  00000002  RWIX
  INT37                 0000ffca   00000002  00000000  00000002  RWIX
  INT38                 0000ffcc   00000002  00000000  00000002  RWIX
  INT39                 0000ffce   00000002  00000000  00000002  RWIX
  INT40                 0000ffd0   00000002  00000000  00000002  RWIX
  INT41                 0000ffd2   00000002  00000002  00000000  RWIX
  INT42                 0000ffd4   00000002  00000002  00000000  RWIX
  INT43                 0000ffd6   00000002  00000002  00000000  RWIX
  INT44                 0000ffd8   00000002  00000002  00000000  RWIX
  INT45                 0000ffda   00000002  00000002  00000000  RWIX
  INT46                 0000ffdc   00000002  00000002  00000000  RWIX
  INT47                 0000ffde   00000002  00000002  00000000  RWIX
  INT48                 0000ffe0   00000002  00000002  00000000  RWIX
  INT49                 0000ffe2   00000002  00000002  00000000  RWIX
  INT50                 0000ffe4   00000002  00000002  00000000  RWIX
  INT51                 0000ffe6   00000002  00000002  00000000  RWIX
  INT52                 0000ffe8   00000002  00000002  00000000  RWIX
  INT53                 0000ffea   00000002  00000002  00000000  RWIX
  INT54                 0000ffec   00000002  00000002  00000000  RWIX
  INT55                 0000ffee   00000002  00000002  00000000  RWIX
  INT56                 0000fff0   00000002  00000002  00000000  RWIX
  INT57                 0000fff2   00000002  00000002  00000000  RWIX
  INT58                 0000fff4   00000002  00000002  00000000  RWIX
  INT59                 0000fff6   00000002  00000002  00000000  RWIX
  INT60                 0000fff8   00000002  00000002  00000000  RWIX
  INT61                 0000fffa   00000002  00000002  00000000  RWIX
  INT62                 0000fffc   00000002  00000002  00000000  RWIX
  RESET                 0000fffe   00000002  00000002  00000000  RWIX
  FLASH2                00010000   000143f8  0000807c  0000c37c  RWIX


SECTION ALLOCATION MAP

 output                                  attributes/
section   page    origin      length       input sections
--------  ----  ----------  ----------   ----------------
.bss       0    00002400    00000597     UNINITIALIZED
                  00002400    00000400     image.obj (.bss:g_pulConvertedPalette)
                  00002800    000000a0     (.common:__TI_tmpnams)
                  000028a0    0000002a     (.common:calibrateButton)
                  000028ca    0000002a     (.common:doneButton)
                  000028f4    0000002a     (.common:intervalButton)
                  0000291e    0000001c     (.common:g_sContext)
                  0000293a    00000016     (.common:downButton)
                  00002950    00000016     (.common:upButton)
                  00002966    00000008     (.common:newTime)
                  0000296e    00000008     (.common:parmbuf)
                  00002976    00000008     (.common:time)
                  0000297e    00000006     (.common:g_sTouchContext)
                  00002984    00000006     (.common:str_HR)
                  0000298a    00000006     (.common:str_SBP)
                  00002990    00000004     rts430x_lc_ld_eabi.lib : memory.c.obj (.bss)
                  00002994    00000002     (.common:offset)
                  00002996    00000001     (.common:sleep)

.data      0    00002d98    00000266     UNINITIALIZED
                  00002d98    000000c8     rts430x_lc_ld_eabi.lib : defs.c.obj (.data:_ftable)
                  00002e60    0000007e     LCDdisplay.obj (.data:display_times)
                  00002ede    00000078     rts430x_lc_ld_eabi.lib : host_device.c.obj (.data:_device)
                  00002f56    0000003c                            : host_device.c.obj (.data:_stream)
                  00002f92    00000012     LCDdisplay.obj (.data:hours)
                  00002fa4    00000012     LCDdisplay.obj (.data:minutes)
                  00002fb6    00000010     LCDdisplay.obj (.data)
                  00002fc6    0000000c     LCDdisplay.obj (.data:SBPs)
                  00002fd2    0000000c     LCDdisplay.obj (.data:heart_rates)
                  00002fde    00000008     ucs.obj (.data)
                  00002fe6    00000004     rts430x_lc_ld_eabi.lib : exit_gvars.c.obj (.data:__TI_cleanup_ptr)
                  00002fea    00000004                            : exit_gvars.c.obj (.data:__TI_dtors_ptr)
                  00002fee    00000004                            : _lock.c.obj (.data:_lock)
                  00002ff2    00000004                            : _lock.c.obj (.data:_unlock)
                  00002ff6    00000002                            : defs.c.obj (.data)
                  00002ff8    00000002                            : errno.c.obj (.data)
                  00002ffa    00000002                            : exit.c.obj (.data)
                  00002ffc    00000002                            : memory.c.obj (.data)

.sysmem    0    00002998    00000400     UNINITIALIZED
                  00002998    00000008     rts430x_lc_ld_eabi.lib : memory.c.obj (.sysmem)
                  000029a0    000003f8     --HOLE--

.cio       0    00002ffe    00000120     UNINITIALIZED
                  00002ffe    00000120     rts430x_lc_ld_eabi.lib : trgmsg.c.obj (.cio)

.stack     0    00004360    000000a0     UNINITIALIZED
                  00004360    00000004     rts430x_lc_ld_eabi.lib : boot.c.obj (.stack)
                  00004364    0000009c     --HOLE--

.text:_isr 
*          0    00004400    000000fc     
                  00004400    0000005e     alarm.obj (.text:_isr:RTC_A_ISR)
                  0000445e    00000058     main.obj (.text:_isr:Port_2)
                  000044b6    00000022     alarm.obj (.text:_isr:TIMERB0_ISR)
                  000044d8    0000001c     rts430x_lc_ld_eabi.lib : boot.c.obj (.text:_isr:_c_int00_noargs)
                  000044f4    00000008                            : isr_trap.asm.obj (.text:_isr:__TI_ISR_TRAP)

.cinit     0    000085f2    000000fa     
                  000085f2    000000d8     (.cinit..data.load) [load image, compression = lzss]
                  000086ca    0000000c     (__TI_handler_table)
                  000086d6    00000006     (.cinit..bss.load) [load image, compression = zero_init]
                  000086dc    00000010     (__TI_cinit_table)

.binit     0    00004400    00000000     

.init_array 
*          0    00004400    00000000     UNINITIALIZED

.const     0    000044fc    000040f6     
                  000044fc    000010ff     fontcmss40.obj (.const:.string:g_pucCmss40Data)
                  000055fb    00000001     --HOLE-- [fill = 0]
                  000055fc    00000c4f     fontcmss30.obj (.const:.string:g_pucCmss30Data)
                  0000624b    00000001     --HOLE-- [fill = 0]
                  0000624c    000008c1     fontcmss20.obj (.const:.string:g_pucCmss20Data)
                  00006b0d    00000001     --HOLE-- [fill = 0]
                  00006b0e    00000890     fontcmss20b.obj (.const:.string:g_pucCmss20bData)
                  0000739e    000007e5     fontcmss18.obj (.const:.string:g_pucCmss18Data)
                  00007b83    00000001     --HOLE-- [fill = 0]
                  00007b84    000001c2     down_triangle3.obj (.const:.string:pixel_down_triangle34BPP_UNCOMP)
                  00007d46    000001c2     up_triangle3.obj (.const:.string:pixel_up_triangle34BPP_UNCOMP)
                  00007f08    00000101     rts430x_lc_ld_eabi.lib : ctype.c.obj (.const:.string:_ctypes_)
                  00008009    00000001     --HOLE-- [fill = 0]
                  0000800a    000000c8     fontcmss18.obj (.const:g_sFontCmss18)
                  000080d2    000000c8     fontcmss20.obj (.const:g_sFontCmss20)
                  0000819a    000000c8     fontcmss20b.obj (.const:g_sFontCmss20b)
                  00008262    000000c8     fontcmss30.obj (.const:g_sFontCmss30)
                  0000832a    000000c8     fontcmss40.obj (.const:g_sFontCmss40)
                  000083f2    00000056     LCDdisplay.obj (.const:.string)
                  00008448    00000040     alarm.obj (.const:.string)
                  00008488    00000040     down_triangle3.obj (.const:palette_down_triangle34BPP_UNCOMP)
                  000084c8    00000040     up_triangle3.obj (.const:palette_up_triangle34BPP_UNCOMP)
                  00008508    0000002c     kitronix320x240x16_ssd2119_spi.obj (.const:g_sKitronix320x240x16_SSD2119)
                  00008534    00000026     rts430x_lc_ld_eabi.lib : _printfi.c.obj (.const:.string)
                  0000855a    0000001c     gpio.obj (.const:GPIO_PORT_TO_BASE)
                  00008576    00000018     touch_F5529LP.obj (.const:.string)
                  0000858e    00000010     down_triangle3.obj (.const:down_triangle34BPP_UNCOMP)
                  0000859e    00000010     up_triangle3.obj (.const:up_triangle34BPP_UNCOMP)
                  000085ae    0000000e     HAL_MSP_EXP430F5529LP_KITRONIX320X240_SSD2119_SPI.obj (.const:$P$T0$1)
                  000085bc    0000000e     LCDdisplay.obj (.const:$P$T0$1)
                  000085ca    0000000e     alarm.obj (.const:$P$T1$2)
                  000085d8    0000000e     main.obj (.const:.string)
                  000085e6    00000005     touch_F5529LP.obj (.const:$P$T0$1)
                  000085eb    00000005     touch_F5529LP.obj (.const:$P$T1$2)
                  000085f0    00000002     rts430x_lc_ld_eabi.lib : fputs.c.obj (.const:.string)

RTC        0    0000ffd2    00000002     
                  0000ffd2    00000002     alarm.obj (.int41)

PORT2      0    0000ffd4    00000002     
                  0000ffd4    00000002     main.obj (.int42)

TIMER2_A1 
*          0    0000ffd6    00000002     
                  0000ffd6    00000002     rts430x_lc_ld_eabi.lib : int43.asm.obj (.int43)

TIMER2_A0 
*          0    0000ffd8    00000002     
                  0000ffd8    00000002     rts430x_lc_ld_eabi.lib : int44.asm.obj (.int44)

USCI_B1    0    0000ffda    00000002     
                  0000ffda    00000002     rts430x_lc_ld_eabi.lib : int45.asm.obj (.int45)

USCI_A1    0    0000ffdc    00000002     
                  0000ffdc    00000002     rts430x_lc_ld_eabi.lib : int46.asm.obj (.int46)

PORT1      0    0000ffde    00000002     
                  0000ffde    00000002     rts430x_lc_ld_eabi.lib : int47.asm.obj (.int47)

TIMER1_A1 
*          0    0000ffe0    00000002     
                  0000ffe0    00000002     rts430x_lc_ld_eabi.lib : int48.asm.obj (.int48)

TIMER1_A0 
*          0    0000ffe2    00000002     
                  0000ffe2    00000002     rts430x_lc_ld_eabi.lib : int49.asm.obj (.int49)

DMA        0    0000ffe4    00000002     
                  0000ffe4    00000002     rts430x_lc_ld_eabi.lib : int50.asm.obj (.int50)

USB_UBM    0    0000ffe6    00000002     
                  0000ffe6    00000002     rts430x_lc_ld_eabi.lib : int51.asm.obj (.int51)

TIMER0_A1 
*          0    0000ffe8    00000002     
                  0000ffe8    00000002     rts430x_lc_ld_eabi.lib : int52.asm.obj (.int52)

TIMER0_A0 
*          0    0000ffea    00000002     
                  0000ffea    00000002     rts430x_lc_ld_eabi.lib : int53.asm.obj (.int53)

ADC12      0    0000ffec    00000002     
                  0000ffec    00000002     rts430x_lc_ld_eabi.lib : int54.asm.obj (.int54)

USCI_B0    0    0000ffee    00000002     
                  0000ffee    00000002     rts430x_lc_ld_eabi.lib : int55.asm.obj (.int55)

USCI_A0    0    0000fff0    00000002     
                  0000fff0    00000002     rts430x_lc_ld_eabi.lib : int56.asm.obj (.int56)

WDT        0    0000fff2    00000002     
                  0000fff2    00000002     rts430x_lc_ld_eabi.lib : int57.asm.obj (.int57)

TIMER0_B1 
*          0    0000fff4    00000002     
                  0000fff4    00000002     rts430x_lc_ld_eabi.lib : int58.asm.obj (.int58)

TIMER0_B0 
*          0    0000fff6    00000002     
                  0000fff6    00000002     alarm.obj (.int59)

COMP_B     0    0000fff8    00000002     
                  0000fff8    00000002     rts430x_lc_ld_eabi.lib : int60.asm.obj (.int60)

UNMI       0    0000fffa    00000002     
                  0000fffa    00000002     rts430x_lc_ld_eabi.lib : int61.asm.obj (.int61)

SYSNMI     0    0000fffc    00000002     
                  0000fffc    00000002     rts430x_lc_ld_eabi.lib : int62.asm.obj (.int62)

.reset     0    0000fffe    00000002     
                  0000fffe    00000002     rts430x_lc_ld_eabi.lib : boot.c.obj (.reset)

.TI.bound:touch_calibrationData 
*          0    00001980    0000000c     UNINITIALIZED
                  00001980    0000000c     touch_F5529LP.obj (.TI.bound:touch_calibrationData)

.text      0    00010000    0000807c     
                  00010000    0000072a     rts430x_lc_ld_eabi.lib : addd.c.obj (.text:__mspabi_addd)
                  0001072a    0000067e     string.obj (.text:Graphics_drawString)
                  00010da8    00000468     rts430x_lc_ld_eabi.lib : frcdivd.c.obj (.text:__TI_frcdivd)
                  00011210    0000038c     circle.obj (.text:Graphics_fillCircle)
                  0001159c    0000034e     rts430x_lc_ld_eabi.lib : div64u.c.obj (.text:__mspabi_divull)
                  000118ea    000002de                            : _printfi.c.obj (.text:__TI_printfi:_setfield___TI_printfi)
                  00011bc8    000002ae                            : _printfi.c.obj (.text:__TI_printfi:__TI_printfi)
                  00011e76    00000292                            : mpyd.c.obj (.text:__mspabi_mpyd)
                  00012108    00000268                            : _printfi.c.obj (.text:_pproc_fgea)
                  00012370    00000256     image.obj (.text:Graphics_drawImage)
                  000125c6    00000224     rts430x_lc_ld_eabi.lib : _printfi.c.obj (.text:acvt)
                  000127ea    0000021c                            : divd.c.obj (.text:__mspabi_divd)
                  00012a06    00000206                            : _printfi.c.obj (.text:__TI_printfi:_getarg_diouxp___TI_printfi)
                  00012c0c    000001e8     kitronix320x240x16_ssd2119_spi.obj (.text:Kitronix320x240x16_SSD2119Init)
                  00012df4    000001e6     rts430x_lc_ld_eabi.lib : _printfi.c.obj (.text:ecvt)
                  00012fda    000001c8                            : _printfi.c.obj (.text:fcvt)
                  000131a2    000001c6     LCDdisplay.obj (.text:initializeDemoButtons)
                  00013368    000001c4     LCDdisplay.obj (.text:runLCD)
                  0001352c    000001b6     rts430x_lc_ld_eabi.lib : memory.c.obj (.text:aligned_alloc)
                  000136e2    000001aa                            : _printfi.c.obj (.text:_pconv_e)
                  0001388c    00000170                            : _printfi.c.obj (.text:_pconv_a)
                  000139fc    00000164                            : frcmpyd.c.obj (.text:__TI_frcmpyd)
                  00013b60    0000015e                            : _printfi.c.obj (.text:__TI_printfi:_ltostr___TI_printfi)
                  00013cbe    0000015a                            : fputs.c.obj (.text:fputs)
                  00013e18    0000015a                            : s_scalbn.c.obj (.text:scalbn)
                  00013f72    0000014c                            : memory.c.obj (.text:free)
                  000140be    00000148                            : _printfi.c.obj (.text:__TI_printfi:_pproc_diouxp___TI_printfi)
                  00014206    00000118     touch_F5529LP.obj (.text:touch_calibrate)
                  0001431e    00000102     button.obj (.text:Graphics_drawButton)
                  00014420    00000100     LCDdisplay.obj (.text:drawInterval)
                  00014520    000000fc     rts430x_lc_ld_eabi.lib : _printfi.c.obj (.text:_pconv_g)
                  0001461c    000000fa                            : setvbuf.c.obj (.text:setvbuf)
                  00014716    000000f2     LCDdisplay.obj (.text:drawCalibrate)
                  00014808    000000f2     ucs.obj (.text:privateUCSSourceClockFromDCO)
                  000148fa    000000ea     rts430x_lc_ld_eabi.lib : _printfi.c.obj (.text:__TI_printfi:_pproc_fwp___TI_printfi)
                  000149e4    000000e4     ucs.obj (.text:privateUCSComputeCLKFrequency)
                  00014ac8    000000e2     HAL_MSP_EXP430F5529LP_KITRONIX320X240_SSD2119_SPI.obj (.text:HAL_LCD_initLCD)
                  00014baa    000000e2     ucs.obj (.text:UCS_initFLL)
                  00014c8c    000000dc     touch_F5529LP.obj (.text:touch_updateCurrentTouch)
                  00014d68    000000d8     rts430x_lc_ld_eabi.lib : cmpd.c.obj (.text:__mspabi_cmpd)
                  00014e40    000000d6                            : _printfi.c.obj (.text:__TI_printfi:_pproc_wstr___TI_printfi)
                  00014f16    000000d6     alarm.obj (.text:initAlarm)
                  00014fec    000000cc     pmm.obj (.text:PMM_setVCoreUp)
                  000150b8    000000ca     LCDdisplay.obj (.text:initLCD)
                  00015182    000000c6     kitronix320x240x16_ssd2119_spi.obj (.text:Kitronix320x240x16_SSD2119PixelDrawMultiple)
                  00015248    000000c4     line.obj (.text:Graphics_drawLineH)
                  0001530c    000000c2     rts430x_lc_ld_eabi.lib : memory.c.obj (.text:split)
                  000153ce    000000ba     button.obj (.text:Graphics_drawSelectedButton)
                  00015488    000000b8     rts430x_lc_ld_eabi.lib : fs_mpy.asm.obj (.text)
                  00015540    000000b4                            : _printfi.c.obj (.text:__TI_printfi:_pproc_str___TI_printfi)
                  000155f4    000000b4                            : _printfi.c.obj (.text:_mcpy)
                  000156a8    000000b2     LCDdisplay.obj (.text:runInterval)
                  0001575a    000000b0     LCDdisplay.obj (.text:drawMainMenu)
                  0001580a    000000a6     rts430x_lc_ld_eabi.lib : s_frexp.c.obj (.text:frexp)
                  000158b0    000000a2     imageButton.obj (.text:Graphics_drawImageButton)
                  00015952    000000a2     touch_F5529LP.obj (.text:touch_initInterface)
                  000159f4    0000009e     rts430x_lc_ld_eabi.lib : fltlid.c.obj (.text:__mspabi_fltlid)
                  00015a92    0000009a                            : hostlseek.c.obj (.text:HOSTlseek)
                  00015b2c    00000098     rectangle.obj (.text:Graphics_fillRectangle)
                  00015bc4    00000096     rts430x_lc_ld_eabi.lib : _ltoa.c.obj (.text:__TI_ltoa)
                  00015c5a    00000096     LCDdisplay.obj (.text:calibrate)
                  00015cf0    00000094     pmm.obj (.text:PMM_setVCoreDown)
                  00015d84    00000094     rtc_a.obj (.text:RTC_A_getCalendarTime)
                  00015e18    00000090     string.obj (.text:Graphics_getStringWidth)
                  00015ea8    00000090     rts430x_lc_ld_eabi.lib : _printfi.c.obj (.text:_ecpy)
                  00015f38    00000090                            : fs_div.asm.obj (.text)
                  00015fc8    0000008c     touch_F5529LP.obj (.text:touch_calibrateCircle)
                  00016054    00000086     rts430x_lc_ld_eabi.lib : _io_perm.c.obj (.text:__TI_wrt_ok)
                  000160da    00000080     touch_F5529LP.obj (.text:touch_sampleX)
                  0001615a    00000080     touch_F5529LP.obj (.text:touch_sampleY)
                  000161da    00000078     string.obj (.text:Graphics_drawStringCentered)
                  00016252    00000078     rts430x_lc_ld_eabi.lib : autoinit.c.obj (.text:__TI_auto_init_nobinit_nopinit_hold_wdt:__TI_auto_init_nobinit_nopinit_hold_wdt)
                  000162ca    00000078                            : _printfi.c.obj (.text:_pconv_f)
                  00016342    00000076     timer_a.obj (.text:Timer_A_initUpMode)
                  000163b8    00000076     timer_b.obj (.text:Timer_B_initUpMode)
                  0001642e    00000076     rts430x_lc_ld_eabi.lib : copy_decompress_lzss.c.obj (.text:decompress:lzss:__TI_decompress_lzss)
                  000164a4    00000074                            : hostrename.c.obj (.text:HOSTrename)
                  00016518    00000074                            : fclose.c.obj (.text:__TI_closefile)
                  0001658c    00000074     touch_F5529LP.obj (.text:touch_detectedTouch)
                  00016600    00000070     rts430x_lc_ld_eabi.lib : hostopen.c.obj (.text:HOSTopen)
                  00016670    00000070                            : fseek.c.obj (.text:fseeko)
                  000166e0    00000070     LCDdisplay.obj (.text:updateSBP)
                  00016750    0000006e     alarm.obj (.text:ten_timer)
                  000167be    0000006c     rts430x_lc_ld_eabi.lib : hostwrite.c.obj (.text:HOSTwrite)
                  0001682a    0000006a                            : hostread.c.obj (.text:HOSTread)
                  00016894    0000006a     rtc_a.obj (.text:RTC_A_initCalendar)
                  000168fe    00000066     rts430x_lc_ld_eabi.lib : fixdli.c.obj (.text:__mspabi_fixdli)
                  00016964    00000064     LCDdisplay.obj (.text:updateInterval)
                  000169c8    00000062     rts430x_lc_ld_eabi.lib : atoi.c.obj (.text:atoi)
                  00016a2a    00000062                            : getdevice.c.obj (.text:getdevice)
                  00016a8c    00000060                            : fflush.c.obj (.text:__TI_doflush)
                  00016aec    0000005e     kitronix320x240x16_ssd2119_spi.obj (.text:Kitronix320x240x16_SSD2119RectFill)
                  00016b4a    0000005c     rts430x_lc_ld_eabi.lib : mult64_f5hw.asm.obj (.text:__mpyll)
                  00016ba6    0000005a                            : close.c.obj (.text:close)
                  00016c00    00000058     usci_b_spi.obj (.text:USCI_B_SPI_initMaster)
                  00016c58    00000058     rts430x_lc_ld_eabi.lib : div32u.asm.obj (.text)
                  00016cb0    00000052     adc12_a.obj (.text:ADC12_A_init)
                  00016d02    0000004e     HAL_MSP_EXP430F5529LP_KITRONIX320X240_SSD2119_SPI.obj (.text:HAL_LCD_writeData)
                  00016d50    0000004e     rts430x_lc_ld_eabi.lib : hostclose.c.obj (.text:HOSTclose)
                  00016d9e    0000004e                            : _printfi.c.obj (.text:_fcpy)
                  00016dec    0000004e                            : strncpy.c.obj (.text:strncpy)
                  00016e3a    0000004e     LCDdisplay.obj (.text:updateLCDafterSleep)
                  00016e88    0000004c     HAL_MSP_EXP430F5529LP_KITRONIX320X240_SSD2119_SPI.obj (.text:HAL_LCD_writeCommand)
                  00016ed4    0000004a     pmm.obj (.text:PMM_setVCore)
                  00016f1e    0000004a     rts430x_lc_ld_eabi.lib : exit.c.obj (.text:exit)
                  00016f68    0000004a                            : fs_cmp.asm.obj (.text)
                  00016fb2    00000048     main.obj (.text:main)
                  00016ffa    00000046     rts430x_lc_ld_eabi.lib : hostunlink.c.obj (.text:HOSTunlink)
                  00017040    00000046     kitronix320x240x16_ssd2119_spi.obj (.text:Kitronix320x240x16_SSD2119PixelDraw)
                  00017086    00000046     kitronix320x240x16_ssd2119_spi.obj (.text:Kitronix320x240x16_SSD2119_setCursorLtoR)
                  000170cc    00000046     kitronix320x240x16_ssd2119_spi.obj (.text:Kitronix320x240x16_SSD2119_setCursorTtoB)
                  00017112    00000046     rtc_a.obj (.text:RTC_A_configureCalendarAlarm)
                  00017158    00000046     rts430x_lc_ld_eabi.lib : memory.c.obj (.text:free_list_insert)
                  0001719e    00000046                            : fs_tou.asm.obj (.text)
                  000171e4    00000044                            : sprintf.c.obj (.text:sprintf)
                  00017228    00000042     kitronix320x240x16_ssd2119_spi.obj (.text:Kitronix320x240x16_SSD2119ColorTranslate)
                  0001726a    00000040     rts430x_lc_ld_eabi.lib : asr64.c.obj (.text:__mspabi_srall)
                  000172aa    00000040                            : div32s.asm.obj (.text)
                  000172ea    00000040     alarm.obj (.text:setAlarm)
                  0001732a    0000003e     gpio.obj (.text:GPIO_setAsInputPinWithPullUpResistor)
                  00017368    0000003e     rts430x_lc_ld_eabi.lib : asr32.asm.obj (.text:l_asr_const)
                  000173a6    0000003e                            : lsl32.asm.obj (.text:l_lsl_const)
                  000173e4    0000003e                            : lsr32.asm.obj (.text:l_lsr_const)
                  00017422    0000003e                            : lseek.c.obj (.text:lseek)
                  00017460    0000003c     context.obj (.text:Graphics_initContext)
                  0001749c    0000003c     rts430x_lc_ld_eabi.lib : memcpy.c.obj (.text:memcpy)
                  000174d8    0000003c                            : write.c.obj (.text:write)
                  00017514    0000003a                            : lsl64.c.obj (.text:__mspabi_sllll)
                  0001754e    0000003a                            : lsr64.c.obj (.text:__mspabi_srlll)
                  00017588    00000038     ucs.obj (.text:UCS_turnOnLFXT1)
                  000175c0    00000036     display.obj (.text:Graphics_drawMultiplePixelsOnDisplay)
                  000175f6    00000036     imageButton.obj (.text:Graphics_isImageButtonSelected)
                  0001762c    00000036     rts430x_lc_ld_eabi.lib : fopen.c.obj (.text:__TI_cleanup)
                  00017662    00000036                            : trgmsg.c.obj (.text:__TI_writemsg)
                  00017698    00000036                            : getdevice.c.obj (.text:finddevice)
                  000176ce    00000034     flashctl.obj (.text:FlashCtl_write32)
                  00017702    00000034     gpio.obj (.text:GPIO_setAsInputPin)
                  00017736    00000034     kitronix320x240x16_ssd2119_spi.obj (.text:Kitronix320x240x16_SSD2119LineDrawH)
                  0001776a    00000034     kitronix320x240x16_ssd2119_spi.obj (.text:Kitronix320x240x16_SSD2119LineDrawV)
                  0001779e    00000034     rtc_a.obj (.text:RTC_A_clearInterrupt)
                  000177d2    00000034     rts430x_lc_ld_eabi.lib : memccpy.c.obj (.text:memccpy)
                  00017806    00000032     ucs.obj (.text:UCS_initFLLSettle)
                  00017838    00000032     rts430x_lc_ld_eabi.lib : trgmsg.c.obj (.text:__TI_readmsg)
                  0001786a    00000032                            : subd.c.obj (.text:__mspabi_subd)
                  0001789c    00000030                            : unlink.c.obj (.text:unlink)
                  000178cc    0000002e     gpio.obj (.text:GPIO_selectInterruptEdge)
                  000178fa    0000002e     string.obj (.text:Graphics_getNumberOfLeadingZeros)
                  00017928    0000002e     rts430x_lc_ld_eabi.lib : negd.c.obj (.text:__mspabi_negd)
                  00017956    0000002e                            : s_copysign.c.obj (.text:copysign)
                  00017984    0000002c     adc12_a.obj (.text:ADC12_A_startConversion)
                  000179b0    0000002c     rtc_a.obj (.text:RTC_A_enableInterrupt)
                  000179dc    0000002c     rts430x_lc_ld_eabi.lib : mult3264_f5hw.asm.obj (.text:__mpyull)
                  00017a08    0000002c                            : div16s.asm.obj (.text)
                  00017a34    0000002a                            : memory.c.obj (.text:free_list_remove)
                  00017a5e    00000028     gpio.obj (.text:GPIO_setAsOutputPin)
                  00017a86    00000028     gpio.obj (.text:GPIO_setAsPeripheralModuleFunctionInputPin)
                  00017aae    00000028     gpio.obj (.text:GPIO_setAsPeripheralModuleFunctionOutputPin)
                  00017ad6    00000028     rts430x_lc_ld_eabi.lib : fixdi.c.obj (.text:__mspabi_fixdi)
                  00017afe    00000028                            : sprintf.c.obj (.text:_outs)
                  00017b26    00000028                            : wcslen.c.obj (.text:wcslen)
                  00017b4e    00000026     kitronix320x240x16_ssd2119_spi.obj (.text:Kitronix320x240x16_SSD2119ClearScreen)
                  00017b74    00000024     flashctl.obj (.text:FlashCtl_eraseSegment)
                  00017b98    00000024     rts430x_lc_ld_eabi.lib : copy_zero_init.c.obj (.text:decompress:ZI:__TI_zero_init)
                  00017bbc    00000024                            : fs_utof.asm.obj (.text)
                  00017be0    00000024                            : mult32_f5hw.asm.obj (.text)
                  00017c04    00000022     flashctl.obj (.text:FlashCtl_lockInfoA)
                  00017c26    00000020     adc12_a.obj (.text:ADC12_A_configureMemory)
                  00017c46    00000020     adc12_a.obj (.text:ADC12_A_setupSamplingTimer)
                  00017c66    00000020     rts430x_lc_ld_eabi.lib : memchr.c.obj (.text:memchr)
                  00017c86    00000020                            : memset.c.obj (.text:memset)
                  00017ca6    00000020                            : fputs.c.obj (.text:puts)
                  00017cc6    0000001e     flashctl.obj (.text:FlashCtl_unlockInfoA)
                  00017ce4    0000001e     gpio.obj (.text:GPIO_clearInterrupt)
                  00017d02    0000001e     gpio.obj (.text:GPIO_enableInterrupt)
                  00017d20    0000001e     button.obj (.text:Graphics_isButtonSelected)
                  00017d3e    0000001c     gpio.obj (.text:GPIO_getInputPinValue)
                  00017d5a    0000001c     gpio.obj (.text:GPIO_setOutputHighOnPin)
                  00017d76    0000001c     gpio.obj (.text:GPIO_setOutputLowOnPin)
                  00017d92    0000001c     rts430x_lc_ld_eabi.lib : strchr.c.obj (.text:strchr)
                  00017dae    0000001c                            : strcmp.c.obj (.text:strcmp)
                  00017dca    0000001a     wdt_a.obj (.text:WDT_A_hold)
                  00017de4    00000018     display.obj (.text:Graphics_drawHorizontalLineOnDisplay)
                  00017dfc    00000018     context.obj (.text:Graphics_setBackgroundColor)
                  00017e14    00000018     context.obj (.text:Graphics_setForegroundColor)
                  00017e2c    00000018     HAL_MSP_EXP430F5529LP_KITRONIX320X240_SSD2119_SPI.obj (.text:HAL_LCD_delay30ms)
                  00017e44    00000018     ucs.obj (.text:UCS_getSMCLK)
                  00017e5c    00000018     rts430x_lc_ld_eabi.lib : mult16_f5hw.asm.obj (.text)
                  00017e74    00000016     HAL_MSP_EXP430F5529LP_KITRONIX320X240_SSD2119_SPI.obj (.text:HAL_LCD_deselectLCD)
                  00017e8a    00000016     HAL_MSP_EXP430F5529LP_KITRONIX320X240_SSD2119_SPI.obj (.text:HAL_LCD_selectLCD)
                  00017ea0    00000016     rts430x_lc_ld_eabi.lib : copy_decompress_none.c.obj (.text:decompress:none:__TI_decompress_none)
                  00017eb6    00000016                            : memory.c.obj (.text:heap_start)
                  00017ecc    00000016                            : div16u.asm.obj (.text)
                  00017ee2    00000014                            : sprintf.c.obj (.text:_outc)
                  00017ef6    00000012     ucs.obj (.text:UCS_setExternalClockSource)
                  00017f08    00000012     rts430x_lc_ld_eabi.lib : strcpy.c.obj (.text:strcpy)
                  00017f1a    00000012                            : strlen.c.obj (.text:strlen)
                  00017f2c    00000012                            : toupper.c.obj (.text:toupper)
                  00017f3e    00000010     adc12_a.obj (.text:ADC12_A_getResults)
                  00017f4e    00000010     rts430x_lc_ld_eabi.lib : lsr32.asm.obj (.text:l_lsr)
                  00017f5e    0000000e     context.obj (.text:Graphics_clearDisplay)
                  00017f6c    0000000e     rtc_a.obj (.text:RTC_A_setCalendarEvent)
                  00017f7a    0000000c     adc12_a.obj (.text:ADC12_A_clearInterrupt)
                  00017f86    0000000c     display.obj (.text:Graphics_clearDisplayOnDisplay)
                  00017f92    0000000c     display.obj (.text:Graphics_drawPixelOnDisplay)
                  00017f9e    0000000c     display.obj (.text:Graphics_fillRectangleOnDisplay)
                  00017faa    0000000c     display.obj (.text:Graphics_translateColorOnDisplay)
                  00017fb6    0000000c     rtc_a.obj (.text:RTC_A_startClock)
                  00017fc2    0000000c     usci_b_spi.obj (.text:USCI_B_SPI_clearInterrupt)
                  00017fce    0000000c     usci_b_spi.obj (.text:USCI_B_SPI_isBusy)
                  00017fda    0000000c     rts430x_lc_ld_eabi.lib : fltid.c.obj (.text:__mspabi_fltid)
                  00017fe6    0000000c     system_pre_init.obj (.text:_system_pre_init)
                  00017ff2    0000000c     rts430x_lc_ld_eabi.lib : memory.c.obj (.text:malloc)
                  00017ffe    0000000a     adc12_a.obj (.text:ADC12_A_getInterruptStatus)
                  00018008    0000000a     usci_b_spi.obj (.text:USCI_B_SPI_getInterruptStatus)
                  00018012    0000000a     usci_b_spi.obj (.text:USCI_B_SPI_transmitData)
                  0001801c    0000000a     rts430x_lc_ld_eabi.lib : abs.c.obj (.text:abs)
                  00018026    0000000a                            : lsl16.asm.obj (.text)
                  00018030    0000000a                            : lsr16.asm.obj (.text)
                  0001803a    00000008     adc12_a.obj (.text:ADC12_A_enable)
                  00018042    00000008     timer_b.obj (.text:Timer_B_stop)
                  0001804a    00000008     LCDdisplay.obj (.text:clearLCD)
                  00018052    00000006     context.obj (.text:Graphics_setFont)
                  00018058    00000006     sfr.obj (.text:SFR_enableInterrupt)
                  0001805e    00000006     timer_b.obj (.text:Timer_B_clearTimerInterrupt)
                  00018064    00000006     usci_b_spi.obj (.text:USCI_B_SPI_enable)
                  0001806a    00000006     rts430x_lc_ld_eabi.lib : exit.c.obj (.text:abort)
                  00018070    00000006     alarm.obj (.text:getTime)
                  00018076    00000002     kitronix320x240x16_ssd2119_spi.obj (.text:Kitronix320x240x16_SSD2119Flush)
                  00018078    00000002     rts430x_lc_ld_eabi.lib : _lock.c.obj (.text:_nop)
                  0001807a    00000002                            : startup.c.obj (.text:_system_post_cinit)

MODULE SUMMARY

       Module                                                  code    ro data   rw data
       ------                                                  ----    -------   -------
    ./
       LCDdisplay.obj                                          2408    100       420    
       touch_F5529LP.obj                                       1174    34        12     
       alarm.obj                                               522     82        17     
       main.obj                                                160     16        0      
       system_pre_init.obj                                     12      0         0      
    +--+-------------------------------------------------------+-------+---------+---------+
       Total:                                                  4276    232       449    
                                                                                        
    ./GrLib/fonts/
       fontcmss40.obj                                          0       4551      0      
       fontcmss30.obj                                          0       3351      0      
       fontcmss20.obj                                          0       2441      0      
       fontcmss20b.obj                                         0       2392      0      
       fontcmss18.obj                                          0       2221      0      
    +--+-------------------------------------------------------+-------+---------+---------+
       Total:                                                  0       14956     0      
                                                                                        
    ./GrLib/grlib/
       string.obj                                              1972    0         0      
       image.obj                                               598     0         1024   
       circle.obj                                              908     0         0      
       button.obj                                              474     0         0      
       imageButton.obj                                         216     0         0      
       line.obj                                                196     0         0      
       rectangle.obj                                           152     0         0      
       context.obj                                             128     0         0      
       display.obj                                             126     0         0      
    +--+-------------------------------------------------------+-------+---------+---------+
       Total:                                                  4770    0         1024   
                                                                                        
    ./LcdDriver/
       kitronix320x240x16_ssd2119_spi.obj                      1200    44        0      
       HAL_MSP_EXP430F5529LP_KITRONIX320X240_SSD2119_SPI.obj   448     14        0      
    +--+-------------------------------------------------------+-------+---------+---------+
       Total:                                                  1648    58        0      
                                                                                        
    ./driverlib/MSP430F5xx_6xx/
       ucs.obj                                                 844     0         8      
       gpio.obj                                                424     28        0      
       rtc_a.obj                                               446     0         0      
       pmm.obj                                                 426     0         0      
       adc12_a.obj                                             236     0         0      
       flashctl.obj                                            152     0         0      
       usci_b_spi.obj                                          138     0         0      
       timer_b.obj                                             132     0         0      
       timer_a.obj                                             118     0         0      
       wdt_a.obj                                               26      0         0      
       sfr.obj                                                 6       0         0      
    +--+-------------------------------------------------------+-------+---------+---------+
       Total:                                                  2948    28        8      
                                                                                        
    ./images/
       down_triangle3.obj                                      0       530       0      
       up_triangle3.obj                                        0       530       0      
    +--+-------------------------------------------------------+-------+---------+---------+
       Total:                                                  0       1060      0      
                                                                                        
    /Applications/ti/ccs1220/ccs/tools/compiler/ti-cgt-msp430_21.6.1.LTS/lib/rts430x_lc_ld_eabi.lib
       _printfi.c.obj                                          6918    38        0      
       addd.c.obj                                              1834    0         0      
       frcdivd.c.obj                                           1128    0         0      
       memory.c.obj                                            1110    0         6      
       div64u.c.obj                                            846     0         0      
       mpyd.c.obj                                              658     0         0      
       divd.c.obj                                              540     0         0      
       trgmsg.c.obj                                            104     0         288    
       fputs.c.obj                                             378     2         0      
       defs.c.obj                                              0       0         362    
       frcmpyd.c.obj                                           356     0         0      
       s_scalbn.c.obj                                          346     0         0      
       ctype.c.obj                                             0       257       0      
       setvbuf.c.obj                                           250     0         0      
       cmpd.c.obj                                              216     0         0      
       fs_mpy.asm.obj                                          184     0         0      
       host_device.c.obj                                       0       0         180    
       s_frexp.c.obj                                           166     0         0      
       fltlid.c.obj                                            158     0         0      
       hostlseek.c.obj                                         154     0         0      
       getdevice.c.obj                                         152     0         0      
       _ltoa.c.obj                                             150     0         0      
       fs_div.asm.obj                                          144     0         0      
       _io_perm.c.obj                                          134     0         0      
       sprintf.c.obj                                           128     0         0      
       autoinit.c.obj                                          120     0         0      
       hostopen.c.obj                                          112     0         8      
       copy_decompress_lzss.c.obj                              118     0         0      
       fclose.c.obj                                            116     0         0      
       hostrename.c.obj                                        116     0         0      
       fseek.c.obj                                             112     0         0      
       hostwrite.c.obj                                         108     0         0      
       hostread.c.obj                                          106     0         0      
       fixdli.c.obj                                            102     0         0      
       atoi.c.obj                                              98      0         0      
       fflush.c.obj                                            96      0         0      
       mult64_f5hw.asm.obj                                     92      0         0      
       close.c.obj                                             90      0         0      
       div32u.asm.obj                                          88      0         0      
       exit.c.obj                                              80      0         2      
       hostclose.c.obj                                         78      0         0      
       lsr32.asm.obj                                           78      0         0      
       strncpy.c.obj                                           78      0         0      
       fs_cmp.asm.obj                                          74      0         0      
       fs_tou.asm.obj                                          70      0         0      
       hostunlink.c.obj                                        70      0         0      
       asr64.c.obj                                             64      0         0      
       div32s.asm.obj                                          64      0         0      
       asr32.asm.obj                                           62      0         0      
       lseek.c.obj                                             62      0         0      
       lsl32.asm.obj                                           62      0         0      
       memcpy.c.obj                                            60      0         0      
       write.c.obj                                             60      0         0      
       lsl64.c.obj                                             58      0         0      
       lsr64.c.obj                                             58      0         0      
       fopen.c.obj                                             54      0         0      
       memccpy.c.obj                                           52      0         0      
       subd.c.obj                                              50      0         0      
       unlink.c.obj                                            48      0         0      
       negd.c.obj                                              46      0         0      
       s_copysign.c.obj                                        46      0         0      
       div16s.asm.obj                                          44      0         0      
       mult3264_f5hw.asm.obj                                   44      0         0      
       fixdi.c.obj                                             40      0         0      
       wcslen.c.obj                                            40      0         0      
       copy_zero_init.c.obj                                    36      0         0      
       fs_utof.asm.obj                                         36      0         0      
       mult32_f5hw.asm.obj                                     36      0         0      
       memchr.c.obj                                            32      0         0      
       memset.c.obj                                            32      0         0      
       boot.c.obj                                              28      2         0      
       strchr.c.obj                                            28      0         0      
       strcmp.c.obj                                            28      0         0      
       mult16_f5hw.asm.obj                                     24      0         0      
       copy_decompress_none.c.obj                              22      0         0      
       div16u.asm.obj                                          22      0         0      
       strcpy.c.obj                                            18      0         0      
       strlen.c.obj                                            18      0         0      
       toupper.c.obj                                           18      0         0      
       fltid.c.obj                                             12      0         0      
       _lock.c.obj                                             2       0         8      
       abs.c.obj                                               10      0         0      
       lsl16.asm.obj                                           10      0         0      
       lsr16.asm.obj                                           10      0         0      
       exit_gvars.c.obj                                        0       0         8      
       isr_trap.asm.obj                                        8       0         0      
       errno.c.obj                                             0       0         2      
       int43.asm.obj                                           0       2         0      
       int44.asm.obj                                           0       2         0      
       int45.asm.obj                                           0       2         0      
       int46.asm.obj                                           0       2         0      
       int47.asm.obj                                           0       2         0      
       int48.asm.obj                                           0       2         0      
       int49.asm.obj                                           0       2         0      
       int50.asm.obj                                           0       2         0      
       int51.asm.obj                                           0       2         0      
       int52.asm.obj                                           0       2         0      
       int53.asm.obj                                           0       2         0      
       int54.asm.obj                                           0       2         0      
       int55.asm.obj                                           0       2         0      
       int56.asm.obj                                           0       2         0      
       int57.asm.obj                                           0       2         0      
       int58.asm.obj                                           0       2         0      
       int60.asm.obj                                           0       2         0      
       int61.asm.obj                                           0       2         0      
       int62.asm.obj                                           0       2         0      
       startup.c.obj                                           2       0         0      
    +--+-------------------------------------------------------+-------+---------+---------+
       Total:                                                  19502   337       864    
                                                                                        
       Heap:                                                   0       0         1024   
       Stack:                                                  0       0         160    
       Linker Generated:                                       0       250       0      
    +--+-------------------------------------------------------+-------+---------+---------+
       Grand Total:                                            33144   16921     3529   


LINKER GENERATED COPY TABLES

__TI_cinit_table @ 000086dc records: 2, size/record: 8, table size: 16
	.data: load addr=000085f2, load size=000000d8 bytes, run addr=00002d98, run size=00000266 bytes, compression=lzss
	.bss: load addr=000086d6, load size=00000006 bytes, run addr=00002400, run size=00000597 bytes, compression=zero_init


LINKER GENERATED HANDLER TABLE

__TI_handler_table @ 000086ca records: 3, size/record: 4, table size: 12
	index: 0, handler: __TI_zero_init
	index: 1, handler: __TI_decompress_lzss
	index: 2, handler: __TI_decompress_none


GLOBAL SYMBOLS: SORTED ALPHABETICALLY BY Name 

address   name                                       
-------   ----                                       
00000700  ADC12CTL0                                  
00000701  ADC12CTL0_H                                
00000700  ADC12CTL0_L                                
00000702  ADC12CTL1                                  
00000703  ADC12CTL1_H                                
00000702  ADC12CTL1_L                                
00000704  ADC12CTL2                                  
00000705  ADC12CTL2_H                                
00000704  ADC12CTL2_L                                
0000070c  ADC12IE                                    
0000070d  ADC12IE_H                                  
0000070c  ADC12IE_L                                  
0000070a  ADC12IFG                                   
0000070b  ADC12IFG_H                                 
0000070a  ADC12IFG_L                                 
0000070e  ADC12IV                                    
0000070f  ADC12IV_H                                  
0000070e  ADC12IV_L                                  
00000710  ADC12MCTL0                                 
00000711  ADC12MCTL1                                 
0000071a  ADC12MCTL10                                
0000071b  ADC12MCTL11                                
0000071c  ADC12MCTL12                                
0000071d  ADC12MCTL13                                
0000071e  ADC12MCTL14                                
0000071f  ADC12MCTL15                                
00000712  ADC12MCTL2                                 
00000713  ADC12MCTL3                                 
00000714  ADC12MCTL4                                 
00000715  ADC12MCTL5                                 
00000716  ADC12MCTL6                                 
00000717  ADC12MCTL7                                 
00000718  ADC12MCTL8                                 
00000719  ADC12MCTL9                                 
00000720  ADC12MEM0                                  
00000721  ADC12MEM0_H                                
00000720  ADC12MEM0_L                                
00000722  ADC12MEM1                                  
00000734  ADC12MEM10                                 
00000735  ADC12MEM10_H                               
00000734  ADC12MEM10_L                               
00000736  ADC12MEM11                                 
00000737  ADC12MEM11_H                               
00000736  ADC12MEM11_L                               
00000738  ADC12MEM12                                 
00000739  ADC12MEM12_H                               
00000738  ADC12MEM12_L                               
0000073a  ADC12MEM13                                 
0000073b  ADC12MEM13_H                               
0000073a  ADC12MEM13_L                               
0000073c  ADC12MEM14                                 
0000073d  ADC12MEM14_H                               
0000073c  ADC12MEM14_L                               
0000073e  ADC12MEM15                                 
0000073f  ADC12MEM15_H                               
0000073e  ADC12MEM15_L                               
00000723  ADC12MEM1_H                                
00000722  ADC12MEM1_L                                
00000724  ADC12MEM2                                  
00000725  ADC12MEM2_H                                
00000724  ADC12MEM2_L                                
00000726  ADC12MEM3                                  
00000727  ADC12MEM3_H                                
00000726  ADC12MEM3_L                                
00000728  ADC12MEM4                                  
00000729  ADC12MEM4_H                                
00000728  ADC12MEM4_L                                
0000072a  ADC12MEM5                                  
0000072b  ADC12MEM5_H                                
0000072a  ADC12MEM5_L                                
0000072c  ADC12MEM6                                  
0000072d  ADC12MEM6_H                                
0000072c  ADC12MEM6_L                                
0000072e  ADC12MEM7                                  
0000072f  ADC12MEM7_H                                
0000072e  ADC12MEM7_L                                
00000730  ADC12MEM8                                  
00000731  ADC12MEM8_H                                
00000730  ADC12MEM8_L                                
00000732  ADC12MEM9                                  
00000733  ADC12MEM9_H                                
00000732  ADC12MEM9_L                                
00017f7a  ADC12_A_clearInterrupt                     
00017c26  ADC12_A_configureMemory                    
0001803a  ADC12_A_enable                             
00017ffe  ADC12_A_getInterruptStatus                 
00017f3e  ADC12_A_getResults                         
00016cb0  ADC12_A_init                               
00017c46  ADC12_A_setupSamplingTimer                 
00017984  ADC12_A_startConversion                    
0001806a  C$$EXIT                                    
00017694  C$$IO$$                                    
000008c0  CBCTL0                                     
000008c1  CBCTL0_H                                   
000008c0  CBCTL0_L                                   
000008c2  CBCTL1                                     
000008c3  CBCTL1_H                                   
000008c2  CBCTL1_L                                   
000008c4  CBCTL2                                     
000008c5  CBCTL2_H                                   
000008c4  CBCTL2_L                                   
000008c6  CBCTL3                                     
000008c7  CBCTL3_H                                   
000008c6  CBCTL3_L                                   
000008cc  CBINT                                      
000008cd  CBINT_H                                    
000008cc  CBINT_L                                    
000008ce  CBIV                                       
00000150  CRCDI                                      
00000152  CRCDIRB                                    
00000153  CRCDIRB_H                                  
00000152  CRCDIRB_L                                  
00000151  CRCDI_H                                    
00000150  CRCDI_L                                    
00000154  CRCINIRES                                  
00000155  CRCINIRES_H                                
00000154  CRCINIRES_L                                
00000156  CRCRESR                                    
00000157  CRCRESR_H                                  
00000156  CRCRESR_L                                  
00000510  DMA0CTL                                    
00000516  DMA0DA                                     
00000518  DMA0DAH                                    
00000516  DMA0DAL                                    
00000512  DMA0SA                                     
00000514  DMA0SAH                                    
00000512  DMA0SAL                                    
0000051a  DMA0SZ                                     
00000520  DMA1CTL                                    
00000526  DMA1DA                                     
00000528  DMA1DAH                                    
00000526  DMA1DAL                                    
00000522  DMA1SA                                     
00000524  DMA1SAH                                    
00000522  DMA1SAL                                    
0000052a  DMA1SZ                                     
00000530  DMA2CTL                                    
00000536  DMA2DA                                     
00000538  DMA2DAH                                    
00000536  DMA2DAL                                    
00000532  DMA2SA                                     
00000534  DMA2SAH                                    
00000532  DMA2SAL                                    
0000053a  DMA2SZ                                     
00000500  DMACTL0                                    
00000502  DMACTL1                                    
00000504  DMACTL2                                    
00000506  DMACTL3                                    
00000508  DMACTL4                                    
0000050e  DMAIV                                      
00000140  FCTL1                                      
00000141  FCTL1_H                                    
00000140  FCTL1_L                                    
00000144  FCTL3                                      
00000145  FCTL3_H                                    
00000144  FCTL3_L                                    
00000146  FCTL4                                      
00000147  FCTL4_H                                    
00000146  FCTL4_L                                    
00017b74  FlashCtl_eraseSegment                      
00017c04  FlashCtl_lockInfoA                         
00017cc6  FlashCtl_unlockInfoA                       
000176ce  FlashCtl_write32                           
00017ce4  GPIO_clearInterrupt                        
00017d02  GPIO_enableInterrupt                       
00017d3e  GPIO_getInputPinValue                      
000178cc  GPIO_selectInterruptEdge                   
00017702  GPIO_setAsInputPin                         
0001732a  GPIO_setAsInputPinWithPullUpResistor       
00017a5e  GPIO_setAsOutputPin                        
00017a86  GPIO_setAsPeripheralModuleFunctionInputPin 
00017aae  GPIO_setAsPeripheralModuleFunctionOutputPin
00017d5a  GPIO_setOutputHighOnPin                    
00017d76  GPIO_setOutputLowOnPin                     
00017f5e  Graphics_clearDisplay                      
00017f86  Graphics_clearDisplayOnDisplay             
0001431e  Graphics_drawButton                        
00017de4  Graphics_drawHorizontalLineOnDisplay       
00012370  Graphics_drawImage                         
000158b0  Graphics_drawImageButton                   
00015248  Graphics_drawLineH                         
000175c0  Graphics_drawMultiplePixelsOnDisplay       
00017f92  Graphics_drawPixelOnDisplay                
000153ce  Graphics_drawSelectedButton                
0001072a  Graphics_drawString                        
000161da  Graphics_drawStringCentered                
00011210  Graphics_fillCircle                        
00015b2c  Graphics_fillRectangle                     
00017f9e  Graphics_fillRectangleOnDisplay            
00015e18  Graphics_getStringWidth                    
00017460  Graphics_initContext                       
00017d20  Graphics_isButtonSelected                  
000175f6  Graphics_isImageButtonSelected             
00017dfc  Graphics_setBackgroundColor                
00018052  Graphics_setFont                           
00017e14  Graphics_setForegroundColor                
00017faa  Graphics_translateColorOnDisplay           
00017e2c  HAL_LCD_delay30ms                          
00017e74  HAL_LCD_deselectLCD                        
00014ac8  HAL_LCD_initLCD                            
00017e8a  HAL_LCD_selectLCD                          
00016e88  HAL_LCD_writeCommand                       
00016d02  HAL_LCD_writeData                          
00016d50  HOSTclose                                  
00015a92  HOSTlseek                                  
00016600  HOSTopen                                   
0001682a  HOSTread                                   
000164a4  HOSTrename                                 
00016ffa  HOSTunlink                                 
000167be  HOSTwrite                                  
00002fba  HR                                         
00012c0c  Kitronix320x240x16_SSD2119Init             
00017086  Kitronix320x240x16_SSD2119_setCursorLtoR   
000170cc  Kitronix320x240x16_SSD2119_setCursorTtoB   
000004c4  MAC                                        
000004da  MAC32H                                     
000004db  MAC32H_H                                   
000004da  MAC32H_L                                   
000004d8  MAC32L                                     
000004d9  MAC32L_H                                   
000004d8  MAC32L_L                                   
000004c6  MACS                                       
000004de  MACS32H                                    
000004df  MACS32H_H                                  
000004de  MACS32H_L                                  
000004dc  MACS32L                                    
000004dd  MACS32L_H                                  
000004dc  MACS32L_L                                  
000004c7  MACS_H                                     
000004c6  MACS_L                                     
000004c5  MAC_H                                      
000004c4  MAC_L                                      
000004c0  MPY                                        
000004ec  MPY32CTL0                                  
000004ed  MPY32CTL0_H                                
000004ec  MPY32CTL0_L                                
000004d2  MPY32H                                     
000004d3  MPY32H_H                                   
000004d2  MPY32H_L                                   
000004d0  MPY32L                                     
000004d1  MPY32L_H                                   
000004d0  MPY32L_L                                   
000004c2  MPYS                                       
000004d6  MPYS32H                                    
000004d7  MPYS32H_H                                  
000004d6  MPYS32H_L                                  
000004d4  MPYS32L                                    
000004d5  MPYS32L_H                                  
000004d4  MPYS32L_L                                  
000004c3  MPYS_H                                     
000004c2  MPYS_L                                     
000004c1  MPY_H                                      
000004c0  MPY_L                                      
000004c8  OP2                                        
000004e2  OP2H                                       
000004e3  OP2H_H                                     
000004e2  OP2H_L                                     
000004e0  OP2L                                       
000004e1  OP2L_H                                     
000004e0  OP2L_L                                     
000004c9  OP2_H                                      
000004c8  OP2_L                                      
0000020e  P1IV                                       
0000021e  P2IV                                       
000001e0  P4MAP01                                    
000001e1  P4MAP01_H                                  
000001e0  P4MAP01_L                                  
000001e2  P4MAP23                                    
000001e3  P4MAP23_H                                  
000001e2  P4MAP23_L                                  
000001e4  P4MAP45                                    
000001e5  P4MAP45_H                                  
000001e4  P4MAP45_L                                  
000001e6  P4MAP67                                    
000001e7  P4MAP67_H                                  
000001e6  P4MAP67_L                                  
00000204  PADIR                                      
00000205  PADIR_H                                    
00000204  PADIR_L                                    
00000208  PADS                                       
00000209  PADS_H                                     
00000208  PADS_L                                     
0000021a  PAIE                                       
00000218  PAIES                                      
00000219  PAIES_H                                    
00000218  PAIES_L                                    
0000021b  PAIE_H                                     
0000021a  PAIE_L                                     
0000021c  PAIFG                                      
0000021d  PAIFG_H                                    
0000021c  PAIFG_L                                    
00000200  PAIN                                       
00000201  PAIN_H                                     
00000200  PAIN_L                                     
00000202  PAOUT                                      
00000203  PAOUT_H                                    
00000202  PAOUT_L                                    
00000206  PAREN                                      
00000207  PAREN_H                                    
00000206  PAREN_L                                    
0000020a  PASEL                                      
0000020b  PASEL_H                                    
0000020a  PASEL_L                                    
00000224  PBDIR                                      
00000225  PBDIR_H                                    
00000224  PBDIR_L                                    
00000228  PBDS                                       
00000229  PBDS_H                                     
00000228  PBDS_L                                     
00000220  PBIN                                       
00000221  PBIN_H                                     
00000220  PBIN_L                                     
00000222  PBOUT                                      
00000223  PBOUT_H                                    
00000222  PBOUT_L                                    
00000226  PBREN                                      
00000227  PBREN_H                                    
00000226  PBREN_L                                    
0000022a  PBSEL                                      
0000022b  PBSEL_H                                    
0000022a  PBSEL_L                                    
00000244  PCDIR                                      
00000245  PCDIR_H                                    
00000244  PCDIR_L                                    
00000248  PCDS                                       
00000249  PCDS_H                                     
00000248  PCDS_L                                     
00000240  PCIN                                       
00000241  PCIN_H                                     
00000240  PCIN_L                                     
00000242  PCOUT                                      
00000243  PCOUT_H                                    
00000242  PCOUT_L                                    
00000246  PCREN                                      
00000247  PCREN_H                                    
00000246  PCREN_L                                    
0000024a  PCSEL                                      
0000024b  PCSEL_H                                    
0000024a  PCSEL_L                                    
00000264  PDDIR                                      
00000265  PDDIR_H                                    
00000264  PDDIR_L                                    
00000268  PDDS                                       
00000269  PDDS_H                                     
00000268  PDDS_L                                     
00000260  PDIN                                       
00000261  PDIN_H                                     
00000260  PDIN_L                                     
00000262  PDOUT                                      
00000263  PDOUT_H                                    
00000262  PDOUT_L                                    
00000266  PDREN                                      
00000267  PDREN_H                                    
00000266  PDREN_L                                    
0000026a  PDSEL                                      
0000026b  PDSEL_H                                    
0000026a  PDSEL_L                                    
00000324  PJDIR                                      
00000325  PJDIR_H                                    
00000324  PJDIR_L                                    
00000328  PJDS                                       
00000329  PJDS_H                                     
00000328  PJDS_L                                     
00000320  PJIN                                       
00000321  PJIN_H                                     
00000320  PJIN_L                                     
00000322  PJOUT                                      
00000323  PJOUT_H                                    
00000322  PJOUT_L                                    
00000326  PJREN                                      
00000327  PJREN_H                                    
00000326  PJREN_L                                    
00000130  PM5CTL0                                    
00000131  PM5CTL0_H                                  
00000130  PM5CTL0_L                                  
000001c2  PMAPCTL                                    
000001c3  PMAPCTL_H                                  
000001c2  PMAPCTL_L                                  
000001c0  PMAPKEYID                                  
000001c1  PMAPKEYID_H                                
000001c0  PMAPKEYID_L                                
00000120  PMMCTL0                                    
00000121  PMMCTL0_H                                  
00000120  PMMCTL0_L                                  
00000122  PMMCTL1                                    
00000123  PMMCTL1_H                                  
00000122  PMMCTL1_L                                  
0000012c  PMMIFG                                     
0000012d  PMMIFG_H                                   
0000012c  PMMIFG_L                                   
0000012e  PMMRIE                                     
0000012f  PMMRIE_H                                   
0000012e  PMMRIE_L                                   
00016ed4  PMM_setVCore                               
00015cf0  PMM_setVCoreDown                           
00014fec  PMM_setVCoreUp                             
0000445e  Port_2                                     
00000158  RCCTL0                                     
00000159  RCCTL0_H                                   
00000158  RCCTL0_L                                   
000001b0  REFCTL0                                    
000001b1  REFCTL0_H                                  
000001b0  REFCTL0_L                                  
000004e4  RES0                                       
000004e5  RES0_H                                     
000004e4  RES0_L                                     
000004e6  RES1                                       
000004e7  RES1_H                                     
000004e6  RES1_L                                     
000004e8  RES2                                       
000004e9  RES2_H                                     
000004e8  RES2_L                                     
000004ea  RES3                                       
000004eb  RES3_H                                     
000004ea  RES3_L                                     
000004cc  RESHI                                      
000004cd  RESHI_H                                    
000004cc  RESHI_L                                    
000004ca  RESLO                                      
000004cb  RESLO_H                                    
000004ca  RESLO_L                                    
000004ba  RTCADOWDAY                                 
000004bb  RTCADOWDAY_H                               
000004ba  RTCADOWDAY_L                               
000004b8  RTCAMINHR                                  
000004b9  RTCAMINHR_H                                
000004b8  RTCAMINHR_L                                
000004a0  RTCCTL01                                   
000004a1  RTCCTL01_H                                 
000004a0  RTCCTL01_L                                 
000004a2  RTCCTL23                                   
000004a3  RTCCTL23_H                                 
000004a2  RTCCTL23_L                                 
000004b4  RTCDATE                                    
000004b5  RTCDATE_H                                  
000004b4  RTCDATE_L                                  
000004ae  RTCIV                                      
000004ac  RTCPS                                      
000004a8  RTCPS0CTL                                  
000004a9  RTCPS0CTL_H                                
000004a8  RTCPS0CTL_L                                
000004aa  RTCPS1CTL                                  
000004ab  RTCPS1CTL_H                                
000004aa  RTCPS1CTL_L                                
000004ad  RTCPS_H                                    
000004ac  RTCPS_L                                    
000004b0  RTCTIM0                                    
000004b1  RTCTIM0_H                                  
000004b0  RTCTIM0_L                                  
000004b2  RTCTIM1                                    
000004b3  RTCTIM1_H                                  
000004b2  RTCTIM1_L                                  
000004b6  RTCYEAR                                    
000004b7  RTCYEAR_H                                  
000004b6  RTCYEAR_L                                  
00004400  RTC_A_ISR                                  
0001779e  RTC_A_clearInterrupt                       
00017112  RTC_A_configureCalendarAlarm               
000179b0  RTC_A_enableInterrupt                      
00015d84  RTC_A_getCalendarTime                      
00016894  RTC_A_initCalendar                         
00017f6c  RTC_A_setCalendarEvent                     
00017fb6  RTC_A_startClock                           
00002fbc  SBP                                        
00002fc6  SBPs                                       
00000100  SFRIE1                                     
00000101  SFRIE1_H                                   
00000100  SFRIE1_L                                   
00000102  SFRIFG1                                    
[...]
000023d1  USBIEPBBAX_2                               
000023d2  USBIEPBCTX_2                               
000023d5  USBIEPBBAY_2                               
000023d6  USBIEPBCTY_2                               
000023d7  USBIEPSIZXY_2                              
000023d8  USBIEPCNF_3                                
000023d9  USBIEPBBAX_3                               
000023da  USBIEPBCTX_3                               
000023dd  USBIEPBBAY_3                               
000023de  USBIEPBCTY_3                               
000023df  USBIEPSIZXY_3                              
000023e0  USBIEPCNF_4                                
000023e1  USBIEPBBAX_4                               
000023e2  USBIEPBCTX_4                               
000023e5  USBIEPBBAY_4                               
000023e6  USBIEPBCTY_4                               
000023e7  USBIEPSIZXY_4                              
000023e8  USBIEPCNF_5                                
000023e9  USBIEPBBAX_5                               
000023ea  USBIEPBCTX_5                               
000023ed  USBIEPBBAY_5                               
000023ee  USBIEPBCTY_5                               
000023ef  USBIEPSIZXY_5                              
000023f0  USBIEPCNF_6                                
000023f1  USBIEPBBAX_6                               
000023f2  USBIEPBCTX_6                               
000023f5  USBIEPBBAY_6                               
000023f6  USBIEPBCTY_6                               
000023f7  USBIEPSIZXY_6                              
000023f8  USBIEPCNF_7                                
000023f9  USBIEPBBAX_7                               
000023fa  USBIEPBCTX_7                               
000023fd  USBIEPBBAY_7                               
000023fe  USBIEPBCTY_7                               
000023ff  USBIEPSIZXY_7                              
00002800  __TI_tmpnams                               
000028a0  calibrateButton                            
000028ca  doneButton                                 
000028f4  intervalButton                             
0000291e  g_sContext                                 
0000293a  downButton                                 
00002950  upButton                                   
00002966  newTime                                    
0000296e  parmbuf                                    
00002976  time                                       
0000297e  g_sTouchContext                            
00002984  str_HR                                     
0000298a  str_SBP                                    
00002994  offset                                     
00002996  sleep                                      
00002998  _sys_memory                                
00002d98  _ftable                                    
00002e60  display_times                              
00002ede  _device                                    
00002f56  _stream                                    
00002f92  hours                                      
00002fa4  minutes                                    
00002fb6  g_ranDemo                                  
00002fb8  screen                                     
00002fba  HR                                         
00002fbc  SBP                                        
00002fbe  alarm_index                                
00002fc0  changed_alarm                              
00002fc2  counter                                    
00002fc4  counter2                                   
00002fc6  SBPs                                       
00002fd2  heart_rates                                
00002fe6  __TI_cleanup_ptr                           
00002fea  __TI_dtors_ptr                             
00002fee  _lock                                      
00002ff2  _unlock                                    
00002ff6  __TI_ft_end                                
00002ff8  errno                                      
00002ffa  __TI_enable_exit_profile_output            
00002ffe  _CIOBUF_                                   
00004360  _stack                                     
00004400  RTC_A_ISR                                  
00004400  __STACK_END                                
0000445e  Port_2                                     
000044b6  TIMERB0_ISR                                
000044d8  _c_int00_noargs                            
000044f4  __TI_ISR_TRAP                              
00007f08  _ctypes_                                   
0000800a  g_sFontCmss18                              
000080d2  g_sFontCmss20                              
0000819a  g_sFontCmss20b                             
00008262  g_sFontCmss30                              
0000832a  g_sFontCmss40                              
00008508  g_sKitronix320x240x16_SSD2119              
0000858e  down_triangle34BPP_UNCOMP                  
0000859e  up_triangle34BPP_UNCOMP                    
000086ca  __TI_Handler_Table_Base                    
000086d6  __TI_Handler_Table_Limit                   
000086dc  __TI_CINIT_Base                            
000086ec  __TI_CINIT_Limit                           
000086ec  __TI_CINIT_Warm                            
0000ffd2  __TI_int41                                 
0000ffd4  __TI_int42                                 
0000ffd6  __TI_int43                                 
0000ffd8  __TI_int44                                 
0000ffda  __TI_int45                                 
0000ffdc  __TI_int46                                 
0000ffde  __TI_int47                                 
0000ffe0  __TI_int48                                 
0000ffe2  __TI_int49                                 
0000ffe4  __TI_int50                                 
0000ffe6  __TI_int51                                 
0000ffe8  __TI_int52                                 
0000ffea  __TI_int53                                 
0000ffec  __TI_int54                                 
0000ffee  __TI_int55                                 
0000fff0  __TI_int56                                 
0000fff2  __TI_int57                                 
0000fff4  __TI_int58                                 
0000fff6  __TI_int59                                 
0000fff8  __TI_int60                                 
0000fffa  __TI_int61                                 
0000fffc  __TI_int62                                 
0000fffe  _reset_vector                              
00010000  __mspabi_addd                              
0001072a  Graphics_drawString                        
00010da8  __TI_frcdivd                               
00011210  Graphics_fillCircle                        
0001159c  __mspabi_divull                            
00011bc8  __TI_printfi                               
00011e76  __mspabi_mpyd                              
00012370  Graphics_drawImage                         
000127ea  __mspabi_divd                              
00012c0c  Kitronix320x240x16_SSD2119Init             
000131a2  initializeDemoButtons                      
00013368  runLCD                                     
0001352c  aligned_alloc                              
0001352c  memalign                                   
000139fc  __TI_frcmpyd                               
00013cbe  fputs                                      
00013e18  ldexp                                      
00013e18  ldexpl                                     
00013e18  scalbn                                     
00013e18  scalbnl                                    
00013f72  free                                       
00014206  touch_calibrate                            
0001431e  Graphics_drawButton                        
00014420  drawInterval                               
0001461c  setvbuf                                    
00014716  drawCalibrate                              
00014ac8  HAL_LCD_initLCD                            
00014baa  UCS_initFLL                                
00014c8c  touch_updateCurrentTouch                   
00014d68  __mspabi_cmpd                              
00014f16  initAlarm                                  
00014fec  PMM_setVCoreUp                             
000150b8  initLCD                                    
00015248  Graphics_drawLineH                         
000153ce  Graphics_drawSelectedButton                
00015488  __mspabi_mpyf                              
000156a8  runInterval                                
0001575a  drawMainMenu                               
0001580a  frexp                                      
0001580a  frexpl                                     
000158b0  Graphics_drawImageButton                   
00015952  touch_initInterface                        
000159f4  __mspabi_fltlid                            
00015a92  HOSTlseek                                  
00015b2c  Graphics_fillRectangle                     
00015bc4  __TI_ltoa                                  
00015c5a  calibrate                                  
00015cf0  PMM_setVCoreDown                           
00015d84  RTC_A_getCalendarTime                      
00015e18  Graphics_getStringWidth                    
00015f38  __mspabi_divf                              
00016054  __TI_wrt_ok                                
000161da  Graphics_drawStringCentered                
00016252  __TI_auto_init_nobinit_nopinit_hold_wdt    
00016342  Timer_A_initUpMode                         
000163b8  Timer_B_initUpMode                         
0001642e  __TI_decompress_lzss                       
000164a4  HOSTrename                                 
00016518  __TI_closefile                             
00016600  HOSTopen                                   
00016670  fseek                                      
00016670  fseeko                                     
000166e0  updateSBP                                  
00016750  ten_timer                                  
000167be  HOSTwrite                                  
0001682a  HOSTread                                   
00016894  RTC_A_initCalendar                         
000168fe  __mspabi_fixdli                            
00016964  updateInterval                             
000169c8  atoi                                       
00016a2a  getdevice                                  
00016a8c  __TI_doflush                               
00016b4a  __mspabi_mpyll_f5hw                        
00016ba6  close                                      
00016c00  USCI_B_SPI_initMaster                      
00016c58  __mspabi_divul                             
00016c58  __mspabi_remul                             
00016cb0  ADC12_A_init                               
00016d02  HAL_LCD_writeData                          
00016d50  HOSTclose                                  
00016dec  strncpy                                    
00016e3a  updateLCDafterSleep                        
00016e88  HAL_LCD_writeCommand                       
00016ed4  PMM_setVCore                               
00016f1e  exit                                       
00016f68  __mspabi_cmpf                              
00016fb2  main                                       
00016ffa  HOSTunlink                                 
00017086  Kitronix320x240x16_SSD2119_setCursorLtoR   
000170cc  Kitronix320x240x16_SSD2119_setCursorTtoB   
00017112  RTC_A_configureCalendarAlarm               
0001719e  __mspabi_fixfu                             
000171e4  sprintf                                    
0001726a  __mspabi_srall                             
000172aa  __mspabi_divli                             
000172aa  __mspabi_remli                             
000172ea  setAlarm                                   
0001732a  GPIO_setAsInputPinWithPullUpResistor       
00017368  __mspabi_sral_15                           
0001736c  __mspabi_sral_14                           
00017370  __mspabi_sral_13                           
00017374  __mspabi_sral_12                           
00017378  __mspabi_sral_11                           
0001737c  __mspabi_sral_10                           
00017380  __mspabi_sral_9                            
00017384  __mspabi_sral_8                            
00017388  __mspabi_sral_7                            
0001738c  __mspabi_sral_6                            
00017390  __mspabi_sral_5                            
00017394  __mspabi_sral_4                            
00017398  __mspabi_sral_3                            
0001739c  __mspabi_sral_2                            
000173a0  __mspabi_sral_1                            
000173a6  __mspabi_slll_15                           
000173aa  __mspabi_slll_14                           
000173ae  __mspabi_slll_13                           
000173b2  __mspabi_slll_12                           
000173b6  __mspabi_slll_11                           
000173ba  __mspabi_slll_10                           
000173be  __mspabi_slll_9                            
000173c2  __mspabi_slll_8                            
000173c6  __mspabi_slll_7                            
000173ca  __mspabi_slll_6                            
000173ce  __mspabi_slll_5                            
000173d2  __mspabi_slll_4                            
000173d6  __mspabi_slll_3                            
000173da  __mspabi_slll_2                            
000173de  __mspabi_slll_1                            
000173e4  __mspabi_srll_15                           
000173e8  __mspabi_srll_14                           
000173ec  __mspabi_srll_13                           
000173f0  __mspabi_srll_12                           
000173f4  __mspabi_srll_11                           
000173f8  __mspabi_srll_10                           
000173fc  __mspabi_srll_9                            
00017400  __mspabi_srll_8                            
00017404  __mspabi_srll_7                            
00017408  __mspabi_srll_6                            
0001740c  __mspabi_srll_5                            
00017410  __mspabi_srll_4                            
00017414  __mspabi_srll_3                            
00017418  __mspabi_srll_2                            
0001741c  __mspabi_srll_1                            
00017422  lseek                                      
00017460  Graphics_initContext                       
0001749c  memcpy                                     
000174d8  write                                      
00017514  __mspabi_sllll                             
0001754e  __mspabi_srlll                             
00017588  UCS_turnOnLFXT1                            
000175c0  Graphics_drawMultiplePixelsOnDisplay       
000175f6  Graphics_isImageButtonSelected             
0001762c  __TI_cleanup                               
00017662  __TI_writemsg                              
00017694  C$$IO$$                                    
00017698  finddevice                                 
000176ce  FlashCtl_write32                           
00017702  GPIO_setAsInputPin                         
0001779e  RTC_A_clearInterrupt                       
000177d2  memccpy                                    
00017806  UCS_initFLLSettle                          
00017838  __TI_readmsg                               
0001786a  __mspabi_subd                              
0001789c  remove                                     
0001789c  unlink                                     
000178cc  GPIO_selectInterruptEdge                   
00017928  __mspabi_negd                              
00017956  copysign                                   
00017956  copysignl                                  
00017984  ADC12_A_startConversion                    
000179b0  RTC_A_enableInterrupt                      
000179dc  __mspabi_mpyull_f5hw                       
00017a08  __mspabi_divi                              
00017a08  __mspabi_remi                              
00017a5e  GPIO_setAsOutputPin                        
00017a86  GPIO_setAsPeripheralModuleFunctionInputPin 
00017aae  GPIO_setAsPeripheralModuleFunctionOutputPin
00017ad6  __mspabi_fixdi                             
00017b26  wcslen                                     
00017b74  FlashCtl_eraseSegment                      
00017b98  __TI_zero_init                             
00017bbc  __mspabi_fltuf                             
00017be0  __mspabi_mpyl_f5hw                         
00017c04  FlashCtl_lockInfoA                         
00017c26  ADC12_A_configureMemory                    
00017c46  ADC12_A_setupSamplingTimer                 
00017c66  memchr                                     
00017c86  memset                                     
00017ca6  puts                                       
00017cc6  FlashCtl_unlockInfoA                       
00017ce4  GPIO_clearInterrupt                        
00017d02  GPIO_enableInterrupt                       
00017d20  Graphics_isButtonSelected                  
00017d3e  GPIO_getInputPinValue                      
00017d5a  GPIO_setOutputHighOnPin                    
00017d76  GPIO_setOutputLowOnPin                     
00017d92  strchr                                     
00017dae  strcmp                                     
00017dca  WDT_A_hold                                 
00017de4  Graphics_drawHorizontalLineOnDisplay       
00017dfc  Graphics_setBackgroundColor                
00017e14  Graphics_setForegroundColor                
00017e2c  HAL_LCD_delay30ms                          
00017e44  UCS_getSMCLK                               
00017e5c  __mspabi_mpyi_f5hw                         
00017e74  HAL_LCD_deselectLCD                        
00017e8a  HAL_LCD_selectLCD                          
00017ea0  __TI_decompress_none                       
00017ecc  __mspabi_divu                              
00017ecc  __mspabi_remu                              
00017ef6  UCS_setExternalClockSource                 
00017f08  strcpy                                     
00017f1a  strlen                                     
00017f2c  toupper                                    
00017f3e  ADC12_A_getResults                         
00017f4e  __mspabi_srll                              
00017f5e  Graphics_clearDisplay                      
00017f6c  RTC_A_setCalendarEvent                     
00017f7a  ADC12_A_clearInterrupt                     
00017f86  Graphics_clearDisplayOnDisplay             
00017f92  Graphics_drawPixelOnDisplay                
00017f9e  Graphics_fillRectangleOnDisplay            
00017faa  Graphics_translateColorOnDisplay           
00017fb6  RTC_A_startClock                           
00017fc2  USCI_B_SPI_clearInterrupt                  
00017fce  USCI_B_SPI_isBusy                          
00017fda  __mspabi_fltid                             
00017fe6  _system_pre_init                           
00017ff2  malloc                                     
00017ffe  ADC12_A_getInterruptStatus                 
00018008  USCI_B_SPI_getInterruptStatus              
00018012  USCI_B_SPI_transmitData                    
0001801c  abs                                        
00018026  __mspabi_slli                              
00018030  __mspabi_srli                              
0001803a  ADC12_A_enable                             
00018042  Timer_B_stop                               
0001804a  clearLCD                                   
00018052  Graphics_setFont                           
00018058  SFR_enableInterrupt                        
0001805e  Timer_B_clearTimerInterrupt                
00018064  USCI_B_SPI_enable                          
0001806a  C$$EXIT                                    
0001806a  abort                                      
00018070  getTime                                    
00018078  _nop                                       
0001807a  _system_post_cinit                         
ffffffff  __TI_pprof_out_hndl                        
ffffffff  __TI_prof_data_size                        
ffffffff  __TI_prof_data_start                       
ffffffff  __c_args__                                 

[1067 symbols]
