******************************************************************************
                  MSP430 Linker Unix v21.6.1                   
******************************************************************************
>> Linked Wed Mar 22 17:14:45 2023

OUTPUT FILE NAME:   <MSP-EXP430F5529LP_GrLibExample.out>
ENTRY POINT SYMBOL: "_c_int00_noargs"  address: 00004400


MEMORY CONFIGURATION

         name            origin    length      used     unused   attr    fill
----------------------  --------  ---------  --------  --------  ----  --------
  SFR                   00000000   00000010  00000000  00000010  RWIX
  PERIPHERALS_8BIT      00000010   000000f0  00000000  000000f0  RWIX
  PERIPHERALS_16BIT     00000100   00000100  00000000  00000100  RWIX
  INFOD                 00001800   00000080  00000000  00000080  RWIX
  INFOC                 00001880   00000080  00000000  00000080  RWIX
  INFOB                 00001900   00000080  00000000  00000080  RWIX
  INFOA                 00001980   00000080  0000000c  00000074  RWIX
  USBRAM                00001c00   00000800  00000000  00000800  RWIX
  RAM                   00002400   00002000  0000059b  00001a65  RWIX
  FLASH                 00004400   0000bb80  00008fd8  00002ba8  RWIX
  INT00                 0000ff80   00000002  00000000  00000002  RWIX
  INT01                 0000ff82   00000002  00000000  00000002  RWIX
  INT02                 0000ff84   00000002  00000000  00000002  RWIX
  INT03                 0000ff86   00000002  00000000  00000002  RWIX
  INT04                 0000ff88   00000002  00000000  00000002  RWIX
  INT05                 0000ff8a   00000002  00000000  00000002  RWIX
  INT06                 0000ff8c   00000002  00000000  00000002  RWIX
  INT07                 0000ff8e   00000002  00000000  00000002  RWIX
  INT08                 0000ff90   00000002  00000000  00000002  RWIX
  INT09                 0000ff92   00000002  00000000  00000002  RWIX
  INT10                 0000ff94   00000002  00000000  00000002  RWIX
  INT11                 0000ff96   00000002  00000000  00000002  RWIX
  INT12                 0000ff98   00000002  00000000  00000002  RWIX
  INT13                 0000ff9a   00000002  00000000  00000002  RWIX
  INT14                 0000ff9c   00000002  00000000  00000002  RWIX
  INT15                 0000ff9e   00000002  00000000  00000002  RWIX
  INT16                 0000ffa0   00000002  00000000  00000002  RWIX
  INT17                 0000ffa2   00000002  00000000  00000002  RWIX
  INT18                 0000ffa4   00000002  00000000  00000002  RWIX
  INT19                 0000ffa6   00000002  00000000  00000002  RWIX
  INT20                 0000ffa8   00000002  00000000  00000002  RWIX
  INT21                 0000ffaa   00000002  00000000  00000002  RWIX
  INT22                 0000ffac   00000002  00000000  00000002  RWIX
  INT23                 0000ffae   00000002  00000000  00000002  RWIX
  INT24                 0000ffb0   00000002  00000000  00000002  RWIX
  INT25                 0000ffb2   00000002  00000000  00000002  RWIX
  INT26                 0000ffb4   00000002  00000000  00000002  RWIX
  INT27                 0000ffb6   00000002  00000000  00000002  RWIX
  INT28                 0000ffb8   00000002  00000000  00000002  RWIX
  INT29                 0000ffba   00000002  00000000  00000002  RWIX
  INT30                 0000ffbc   00000002  00000000  00000002  RWIX
  INT31                 0000ffbe   00000002  00000000  00000002  RWIX
  INT32                 0000ffc0   00000002  00000000  00000002  RWIX
  INT33                 0000ffc2   00000002  00000000  00000002  RWIX
  INT34                 0000ffc4   00000002  00000000  00000002  RWIX
  INT35                 0000ffc6   00000002  00000000  00000002  RWIX
  INT36                 0000ffc8   00000002  00000000  00000002  RWIX
  INT37                 0000ffca   00000002  00000000  00000002  RWIX
  INT38                 0000ffcc   00000002  00000000  00000002  RWIX
  INT39                 0000ffce   00000002  00000000  00000002  RWIX
  INT40                 0000ffd0   00000002  00000000  00000002  RWIX
  INT41                 0000ffd2   00000002  00000002  00000000  RWIX
  INT42                 0000ffd4   00000002  00000002  00000000  RWIX
  INT43                 0000ffd6   00000002  00000002  00000000  RWIX
  INT44                 0000ffd8   00000002  00000002  00000000  RWIX
  INT45                 0000ffda   00000002  00000002  00000000  RWIX
  INT46                 0000ffdc   00000002  00000002  00000000  RWIX
  INT47                 0000ffde   00000002  00000002  00000000  RWIX
  INT48                 0000ffe0   00000002  00000002  00000000  RWIX
  INT49                 0000ffe2   00000002  00000002  00000000  RWIX
  INT50                 0000ffe4   00000002  00000002  00000000  RWIX
  INT51                 0000ffe6   00000002  00000002  00000000  RWIX
  INT52                 0000ffe8   00000002  00000002  00000000  RWIX
  INT53                 0000ffea   00000002  00000002  00000000  RWIX
  INT54                 0000ffec   00000002  00000002  00000000  RWIX
  INT55                 0000ffee   00000002  00000002  00000000  RWIX
  INT56                 0000fff0   00000002  00000002  00000000  RWIX
  INT57                 0000fff2   00000002  00000002  00000000  RWIX
  INT58                 0000fff4   00000002  00000002  00000000  RWIX
  INT59                 0000fff6   00000002  00000002  00000000  RWIX
  INT60                 0000fff8   00000002  00000002  00000000  RWIX
  INT61                 0000fffa   00000002  00000002  00000000  RWIX
  INT62                 0000fffc   00000002  00000002  00000000  RWIX
  RESET                 0000fffe   00000002  00000002  00000000  RWIX
  FLASH2                00010000   000143f8  000143f8  00000000  RWIX


SECTION ALLOCATION MAP

 output                                  attributes/
section   page    origin      length       input sections
--------  ----  ----------  ----------   ----------------
.bss       0    00002400    000004a2     UNINITIALIZED
                  00002400    00000400     image.obj (.bss:g_pulConvertedPalette)
                  00002800    0000002a     (.common:noButton)
                  0000282a    0000002a     (.common:yesButton)
                  00002854    0000001c     (.common:g_sContext)
                  00002870    00000016     (.common:imageButton)
                  00002886    00000016     (.common:primitiveButton)
                  0000289c    00000006     (.common:g_sTouchContext)

.data      0    000028a2    00000059     UNINITIALIZED
                  000028a2    00000010     Images_Button.obj (.data:Images_Button4BPP_UNCOMP)
                  000028b2    00000010     Primitives_Button.obj (.data:Primitives_Button4BPP_UNCOMP)
                  000028c2    00000010     TI_logo_150x150.obj (.data:TI_logo_150x1501BPP_COMP_RLE4)
                  000028d2    00000010     TI_platform_bar_red.obj (.data:TI_platform_bar_red4BPP_UNCOMP)
                  000028e2    00000010     lcd_color_320x240.obj (.data:lcd_color_320x2408BPP_UNCOMP)
                  000028f2    00000008     ucs.obj (.data)
                  000028fa    00000001     main.obj (.data)

.stack     0    00004360    000000a0     UNINITIALIZED
                  00004360    00000004     rts430x_lc_ld_eabi.lib : boot.c.obj (.stack)
                  00004364    0000009c     --HOLE--

.text:_isr 
*          0    00004400    00000024     
                  00004400    0000001c     rts430x_lc_ld_eabi.lib : boot.c.obj (.text:_isr:_c_int00_noargs)
                  0000441c    00000008                            : isr_trap.asm.obj (.text:_isr:__TI_ISR_TRAP)

.cinit     0    0000d364    00000074     
                  0000d364    00000051     (.cinit..data.load) [load image, compression = lzss]
                  0000d3b5    00000001     --HOLE-- [fill = 0]
                  0000d3b6    0000000c     (__TI_handler_table)
                  0000d3c2    00000006     (.cinit..bss.load) [load image, compression = zero_init]
                  0000d3c8    00000010     (__TI_cinit_table)

.binit     0    00004400    00000000     

.init_array 
*          0    00004400    00000000     UNINITIALIZED

.const     0    00004424    0000662a     
                  00004424    000017a2     Images_Button.obj (.const:.string:pixel_Images_Button4BPP_UNCOMP)
                  00005bc6    000017a2     Primitives_Button.obj (.const:.string:pixel_Primitives_Button4BPP_UNCOMP)
                  00007368    0000173e     TI_platform_bar_red.obj (.const:.string:pixel_TI_platform_bar_red4BPP_UNCOMP)
                  00008aa6    00000890     fontcmss20b.obj (.const:.string:g_pucCmss20bData)
                  00009336    0000086e     fontcm18.obj (.const:.string:g_pucCm18Data)
                  00009ba4    000006b4     TI_logo_150x150.obj (.const:.string:pixel_TI_logo_150x1501BPP_COMP_RLE4)
                  0000a258    00000400     lcd_color_320x240.obj (.const:palette_lcd_color_320x2408BPP_UNCOMP)
                  0000a658    00000100     main.obj (.const:.string)
                  0000a758    000000c8     fontcm18.obj (.const:g_sFontCm18)
                  0000a820    000000c8     fontcmss20b.obj (.const:g_sFontCmss20b)
                  0000a8e8    00000040     Images_Button.obj (.const:palette_Images_Button4BPP_UNCOMP)
                  0000a928    00000040     Primitives_Button.obj (.const:palette_Primitives_Button4BPP_UNCOMP)
                  0000a968    00000040     TI_platform_bar_red.obj (.const:palette_TI_platform_bar_red4BPP_UNCOMP)
                  0000a9a8    0000002c     kitronix320x240x16_ssd2119_spi.obj (.const:g_sKitronix320x240x16_SSD2119)
                  0000a9d4    0000001c     gpio.obj (.const:GPIO_PORT_TO_BASE)
                  0000a9f0    00000018     touch_F5529LP.obj (.const:.string)
                  0000aa08    0000000e     HAL_MSP_EXP430F5529LP_KITRONIX320X240_SSD2119_SPI.obj (.const:$P$T0$1)
                  0000aa16    0000000e     main.obj (.const:$P$T3$4)
                  0000aa24    00000008     main.obj (.const:$P$T0$1)
                  0000aa2c    00000008     main.obj (.const:$P$T1$2)
                  0000aa34    00000008     main.obj (.const:$P$T2$3)
                  0000aa3c    00000008     TI_logo_150x150.obj (.const:palette_TI_logo_150x1501BPP_COMP_RLE4)
                  0000aa44    00000005     touch_F5529LP.obj (.const:$P$T0$1)
                  0000aa49    00000005     touch_F5529LP.obj (.const:$P$T1$2)

RTC        0    0000ffd2    00000002     
                  0000ffd2    00000002     rts430x_lc_ld_eabi.lib : int41.asm.obj (.int41)

PORT2      0    0000ffd4    00000002     
                  0000ffd4    00000002     rts430x_lc_ld_eabi.lib : int42.asm.obj (.int42)

TIMER2_A1 
*          0    0000ffd6    00000002     
                  0000ffd6    00000002     rts430x_lc_ld_eabi.lib : int43.asm.obj (.int43)

TIMER2_A0 
*          0    0000ffd8    00000002     
                  0000ffd8    00000002     rts430x_lc_ld_eabi.lib : int44.asm.obj (.int44)

USCI_B1    0    0000ffda    00000002     
                  0000ffda    00000002     rts430x_lc_ld_eabi.lib : int45.asm.obj (.int45)

USCI_A1    0    0000ffdc    00000002     
                  0000ffdc    00000002     rts430x_lc_ld_eabi.lib : int46.asm.obj (.int46)

PORT1      0    0000ffde    00000002     
                  0000ffde    00000002     rts430x_lc_ld_eabi.lib : int47.asm.obj (.int47)

TIMER1_A1 
*          0    0000ffe0    00000002     
                  0000ffe0    00000002     rts430x_lc_ld_eabi.lib : int48.asm.obj (.int48)

TIMER1_A0 
*          0    0000ffe2    00000002     
                  0000ffe2    00000002     rts430x_lc_ld_eabi.lib : int49.asm.obj (.int49)

DMA        0    0000ffe4    00000002     
                  0000ffe4    00000002     rts430x_lc_ld_eabi.lib : int50.asm.obj (.int50)

USB_UBM    0    0000ffe6    00000002     
                  0000ffe6    00000002     rts430x_lc_ld_eabi.lib : int51.asm.obj (.int51)

TIMER0_A1 
*          0    0000ffe8    00000002     
                  0000ffe8    00000002     rts430x_lc_ld_eabi.lib : int52.asm.obj (.int52)

TIMER0_A0 
*          0    0000ffea    00000002     
                  0000ffea    00000002     rts430x_lc_ld_eabi.lib : int53.asm.obj (.int53)

ADC12      0    0000ffec    00000002     
                  0000ffec    00000002     rts430x_lc_ld_eabi.lib : int54.asm.obj (.int54)

USCI_B0    0    0000ffee    00000002     
                  0000ffee    00000002     rts430x_lc_ld_eabi.lib : int55.asm.obj (.int55)

USCI_A0    0    0000fff0    00000002     
                  0000fff0    00000002     rts430x_lc_ld_eabi.lib : int56.asm.obj (.int56)

WDT        0    0000fff2    00000002     
                  0000fff2    00000002     rts430x_lc_ld_eabi.lib : int57.asm.obj (.int57)

TIMER0_B1 
*          0    0000fff4    00000002     
                  0000fff4    00000002     rts430x_lc_ld_eabi.lib : int58.asm.obj (.int58)

TIMER0_B0 
*          0    0000fff6    00000002     
                  0000fff6    00000002     rts430x_lc_ld_eabi.lib : int59.asm.obj (.int59)

COMP_B     0    0000fff8    00000002     
                  0000fff8    00000002     rts430x_lc_ld_eabi.lib : int60.asm.obj (.int60)

UNMI       0    0000fffa    00000002     
                  0000fffa    00000002     rts430x_lc_ld_eabi.lib : int61.asm.obj (.int61)

SYSNMI     0    0000fffc    00000002     
                  0000fffc    00000002     rts430x_lc_ld_eabi.lib : int62.asm.obj (.int62)

.reset     0    0000fffe    00000002     
                  0000fffe    00000002     rts430x_lc_ld_eabi.lib : boot.c.obj (.reset)

.TI.bound:touch_calibrationData 
*          0    00001980    0000000c     UNINITIALIZED
                  00001980    0000000c     touch_F5529LP.obj (.TI.bound:touch_calibrationData)

.TI.bound:pixel_lcd_color_320x2408BPP_UNCOMP 
*          0    00010000    00012c00     
                  00010000    00012c00     lcd_color_320x240.obj (.TI.bound:pixel_lcd_color_320x2408BPP_UNCOMP)

.text.1    0    0000aa4e    00002916     
                  0000aa4e    000001e8     kitronix320x240x16_ssd2119_spi.obj (.text:Kitronix320x240x16_SSD2119Init)
                  0000ac36    000001a0     line.obj (.text:Graphics_clipLine)
                  0000add6    0000014a     main.obj (.text:initializeDemoButtons)
                  0000af20    00000118     touch_F5529LP.obj (.text:touch_calibrate)
                  0000b038    0000010c     main.obj (.text:drawRestarDemo)
                  0000b144    00000104     main.obj (.text:main)
                  0000b248    00000102     button.obj (.text:Graphics_drawButton)
                  0000b34a    00000100     main.obj (.text:runImagesDemo)
                  0000b44a    000000f2     ucs.obj (.text:privateUCSSourceClockFromDCO)
                  0000b53c    000000f0     rectangle.obj (.text:Graphics_drawRectangle)
                  0000b62c    000000e4     ucs.obj (.text:privateUCSComputeCLKFrequency)
                  0000b710    000000e2     HAL_MSP_EXP430F5529LP_KITRONIX320X240_SSD2119_SPI.obj (.text:HAL_LCD_initLCD)
                  0000b7f2    000000e2     ucs.obj (.text:UCS_initFLL)
                  0000b8d4    000000dc     touch_F5529LP.obj (.text:touch_updateCurrentTouch)
                  0000b9b0    000000cc     pmm.obj (.text:PMM_setVCoreUp)
                  0000ba7c    000000c6     kitronix320x240x16_ssd2119_spi.obj (.text:Kitronix320x240x16_SSD2119PixelDrawMultiple)
                  0000bb42    000000c4     line.obj (.text:Graphics_drawLineH)
                  0000bc06    000000ba     line.obj (.text:Graphics_drawLineV)
                  0000bcc0    000000ba     button.obj (.text:Graphics_drawReleasedButton)
                  0000bd7a    000000ba     button.obj (.text:Graphics_drawSelectedButton)
                  0000be34    000000b8     rts430x_lc_ld_eabi.lib : fs_mpy.asm.obj (.text)
                  0000beec    000000a2     imageButton.obj (.text:Graphics_drawImageButton)
                  0000bf8e    0000009e     touch_F5529LP.obj (.text:touch_initInterface)
                  0000c02c    00000098     rectangle.obj (.text:Graphics_fillRectangle)
                  0000c0c4    00000094     pmm.obj (.text:PMM_setVCoreDown)
                  0000c158    00000092     imageButton.obj (.text:Graphics_drawSelectedImageButton)
                  0000c1ea    00000090     string.obj (.text:Graphics_getStringWidth)
                  0000c27a    00000090     rts430x_lc_ld_eabi.lib : fs_div.asm.obj (.text)
                  0000c30a    0000008c     touch_F5529LP.obj (.text:touch_calibrateCircle)
                  0000c396    00000084     main.obj (.text:drawMainMenu)
                  0000c41a    00000080     touch_F5529LP.obj (.text:touch_sampleX)
                  0000c49a    00000080     touch_F5529LP.obj (.text:touch_sampleY)
                  0000c51a    00000078     string.obj (.text:Graphics_drawStringCentered)
                  0000c592    00000078     rts430x_lc_ld_eabi.lib : autoinit.c.obj (.text:__TI_auto_init_nobinit_nopinit_hold_wdt:__TI_auto_init_nobinit_nopinit_hold_wdt)
                  0000c60a    00000076     timer_a.obj (.text:Timer_A_initUpMode)
                  0000c680    00000076     rts430x_lc_ld_eabi.lib : copy_decompress_lzss.c.obj (.text:decompress:lzss:__TI_decompress_lzss)
                  0000c6f6    00000074     touch_F5529LP.obj (.text:touch_detectedTouch)
                  0000c76a    00000072     line.obj (.text:Graphics_getClipCode)
                  0000c7dc    0000005e     kitronix320x240x16_ssd2119_spi.obj (.text:Kitronix320x240x16_SSD2119RectFill)
                  0000c83a    00000058     rts430x_lc_ld_eabi.lib : div32u.asm.obj (.text)
                  0000c892    00000052     adc12_a.obj (.text:ADC12_A_init)
                  0000c8e4    0000004e     HAL_MSP_EXP430F5529LP_KITRONIX320X240_SSD2119_SPI.obj (.text:HAL_LCD_writeData)
                  0000c932    0000004c     HAL_MSP_EXP430F5529LP_KITRONIX320X240_SSD2119_SPI.obj (.text:HAL_LCD_writeCommand)
                  0000c97e    0000004a     pmm.obj (.text:PMM_setVCore)
                  0000c9c8    0000004a     rts430x_lc_ld_eabi.lib : fs_cmp.asm.obj (.text)
                  0000ca12    00000046     kitronix320x240x16_ssd2119_spi.obj (.text:Kitronix320x240x16_SSD2119PixelDraw)
                  0000ca58    00000046     kitronix320x240x16_ssd2119_spi.obj (.text:Kitronix320x240x16_SSD2119_setCursorLtoR)
                  0000ca9e    00000046     kitronix320x240x16_ssd2119_spi.obj (.text:Kitronix320x240x16_SSD2119_setCursorTtoB)
                  0000cae4    00000046     rts430x_lc_ld_eabi.lib : fs_tou.asm.obj (.text)
                  0000cb2a    00000042     kitronix320x240x16_ssd2119_spi.obj (.text:Kitronix320x240x16_SSD2119ColorTranslate)
                  0000cb6c    00000040     rts430x_lc_ld_eabi.lib : div32s.asm.obj (.text)
                  0000cbac    0000003e     gpio.obj (.text:GPIO_setAsInputPinWithPullUpResistor)
                  0000cbea    0000003e     rts430x_lc_ld_eabi.lib : asr32.asm.obj (.text:l_asr_const)
                  0000cc28    0000003e                            : lsr32.asm.obj (.text:l_lsr_const)
                  0000cc66    0000003c     context.obj (.text:Graphics_initContext)
                  0000cca2    0000003c     rts430x_lc_ld_eabi.lib : memcpy.c.obj (.text:memcpy)
                  0000ccde    00000038     ucs.obj (.text:UCS_turnOnLFXT1)
                  0000cd16    00000036     display.obj (.text:Graphics_drawMultiplePixelsOnDisplay)
                  0000cd4c    00000036     imageButton.obj (.text:Graphics_isImageButtonSelected)
                  0000cd82    00000034     flashctl.obj (.text:FlashCtl_write32)
                  0000cdb6    00000034     gpio.obj (.text:GPIO_setAsInputPin)
                  0000cdea    00000034     kitronix320x240x16_ssd2119_spi.obj (.text:Kitronix320x240x16_SSD2119LineDrawH)
                  0000ce1e    00000034     kitronix320x240x16_ssd2119_spi.obj (.text:Kitronix320x240x16_SSD2119LineDrawV)
                  0000ce52    00000032     ucs.obj (.text:UCS_initFLLSettle)
                  0000ce84    0000002e     string.obj (.text:Graphics_getNumberOfLeadingZeros)
                  0000ceb2    0000002c     adc12_a.obj (.text:ADC12_A_startConversion)
                  0000cede    0000002c     rts430x_lc_ld_eabi.lib : div16s.asm.obj (.text)
                  0000cf0a    00000028     gpio.obj (.text:GPIO_setAsOutputPin)
                  0000cf32    00000028     gpio.obj (.text:GPIO_setAsPeripheralModuleFunctionInputPin)
                  0000cf5a    00000028     gpio.obj (.text:GPIO_setAsPeripheralModuleFunctionOutputPin)
                  0000cf82    00000028     context.obj (.text:Graphics_drawPixel)
                  0000cfaa    00000026     kitronix320x240x16_ssd2119_spi.obj (.text:Kitronix320x240x16_SSD2119ClearScreen)
                  0000cfd0    00000024     flashctl.obj (.text:FlashCtl_eraseSegment)
                  0000cff4    00000024     rts430x_lc_ld_eabi.lib : copy_zero_init.c.obj (.text:decompress:ZI:__TI_zero_init)
                  0000d018    00000024                            : fs_utof.asm.obj (.text)
                  0000d03c    00000024                            : mult32_f5hw.asm.obj (.text)
                  0000d060    00000022     flashctl.obj (.text:FlashCtl_lockInfoA)
                  0000d082    00000020     adc12_a.obj (.text:ADC12_A_configureMemory)
                  0000d0a2    00000020     adc12_a.obj (.text:ADC12_A_setupSamplingTimer)
                  0000d0c2    0000001e     flashctl.obj (.text:FlashCtl_unlockInfoA)
                  0000d0e0    0000001e     button.obj (.text:Graphics_isButtonSelected)
                  0000d0fe    0000001c     gpio.obj (.text:GPIO_getInputPinValue)
                  0000d11a    0000001c     gpio.obj (.text:GPIO_setOutputHighOnPin)
                  0000d136    0000001c     gpio.obj (.text:GPIO_setOutputLowOnPin)
                  0000d152    0000001a     wdt_a.obj (.text:WDT_A_hold)
                  0000d16c    00000018     display.obj (.text:Graphics_drawHorizontalLineOnDisplay)
                  0000d184    00000018     display.obj (.text:Graphics_drawVerticalLineOnDisplay)
                  0000d19c    00000018     context.obj (.text:Graphics_setBackgroundColor)
                  0000d1b4    00000018     context.obj (.text:Graphics_setForegroundColor)
                  0000d1cc    00000018     HAL_MSP_EXP430F5529LP_KITRONIX320X240_SSD2119_SPI.obj (.text:HAL_LCD_delay30ms)
                  0000d1e4    00000018     ucs.obj (.text:UCS_getSMCLK)
                  0000d1fc    00000018     rts430x_lc_ld_eabi.lib : mult16_f5hw.asm.obj (.text)
                  0000d214    00000016     HAL_MSP_EXP430F5529LP_KITRONIX320X240_SSD2119_SPI.obj (.text:HAL_LCD_deselectLCD)
                  0000d22a    00000016     HAL_MSP_EXP430F5529LP_KITRONIX320X240_SSD2119_SPI.obj (.text:HAL_LCD_selectLCD)
                  0000d240    00000016     rts430x_lc_ld_eabi.lib : copy_decompress_none.c.obj (.text:decompress:none:__TI_decompress_none)
                  0000d256    00000016                            : div16u.asm.obj (.text)
                  0000d26c    00000012     ucs.obj (.text:UCS_setExternalClockSource)
                  0000d27e    00000010     adc12_a.obj (.text:ADC12_A_getResults)
                  0000d28e    0000000e     context.obj (.text:Graphics_clearDisplay)
                  0000d29c    0000000c     adc12_a.obj (.text:ADC12_A_clearInterrupt)
                  0000d2a8    0000000c     display.obj (.text:Graphics_clearDisplayOnDisplay)
                  0000d2b4    0000000c     display.obj (.text:Graphics_drawPixelOnDisplay)
                  0000d2c0    0000000c     display.obj (.text:Graphics_fillRectangleOnDisplay)
                  0000d2cc    0000000c     display.obj (.text:Graphics_translateColorOnDisplay)
                  0000d2d8    0000000c     usci_b_spi.obj (.text:USCI_B_SPI_clearInterrupt)
                  0000d2e4    0000000c     usci_b_spi.obj (.text:USCI_B_SPI_isBusy)
                  0000d2f0    0000000c     system_pre_init.obj (.text:_system_pre_init)
                  0000d2fc    0000000a     adc12_a.obj (.text:ADC12_A_getInterruptStatus)
                  0000d306    0000000a     context.obj (.text:Graphics_getDisplayHeight)
                  0000d310    0000000a     context.obj (.text:Graphics_getDisplayWidth)
                  0000d31a    0000000a     usci_b_spi.obj (.text:USCI_B_SPI_getInterruptStatus)
                  0000d324    0000000a     usci_b_spi.obj (.text:USCI_B_SPI_transmitData)
                  0000d32e    0000000a     rts430x_lc_ld_eabi.lib : lsl16.asm.obj (.text)
                  0000d338    0000000a                            : lsr16.asm.obj (.text)
                  0000d342    00000008     adc12_a.obj (.text:ADC12_A_enable)
                  0000d34a    00000006     context.obj (.text:Graphics_setFont)
                  0000d350    00000006     sfr.obj (.text:SFR_enableInterrupt)
                  0000d356    00000006     usci_b_spi.obj (.text:USCI_B_SPI_enable)
                  0000d35c    00000006     rts430x_lc_ld_eabi.lib : exit.c.obj (.text:abort)
                  0000d362    00000002                            : startup.c.obj (.text:_system_post_cinit)

.text.2    0    00022c00    000017f8     
                  00022c00    0000067e     string.obj (.text:Graphics_drawString)
                  0002327e    0000052a     main.obj (.text:runPrimitivesDemo)
                  000237a8    0000038c     circle.obj (.text:Graphics_fillCircle)
                  00023b34    0000037e     circle.obj (.text:Graphics_drawCircle)
                  00023eb2    00000296     line.obj (.text:Graphics_drawLine)
                  00024148    00000256     image.obj (.text:Graphics_drawImage)
                  0002439e    00000058     usci_b_spi.obj (.text:USCI_B_SPI_initMaster)
                  000243f6    00000002     kitronix320x240x16_ssd2119_spi.obj (.text:Kitronix320x240x16_SSD2119Flush)

MODULE SUMMARY

       Module                                                  code    ro data   rw data
       ------                                                  ----    -------   -------
    ./
       main.obj                                                2568    294       163    
       touch_F5529LP.obj                                       1170    34        12     
       system_pre_init.obj                                     12      0         0      
    +--+-------------------------------------------------------+-------+---------+---------+
       Total:                                                  3750    328       175    
                                                                                        
    ./GrLib/fonts/
       fontcmss20b.obj                                         0       2392      0      
       fontcm18.obj                                            0       2358      0      
    +--+-------------------------------------------------------+-------+---------+---------+
       Total:                                                  0       4750      0      
                                                                                        
    ./GrLib/grlib/
       string.obj                                              1972    0         0      
       circle.obj                                              1802    0         0      
       image.obj                                               598     0         1024   
       line.obj                                                1574    0         0      
       button.obj                                              660     0         0      
       rectangle.obj                                           392     0         0      
       imageButton.obj                                         362     0         0      
       context.obj                                             188     0         0      
       display.obj                                             150     0         0      
    +--+-------------------------------------------------------+-------+---------+---------+
       Total:                                                  7698    0         1024   
                                                                                        
    ./LcdDriver/
       kitronix320x240x16_ssd2119_spi.obj                      1200    44        0      
       HAL_MSP_EXP430F5529LP_KITRONIX320X240_SSD2119_SPI.obj   448     14        0      
    +--+-------------------------------------------------------+-------+---------+---------+
       Total:                                                  1648    58        0      
                                                                                        
    ./driverlib/MSP430F5xx_6xx/
       ucs.obj                                                 844     0         8      
       pmm.obj                                                 426     0         0      
       gpio.obj                                                318     28        0      
       adc12_a.obj                                             236     0         0      
       flashctl.obj                                            152     0         0      
       usci_b_spi.obj                                          138     0         0      
       timer_a.obj                                             118     0         0      
       wdt_a.obj                                               26      0         0      
       sfr.obj                                                 6       0         0      
    +--+-------------------------------------------------------+-------+---------+---------+
       Total:                                                  2264    28        8      
                                                                                        
    ./images/
       lcd_color_320x240.obj                                   0       77824     16     
       Images_Button.obj                                       0       6114      16     
       Primitives_Button.obj                                   0       6114      16     
       TI_platform_bar_red.obj                                 0       6014      16     
       TI_logo_150x150.obj                                     0       1724      16     
    +--+-------------------------------------------------------+-------+---------+---------+
       Total:                                                  0       97790     80     
                                                                                        
    /Applications/ti/ccs1220/ccs/tools/compiler/ti-cgt-msp430_21.6.1.LTS/lib/rts430x_lc_ld_eabi.lib
       fs_mpy.asm.obj                                          184     0         0      
       fs_div.asm.obj                                          144     0         0      
       autoinit.c.obj                                          120     0         0      
       copy_decompress_lzss.c.obj                              118     0         0      
       div32u.asm.obj                                          88      0         0      
       fs_cmp.asm.obj                                          74      0         0      
       fs_tou.asm.obj                                          70      0         0      
       div32s.asm.obj                                          64      0         0      
       asr32.asm.obj                                           62      0         0      
       lsr32.asm.obj                                           62      0         0      
       memcpy.c.obj                                            60      0         0      
       div16s.asm.obj                                          44      0         0      
       copy_zero_init.c.obj                                    36      0         0      
       fs_utof.asm.obj                                         36      0         0      
       mult32_f5hw.asm.obj                                     36      0         0      
       boot.c.obj                                              28      2         0      
       mult16_f5hw.asm.obj                                     24      0         0      
       copy_decompress_none.c.obj                              22      0         0      
       div16u.asm.obj                                          22      0         0      
       lsl16.asm.obj                                           10      0         0      
       lsr16.asm.obj                                           10      0         0      
       isr_trap.asm.obj                                        8       0         0      
       exit.c.obj                                              6       0         0      
       int41.asm.obj                                           0       2         0      
       int42.asm.obj                                           0       2         0      
       int43.asm.obj                                           0       2         0      
       int44.asm.obj                                           0       2         0      
       int45.asm.obj                                           0       2         0      
       int46.asm.obj                                           0       2         0      
       int47.asm.obj                                           0       2         0      
       int48.asm.obj                                           0       2         0      
       int49.asm.obj                                           0       2         0      
       int50.asm.obj                                           0       2         0      
       int51.asm.obj                                           0       2         0      
       int52.asm.obj                                           0       2         0      
       int53.asm.obj                                           0       2         0      
       int54.asm.obj                                           0       2         0      
       int55.asm.obj                                           0       2         0      
       int56.asm.obj                                           0       2         0      
       int57.asm.obj                                           0       2         0      
       int58.asm.obj                                           0       2         0      
       int59.asm.obj                                           0       2         0      
       int60.asm.obj                                           0       2         0      
       int61.asm.obj                                           0       2         0      
       int62.asm.obj                                           0       2         0      
       startup.c.obj                                           2       0         0      
    +--+-------------------------------------------------------+-------+---------+---------+
       Total:                                                  1330    46        0      
                                                                                        
       Stack:                                                  0       0         160    
       Linker Generated:                                       0       115       0      
    +--+-------------------------------------------------------+-------+---------+---------+
       Grand Total:                                            16690   103115    1447   


LINKER GENERATED COPY TABLES

__TI_cinit_table @ 0000d3c8 records: 2, size/record: 8, table size: 16
	.data: load addr=0000d364, load size=00000051 bytes, run addr=000028a2, run size=00000059 bytes, compression=lzss
	.bss: load addr=0000d3c2, load size=00000006 bytes, run addr=00002400, run size=000004a2 bytes, compression=zero_init


LINKER GENERATED HANDLER TABLE

__TI_handler_table @ 0000d3b6 records: 3, size/record: 4, table size: 12
	index: 0, handler: __TI_zero_init
	index: 1, handler: __TI_decompress_lzss
	index: 2, handler: __TI_decompress_none


GLOBAL SYMBOLS: SORTED ALPHABETICALLY BY Name 

address   name                                       
-------   ----                                       
00000700  ADC12CTL0                                  
00000701  ADC12CTL0_H                                
00000700  ADC12CTL0_L                                
00000702  ADC12CTL1                                  
00000703  ADC12CTL1_H                                
00000702  ADC12CTL1_L                                
00000704  ADC12CTL2                                  
00000705  ADC12CTL2_H                                
00000704  ADC12CTL2_L                                
0000070c  ADC12IE                                    
0000070d  ADC12IE_H                                  
0000070c  ADC12IE_L                                  
0000070a  ADC12IFG                                   
0000070b  ADC12IFG_H                                 
0000070a  ADC12IFG_L                                 
0000070e  ADC12IV                                    
0000070f  ADC12IV_H                                  
0000070e  ADC12IV_L                                  
00000710  ADC12MCTL0                                 
00000711  ADC12MCTL1                                 
0000071a  ADC12MCTL10                                
0000071b  ADC12MCTL11                                
0000071c  ADC12MCTL12                                
0000071d  ADC12MCTL13                                
0000071e  ADC12MCTL14                                
0000071f  ADC12MCTL15                                
00000712  ADC12MCTL2                                 
00000713  ADC12MCTL3                                 
00000714  ADC12MCTL4                                 
00000715  ADC12MCTL5                                 
00000716  ADC12MCTL6                                 
00000717  ADC12MCTL7                                 
00000718  ADC12MCTL8                                 
00000719  ADC12MCTL9                                 
00000720  ADC12MEM0                                  
00000721  ADC12MEM0_H                                
00000720  ADC12MEM0_L                                
00000722  ADC12MEM1                                  
00000734  ADC12MEM10                                 
00000735  ADC12MEM10_H                               
00000734  ADC12MEM10_L                               
00000736  ADC12MEM11                                 
00000737  ADC12MEM11_H                               
00000736  ADC12MEM11_L                               
00000738  ADC12MEM12                                 
00000739  ADC12MEM12_H                               
00000738  ADC12MEM12_L                               
0000073a  ADC12MEM13                                 
0000073b  ADC12MEM13_H                               
0000073a  ADC12MEM13_L                               
0000073c  ADC12MEM14                                 
0000073d  ADC12MEM14_H                               
0000073c  ADC12MEM14_L                               
0000073e  ADC12MEM15                                 
0000073f  ADC12MEM15_H                               
0000073e  ADC12MEM15_L                               
00000723  ADC12MEM1_H                                
00000722  ADC12MEM1_L                                
00000724  ADC12MEM2                                  
00000725  ADC12MEM2_H                                
00000724  ADC12MEM2_L                                
00000726  ADC12MEM3                                  
00000727  ADC12MEM3_H                                
00000726  ADC12MEM3_L                                
00000728  ADC12MEM4                                  
00000729  ADC12MEM4_H                                
00000728  ADC12MEM4_L                                
0000072a  ADC12MEM5                                  
0000072b  ADC12MEM5_H                                
0000072a  ADC12MEM5_L                                
0000072c  ADC12MEM6                                  
0000072d  ADC12MEM6_H                                
0000072c  ADC12MEM6_L                                
0000072e  ADC12MEM7                                  
0000072f  ADC12MEM7_H                                
0000072e  ADC12MEM7_L                                
00000730  ADC12MEM8                                  
00000731  ADC12MEM8_H                                
00000730  ADC12MEM8_L                                
00000732  ADC12MEM9                                  
00000733  ADC12MEM9_H                                
00000732  ADC12MEM9_L                                
0000d29c  ADC12_A_clearInterrupt                     
0000d082  ADC12_A_configureMemory                    
0000d342  ADC12_A_enable                             
0000d2fc  ADC12_A_getInterruptStatus                 
0000d27e  ADC12_A_getResults                         
0000c892  ADC12_A_init                               
0000d0a2  ADC12_A_setupSamplingTimer                 
0000ceb2  ADC12_A_startConversion                    
0000d35c  C$$EXIT                                    
000008c0  CBCTL0                                     
000008c1  CBCTL0_H                                   
000008c0  CBCTL0_L                                   
000008c2  CBCTL1                                     
000008c3  CBCTL1_H                                   
000008c2  CBCTL1_L                                   
000008c4  CBCTL2                                     
000008c5  CBCTL2_H                                   
000008c4  CBCTL2_L                                   
000008c6  CBCTL3                                     
000008c7  CBCTL3_H                                   
000008c6  CBCTL3_L                                   
000008cc  CBINT                                      
000008cd  CBINT_H                                    
000008cc  CBINT_L                                    
000008ce  CBIV                                       
00000150  CRCDI                                      
00000152  CRCDIRB                                    
00000153  CRCDIRB_H                                  
00000152  CRCDIRB_L                                  
00000151  CRCDI_H                                    
00000150  CRCDI_L                                    
00000154  CRCINIRES                                  
00000155  CRCINIRES_H                                
00000154  CRCINIRES_L                                
00000156  CRCRESR                                    
00000157  CRCRESR_H                                  
00000156  CRCRESR_L                                  
00000510  DMA0CTL                                    
00000516  DMA0DA                                     
00000518  DMA0DAH                                    
00000516  DMA0DAL                                    
00000512  DMA0SA                                     
00000514  DMA0SAH                                    
00000512  DMA0SAL                                    
0000051a  DMA0SZ                                     
00000520  DMA1CTL                                    
00000526  DMA1DA                                     
00000528  DMA1DAH                                    
00000526  DMA1DAL                                    
00000522  DMA1SA                                     
00000524  DMA1SAH                                    
00000522  DMA1SAL                                    
0000052a  DMA1SZ                                     
00000530  DMA2CTL                                    
00000536  DMA2DA                                     
00000538  DMA2DAH                                    
00000536  DMA2DAL                                    
00000532  DMA2SA                                     
00000534  DMA2SAH                                    
00000532  DMA2SAL                                    
0000053a  DMA2SZ                                     
00000500  DMACTL0                                    
00000502  DMACTL1                                    
00000504  DMACTL2                                    
00000506  DMACTL3                                    
00000508  DMACTL4                                    
0000050e  DMAIV                                      
00000140  FCTL1                                      
00000141  FCTL1_H                                    
00000140  FCTL1_L                                    
00000144  FCTL3                                      
00000145  FCTL3_H                                    
00000144  FCTL3_L                                    
00000146  FCTL4                                      
00000147  FCTL4_H                                    
00000146  FCTL4_L                                    
0000cfd0  FlashCtl_eraseSegment                      
0000d060  FlashCtl_lockInfoA                         
0000d0c2  FlashCtl_unlockInfoA                       
0000cd82  FlashCtl_write32                           
0000d0fe  GPIO_getInputPinValue                      
0000cdb6  GPIO_setAsInputPin                         
0000cbac  GPIO_setAsInputPinWithPullUpResistor       
0000cf0a  GPIO_setAsOutputPin                        
0000cf32  GPIO_setAsPeripheralModuleFunctionInputPin 
0000cf5a  GPIO_setAsPeripheralModuleFunctionOutputPin
0000d11a  GPIO_setOutputHighOnPin                    
0000d136  GPIO_setOutputLowOnPin                     
0000d28e  Graphics_clearDisplay                      
0000d2a8  Graphics_clearDisplayOnDisplay             
0000b248  Graphics_drawButton                        
00023b34  Graphics_drawCircle                        
0000d16c  Graphics_drawHorizontalLineOnDisplay       
00024148  Graphics_drawImage                         
0000beec  Graphics_drawImageButton                   
00023eb2  Graphics_drawLine                          
0000bb42  Graphics_drawLineH                         
0000bc06  Graphics_drawLineV                         
0000cd16  Graphics_drawMultiplePixelsOnDisplay       
0000cf82  Graphics_drawPixel                         
0000d2b4  Graphics_drawPixelOnDisplay                
0000b53c  Graphics_drawRectangle                     
0000bcc0  Graphics_drawReleasedButton                
0000bd7a  Graphics_drawSelectedButton                
0000c158  Graphics_drawSelectedImageButton           
00022c00  Graphics_drawString                        
0000c51a  Graphics_drawStringCentered                
0000d184  Graphics_drawVerticalLineOnDisplay         
000237a8  Graphics_fillCircle                        
0000c02c  Graphics_fillRectangle                     
0000d2c0  Graphics_fillRectangleOnDisplay            
0000d306  Graphics_getDisplayHeight                  
0000d310  Graphics_getDisplayWidth                   
0000c1ea  Graphics_getStringWidth                    
0000cc66  Graphics_initContext                       
0000d0e0  Graphics_isButtonSelected                  
0000cd4c  Graphics_isImageButtonSelected             
0000d19c  Graphics_setBackgroundColor                
0000d34a  Graphics_setFont                           
0000d1b4  Graphics_setForegroundColor                
0000d2cc  Graphics_translateColorOnDisplay           
0000d1cc  HAL_LCD_delay30ms                          
0000d214  HAL_LCD_deselectLCD                        
0000b710  HAL_LCD_initLCD                            
0000d22a  HAL_LCD_selectLCD                          
0000c932  HAL_LCD_writeCommand                       
0000c8e4  HAL_LCD_writeData                          
000028a2  Images_Button4BPP_UNCOMP                   
0000aa4e  Kitronix320x240x16_SSD2119Init             
0000ca58  Kitronix320x240x16_SSD2119_setCursorLtoR   
0000ca9e  Kitronix320x240x16_SSD2119_setCursorTtoB   
000004c4  MAC                                        
000004da  MAC32H                                     
000004db  MAC32H_H                                   
000004da  MAC32H_L                                   
000004d8  MAC32L                                     
000004d9  MAC32L_H                                   
000004d8  MAC32L_L                                   
000004c6  MACS                                       
000004de  MACS32H                                    
000004df  MACS32H_H                                  
000004de  MACS32H_L                                  
000004dc  MACS32L                                    
000004dd  MACS32L_H                                  
000004dc  MACS32L_L                                  
000004c7  MACS_H                                     
000004c6  MACS_L                                     
000004c5  MAC_H                                      
000004c4  MAC_L                                      
000004c0  MPY                                        
000004ec  MPY32CTL0                                  
000004ed  MPY32CTL0_H                                
000004ec  MPY32CTL0_L                                
000004d2  MPY32H                                     
000004d3  MPY32H_H                                   
000004d2  MPY32H_L                                   
000004d0  MPY32L                                     
000004d1  MPY32L_H                                   
000004d0  MPY32L_L                                   
000004c2  MPYS                                       
000004d6  MPYS32H                                    
000004d7  MPYS32H_H                                  
000004d6  MPYS32H_L                                  
000004d4  MPYS32L                                    
000004d5  MPYS32L_H                                  
000004d4  MPYS32L_L                                  
000004c3  MPYS_H                                     
000004c2  MPYS_L                                     
000004c1  MPY_H                                      
000004c0  MPY_L                                      
000004c8  OP2                                        
000004e2  OP2H                                       
000004e3  OP2H_H                                     
000004e2  OP2H_L                                     
000004e0  OP2L                                       
000004e1  OP2L_H                                     
000004e0  OP2L_L                                     
000004c9  OP2_H                                      
000004c8  OP2_L                                      
0000020e  P1IV                                       
0000021e  P2IV                                       
000001e0  P4MAP01                                    
000001e1  P4MAP01_H                                  
000001e0  P4MAP01_L                                  
000001e2  P4MAP23                                    
000001e3  P4MAP23_H                                  
000001e2  P4MAP23_L                                  
000001e4  P4MAP45                                    
000001e5  P4MAP45_H                                  
000001e4  P4MAP45_L                                  
000001e6  P4MAP67                                    
000001e7  P4MAP67_H                                  
000001e6  P4MAP67_L                                  
00000204  PADIR                                      
00000205  PADIR_H                                    
00000204  PADIR_L                                    
00000208  PADS                                       
00000209  PADS_H                                     
00000208  PADS_L                                     
0000021a  PAIE                                       
00000218  PAIES                                      
00000219  PAIES_H                                    
00000218  PAIES_L                                    
0000021b  PAIE_H                                     
0000021a  PAIE_L                                     
0000021c  PAIFG                                      
0000021d  PAIFG_H                                    
0000021c  PAIFG_L                                    
00000200  PAIN                                       
00000201  PAIN_H                                     
00000200  PAIN_L                                     
00000202  PAOUT                                      
00000203  PAOUT_H                                    
00000202  PAOUT_L                                    
00000206  PAREN                                      
00000207  PAREN_H                                    
00000206  PAREN_L                                    
0000020a  PASEL                                      
0000020b  PASEL_H                                    
0000020a  PASEL_L                                    
00000224  PBDIR                                      
00000225  PBDIR_H                                    
00000224  PBDIR_L                                    
00000228  PBDS                                       
00000229  PBDS_H                                     
00000228  PBDS_L                                     
00000220  PBIN                                       
00000221  PBIN_H                                     
00000220  PBIN_L                                     
00000222  PBOUT                                      
00000223  PBOUT_H                                    
00000222  PBOUT_L                                    
00000226  PBREN                                      
00000227  PBREN_H                                    
00000226  PBREN_L                                    
0000022a  PBSEL                                      
0000022b  PBSEL_H                                    
0000022a  PBSEL_L                                    
00000244  PCDIR                                      
00000245  PCDIR_H                                    
00000244  PCDIR_L                                    
00000248  PCDS                                       
00000249  PCDS_H                                     
00000248  PCDS_L                                     
00000240  PCIN                                       
00000241  PCIN_H                                     
00000240  PCIN_L                                     
00000242  PCOUT                                      
00000243  PCOUT_H                                    
00000242  PCOUT_L                                    
00000246  PCREN                                      
00000247  PCREN_H                                    
00000246  PCREN_L                                    
0000024a  PCSEL                                      
0000024b  PCSEL_H                                    
0000024a  PCSEL_L                                    
00000264  PDDIR                                      
00000265  PDDIR_H                                    
00000264  PDDIR_L                                    
00000268  PDDS                                       
00000269  PDDS_H                                     
00000268  PDDS_L                                     
00000260  PDIN                                       
00000261  PDIN_H                                     
00000260  PDIN_L                                     
00000262  PDOUT                                      
00000263  PDOUT_H                                    
00000262  PDOUT_L                                    
00000266  PDREN                                      
00000267  PDREN_H                                    
00000266  PDREN_L                                    
0000026a  PDSEL                                      
0000026b  PDSEL_H                                    
0000026a  PDSEL_L                                    
00000324  PJDIR                                      
00000325  PJDIR_H                                    
00000324  PJDIR_L                                    
00000328  PJDS                                       
00000329  PJDS_H                                     
00000328  PJDS_L                                     
00000320  PJIN                                       
00000321  PJIN_H                                     
00000320  PJIN_L                                     
00000322  PJOUT                                      
00000323  PJOUT_H                                    
00000322  PJOUT_L                                    
00000326  PJREN                                      
00000327  PJREN_H                                    
00000326  PJREN_L                                    
00000130  PM5CTL0                                    
00000131  PM5CTL0_H                                  
00000130  PM5CTL0_L                                  
000001c2  PMAPCTL                                    
000001c3  PMAPCTL_H                                  
000001c2  PMAPCTL_L                                  
000001c0  PMAPKEYID                                  
000001c1  PMAPKEYID_H                                
000001c0  PMAPKEYID_L                                
00000120  PMMCTL0                                    
00000121  PMMCTL0_H                                  
00000120  PMMCTL0_L                                  
00000122  PMMCTL1                                    
00000123  PMMCTL1_H                                  
00000122  PMMCTL1_L                                  
0000012c  PMMIFG                                     
0000012d  PMMIFG_H                                   
0000012c  PMMIFG_L                                   
0000012e  PMMRIE                                     
0000012f  PMMRIE_H                                   
0000012e  PMMRIE_L                                   
0000c97e  PMM_setVCore                               
0000c0c4  PMM_setVCoreDown                           
0000b9b0  PMM_setVCoreUp                             
000028b2  Primitives_Button4BPP_UNCOMP               
00000158  RCCTL0                                     
00000159  RCCTL0_H                                   
00000158  RCCTL0_L                                   
000001b0  REFCTL0                                    
000001b1  REFCTL0_H                                  
000001b0  REFCTL0_L                                  
000004e4  RES0                                       
000004e5  RES0_H                                     
000004e4  RES0_L                                     
000004e6  RES1                                       
000004e7  RES1_H                                     
000004e6  RES1_L                                     
000004e8  RES2                                       
000004e9  RES2_H                                     
000004e8  RES2_L                                     
000004ea  RES3                                       
000004eb  RES3_H                                     
000004ea  RES3_L                                     
000004cc  RESHI                                      
000004cd  RESHI_H                                    
000004cc  RESHI_L                                    
000004ca  RESLO                                      
000004cb  RESLO_H                                    
000004ca  RESLO_L                                    
000004ba  RTCADOWDAY                                 
000004bb  RTCADOWDAY_H                               
000004ba  RTCADOWDAY_L                               
000004b8  RTCAMINHR                                  
000004b9  RTCAMINHR_H                                
000004b8  RTCAMINHR_L                                
000004a0  RTCCTL01                                   
000004a1  RTCCTL01_H                                 
000004a0  RTCCTL01_L                                 
000004a2  RTCCTL23                                   
000004a3  RTCCTL23_H                                 
000004a2  RTCCTL23_L                                 
000004b4  RTCDATE                                    
000004b5  RTCDATE_H                                  
000004b4  RTCDATE_L                                  
000004ae  RTCIV                                      
000004ac  RTCPS                                      
000004a8  RTCPS0CTL                                  
000004a9  RTCPS0CTL_H                                
000004a8  RTCPS0CTL_L                                
000004aa  RTCPS1CTL                                  
000004ab  RTCPS1CTL_H                                
000004aa  RTCPS1CTL_L                                
000004ad  RTCPS_H                                    
000004ac  RTCPS_L                                    
000004b0  RTCTIM0                                    
000004b1  RTCTIM0_H                                  
000004b0  RTCTIM0_L                                  
000004b2  RTCTIM1                                    
000004b3  RTCTIM1_H                                  
000004b2  RTCTIM1_L                                  
000004b6  RTCYEAR                                    
000004b7  RTCYEAR_H                                  
000004b6  RTCYEAR_L                                  
00000100  SFRIE1                                     
00000101  SFRIE1_H                                   
00000100  SFRIE1_L                                   
00000102  SFRIFG1                                    
00000103  SFRIFG1_H                                  
00000102  SFRIFG1_L                                  
00000104  SFRRPCR                                    
00000105  SFRRPCR_H                                  
00000104  SFRRPCR_L                                  
0000d350  SFR_enableInterrupt                        
000004ce  SUMEXT                                     
000004cf  SUMEXT_H                                   
000004ce  SUMEXT_L                                   
00000124  SVSMHCTL                                   
00000125  SVSMHCTL_H                                 
00000124  SVSMHCTL_L                                 
00000128  SVSMIO                                     
00000129  SVSMIO_H                                   
00000128  SVSMIO_L                                   
00000126  SVSMLCTL                                   
00000127  SVSMLCTL_H                                 
00000126  SVSMLCTL_L                                 
00000198  SYSBERRIV                                  
00000199  SYSBERRIV_H                                
00000198  SYSBERRIV_L                                
00000182  SYSBSLC                                    
00000183  SYSBSLC_H                                  
00000182  SYSBSLC_L                                  
00000180  SYSCTL                                     
00000181  SYSCTL_H                                   
00000180  SYSCTL_L                                   
00000186  SYSJMBC                                    
00000187  SYSJMBC_H                                  
00000186  SYSJMBC_L                                  
00000188  SYSJMBI0                                   
00000189  SYSJMBI0_H                                 
00000188  SYSJMBI0_L                                 
0000018a  SYSJMBI1                                   
0000018b  SYSJMBI1_H                                 
0000018a  SYSJMBI1_L                                 
0000018c  SYSJMBO0                                   
0000018d  SYSJMBO0_H                                 
0000018c  SYSJMBO0_L                                 
0000018e  SYSJMBO1                                   
0000018f  SYSJMBO1_H                                 
0000018e  SYSJMBO1_L                                 
0000019e  SYSRSTIV                                   
0000019f  SYSRSTIV_H                                 
0000019e  SYSRSTIV_L                                 
0000019c  SYSSNIV                                    
0000019d  SYSSNIV_H                                  
0000019c  SYSSNIV_L                                  
0000019a  SYSUNIV                                    
0000019b  SYSUNIV_H                                  
0000019a  SYSUNIV_L                                  
00000352  TA0CCR0                                    
00000354  TA0CCR1                                    
00000356  TA0CCR2                                    
00000358  TA0CCR3                                    
0000035a  TA0CCR4                                    
00000342  TA0CCTL0                                   
00000344  TA0CCTL1                                   
00000346  TA0CCTL2                                   
00000348  TA0CCTL3                                   
0000034a  TA0CCTL4                                   
00000340  TA0CTL                                     
00000360  TA0EX0                                     
0000036e  TA0IV                                      
00000350  TA0R                                       
00000392  TA1CCR0                                    
00000394  TA1CCR1                                    
00000396  TA1CCR2                                    
00000382  TA1CCTL0                                   
00000384  TA1CCTL1                                   
00000386  TA1CCTL2                                   
00000380  TA1CTL                                     
000003a0  TA1EX0                                     
000003ae  TA1IV                                      
00000390  TA1R                                       
00000412  TA2CCR0                                    
00000414  TA2CCR1                                    
00000416  TA2CCR2                                    
00000402  TA2CCTL0                                   
00000404  TA2CCTL1                                   
00000406  TA2CCTL2                                   
00000400  TA2CTL                                     
00000420  TA2EX0                                     
0000042e  TA2IV                                      
00000410  TA2R                                       
000003d2  TB0CCR0                                    
000003d4  TB0CCR1                                    
000003d6  TB0CCR2                                    
000003d8  TB0CCR3                                    
000003da  TB0CCR4                                    
000003dc  TB0CCR5                                    
000003de  TB0CCR6                                    
000003c2  TB0CCTL0                                   
000003c4  TB0CCTL1                                   
000003c6  TB0CCTL2                                   
000003c8  TB0CCTL3                                   
000003ca  TB0CCTL4                                   
000003cc  TB0CCTL5                                   
000003ce  TB0CCTL6                                   
000003c0  TB0CTL                                     
000003e0  TB0EX0                                     
000003ee  TB0IV                                      
000003d0  TB0R                                       
000028c2  TI_logo_150x1501BPP_COMP_RLE4              
000028d2  TI_platform_bar_red4BPP_UNCOMP             
0000c60a  Timer_A_initUpMode                         
000005d0  UCA0ABCTL                                  
000005c6  UCA0BRW                                    
000005c7  UCA0BRW_H                                  
000005c6  UCA0BRW_L                                  
000005c0  UCA0CTLW0                                  
000005c1  UCA0CTLW0_H                                
000005c0  UCA0CTLW0_L                                
000005dc  UCA0ICTL                                   
000005dd  UCA0ICTL_H                                 
000005dc  UCA0ICTL_L                                 
000005d2  UCA0IRCTL                                  
000005d3  UCA0IRCTL_H                                
000005d2  UCA0IRCTL_L                                
000005de  UCA0IV                                     
000005c8  UCA0MCTL                                   
000005cc  UCA0RXBUF                                  
000005ca  UCA0STAT                                   
000005ce  UCA0TXBUF                                  
00000610  UCA1ABCTL                                  
00000606  UCA1BRW                                    
00000607  UCA1BRW_H                                  
00000606  UCA1BRW_L                                  
00000600  UCA1CTLW0                                  
00000601  UCA1CTLW0_H                                
00000600  UCA1CTLW0_L                                
0000061c  UCA1ICTL                                   
0000061d  UCA1ICTL_H                                 
0000061c  UCA1ICTL_L                                 
00000612  UCA1IRCTL                                  
00000613  UCA1IRCTL_H                                
00000612  UCA1IRCTL_L                                
0000061e  UCA1IV                                     
00000608  UCA1MCTL                                   
0000060c  UCA1RXBUF                                  
0000060a  UCA1STAT                                   
0000060e  UCA1TXBUF                                  
000005e6  UCB0BRW                                    
000005e7  UCB0BRW_H                                  
000005e6  UCB0BRW_L                                  
000005e0  UCB0CTLW0                                  
000005e1  UCB0CTLW0_H                                
000005e0  UCB0CTLW0_L                                
000005f0  UCB0I2COA                                  
000005f1  UCB0I2COA_H                                
000005f0  UCB0I2COA_L                                
000005f2  UCB0I2CSA                                  
000005f3  UCB0I2CSA_H                                
000005f2  UCB0I2CSA_L                                
000005fc  UCB0ICTL                                   
000005fd  UCB0ICTL_H                                 
000005fc  UCB0ICTL_L                                 
000005fe  UCB0IV                                     
000005ec  UCB0RXBUF                                  
000005ea  UCB0STAT                                   
000005ee  UCB0TXBUF                                  
00000626  UCB1BRW                                    
00000627  UCB1BRW_H                                  
00000626  UCB1BRW_L                                  
00000620  UCB1CTLW0                                  
00000621  UCB1CTLW0_H                                
00000620  UCB1CTLW0_L                                
00000630  UCB1I2COA                                  
00000631  UCB1I2COA_H                                
00000630  UCB1I2COA_L                                
00000632  UCB1I2CSA                                  
00000633  UCB1I2CSA_H                                
00000632  UCB1I2CSA_L                                
0000063c  UCB1ICTL                                   
0000063d  UCB1ICTL_H                                 
0000063c  UCB1ICTL_L                                 
0000063e  UCB1IV                                     
0000062c  UCB1RXBUF                                  
0000062a  UCB1STAT                                   
0000062e  UCB1TXBUF                                  
00000160  UCSCTL0                                    
00000161  UCSCTL0_H                                  
00000160  UCSCTL0_L                                  
00000162  UCSCTL1                                    
00000163  UCSCTL1_H                                  
00000162  UCSCTL1_L                                  
00000164  UCSCTL2                                    
00000165  UCSCTL2_H                                  
00000164  UCSCTL2_L                                  
00000166  UCSCTL3                                    
00000167  UCSCTL3_H                                  
00000166  UCSCTL3_L                                  
00000168  UCSCTL4                                    
00000169  UCSCTL4_H                                  
00000168  UCSCTL4_L                                  
0000016a  UCSCTL5                                    
0000016b  UCSCTL5_H                                  
0000016a  UCSCTL5_L                                  
0000016c  UCSCTL6                                    
0000016d  UCSCTL6_H                                  
0000016c  UCSCTL6_L                                  
0000016e  UCSCTL7                                    
0000016f  UCSCTL7_H                                  
0000016e  UCSCTL7_L                                  
00000170  UCSCTL8                                    
00000171  UCSCTL8_H                                  
00000170  UCSCTL8_L                                  
0000d1e4  UCS_getSMCLK                               
0000b7f2  UCS_initFLL                                
0000ce52  UCS_initFLLSettle                          
0000d26c  UCS_setExternalClockSource                 
0000ccde  UCS_turnOnLFXT1                            
00000902  USBCNF                                     
00000903  USBCNF_H                                   
00000902  USBCNF_L                                   
0000093c  USBCTL                                     
0000093a  USBFN                                      
0000093b  USBFN_H                                    
0000093a  USBFN_L                                    
0000093f  USBFUNADR                                  
0000093d  USBIE                                      
00002378  USBIEP0BUF                                 
000023c9  USBIEPBBAX_1                               
000023d1  USBIEPBBAX_2                               
000023d9  USBIEPBBAX_3                               
000023e1  USBIEPBBAX_4                               
000023e9  USBIEPBBAX_5                               
000023f1  USBIEPBBAX_6                               
000023f9  USBIEPBBAX_7                               
000023cd  USBIEPBBAY_1                               
000023d5  USBIEPBBAY_2                               
000023dd  USBIEPBBAY_3                               
000023e5  USBIEPBBAY_4                               
000023ed  USBIEPBBAY_5                               
000023f5  USBIEPBBAY_6                               
000023fd  USBIEPBBAY_7                               
000023ca  USBIEPBCTX_1                               
000023d2  USBIEPBCTX_2                               
000023da  USBIEPBCTX_3                               
000023e2  USBIEPBCTX_4                               
000023ea  USBIEPBCTX_5                               
000023f2  USBIEPBCTX_6                               
000023fa  USBIEPBCTX_7                               
000023ce  USBIEPBCTY_1                               
000023d6  USBIEPBCTY_2                               
000023de  USBIEPBCTY_3                               
000023e6  USBIEPBCTY_4                               
000023ee  USBIEPBCTY_5                               
000023f6  USBIEPBCTY_6                               
000023fe  USBIEPBCTY_7                               
00000920  USBIEPCNF_0                                
000023c8  USBIEPCNF_1                                
000023d0  USBIEPCNF_2                                
000023d8  USBIEPCNF_3                                
000023e0  USBIEPCNF_4                                
000023e8  USBIEPCNF_5                                
000023f0  USBIEPCNF_6                                
000023f8  USBIEPCNF_7                                
00000921  USBIEPCNT_0                                
0000092e  USBIEPIE                                   
00000930  USBIEPIFG                                  
000023cf  USBIEPSIZXY_1                              
000023d7  USBIEPSIZXY_2                              
000023df  USBIEPSIZXY_3                              
000023e7  USBIEPSIZXY_4                              
000023ef  USBIEPSIZXY_5                              
000023f7  USBIEPSIZXY_6                              
000023ff  USBIEPSIZXY_7                              
0000093e  USBIFG                                     
00000900  USBKEYID                                   
00000901  USBKEYID_H                                 
00000900  USBKEYID_L                                 
00000936  USBMAINT                                   
00000937  USBMAINT_H                                 
00000936  USBMAINT_L                                 
00002370  USBOEP0BUF                                 
00002389  USBOEPBBAX_1                               
00002391  USBOEPBBAX_2                               
00002399  USBOEPBBAX_3                               
000023a1  USBOEPBBAX_4                               
000023a9  USBOEPBBAX_5                               
000023b1  USBOEPBBAX_6                               
000023b9  USBOEPBBAX_7                               
0000238d  USBOEPBBAY_1                               
00002395  USBOEPBBAY_2                               
0000239d  USBOEPBBAY_3                               
000023a5  USBOEPBBAY_4                               
000023ad  USBOEPBBAY_5                               
000023b5  USBOEPBBAY_6                               
000023bd  USBOEPBBAY_7                               
0000238a  USBOEPBCTX_1                               
00002392  USBOEPBCTX_2                               
0000239a  USBOEPBCTX_3                               
000023a2  USBOEPBCTX_4                               
000023aa  USBOEPBCTX_5                               
000023b2  USBOEPBCTX_6                               
000023ba  USBOEPBCTX_7                               
0000238e  USBOEPBCTY_1                               
00002396  USBOEPBCTY_2                               
0000239e  USBOEPBCTY_3                               
000023a6  USBOEPBCTY_4                               
000023ae  USBOEPBCTY_5                               
000023b6  USBOEPBCTY_6                               
000023be  USBOEPBCTY_7                               
00000922  USBOEPCNF_0                                
00002388  USBOEPCNF_1                                
00002390  USBOEPCNF_2                                
00002398  USBOEPCNF_3                                
000023a0  USBOEPCNF_4                                
000023a8  USBOEPCNF_5                                
000023b0  USBOEPCNF_6                                
000023b8  USBOEPCNF_7                                
00000923  USBOEPCNT_0                                
0000092f  USBOEPIE                                   
00000931  USBOEPIFG                                  
0000238f  USBOEPSIZXY_1                              
00002397  USBOEPSIZXY_2                              
0000239f  USBOEPSIZXY_3                              
000023a7  USBOEPSIZXY_4                              
000023af  USBOEPSIZXY_5                              
000023b7  USBOEPSIZXY_6                              
000023bf  USBOEPSIZXY_7                              
00000904  USBPHYCTL                                  
00000905  USBPHYCTL_H                                
00000904  USBPHYCTL_L                                
00000910  USBPLLCTL                                  
00000911  USBPLLCTL_H                                
00000910  USBPLLCTL_L                                
00000912  USBPLLDIVB                                 
00000913  USBPLLDIVB_H                               
00000912  USBPLLDIVB_L                               
00000914  USBPLLIR                                   
00000915  USBPLLIR_H                                 
00000914  USBPLLIR_L                                 
00000908  USBPWRCTL                                  
00000909  USBPWRCTL_H                                
00000908  USBPWRCTL_L                                
00001c00  USBSTABUFF                                 
00002380  USBSUBLK                                   
0000236f  USBTOPBUFF                                 
00000938  USBTSREG                                   
00000939  USBTSREG_H                                 
00000938  USBTSREG_L                                 
00000932  USBVECINT                                  
00000933  USBVECINT_H                                
00000932  USBVECINT_L                                
0000d2d8  USCI_B_SPI_clearInterrupt                  
0000d356  USCI_B_SPI_enable                          
0000d31a  USCI_B_SPI_getInterruptStatus              
0002439e  USCI_B_SPI_initMaster                      
0000d2e4  USCI_B_SPI_isBusy                          
0000d324  USCI_B_SPI_transmitData                    
[...]
0000072f  ADC12MEM7_H                                
00000730  ADC12MEM8                                  
00000730  ADC12MEM8_L                                
00000731  ADC12MEM8_H                                
00000732  ADC12MEM9                                  
00000732  ADC12MEM9_L                                
00000733  ADC12MEM9_H                                
00000734  ADC12MEM10                                 
00000734  ADC12MEM10_L                               
00000735  ADC12MEM10_H                               
00000736  ADC12MEM11                                 
00000736  ADC12MEM11_L                               
00000737  ADC12MEM11_H                               
00000738  ADC12MEM12                                 
00000738  ADC12MEM12_L                               
00000739  ADC12MEM12_H                               
0000073a  ADC12MEM13                                 
0000073a  ADC12MEM13_L                               
0000073b  ADC12MEM13_H                               
0000073c  ADC12MEM14                                 
0000073c  ADC12MEM14_L                               
0000073d  ADC12MEM14_H                               
0000073e  ADC12MEM15                                 
0000073e  ADC12MEM15_L                               
0000073f  ADC12MEM15_H                               
000008c0  CBCTL0                                     
000008c0  CBCTL0_L                                   
000008c1  CBCTL0_H                                   
000008c2  CBCTL1                                     
000008c2  CBCTL1_L                                   
000008c3  CBCTL1_H                                   
000008c4  CBCTL2                                     
000008c4  CBCTL2_L                                   
000008c5  CBCTL2_H                                   
000008c6  CBCTL3                                     
000008c6  CBCTL3_L                                   
000008c7  CBCTL3_H                                   
000008cc  CBINT                                      
000008cc  CBINT_L                                    
000008cd  CBINT_H                                    
000008ce  CBIV                                       
00000900  USBKEYID                                   
00000900  USBKEYID_L                                 
00000901  USBKEYID_H                                 
00000902  USBCNF                                     
00000902  USBCNF_L                                   
00000903  USBCNF_H                                   
00000904  USBPHYCTL                                  
00000904  USBPHYCTL_L                                
00000905  USBPHYCTL_H                                
00000908  USBPWRCTL                                  
00000908  USBPWRCTL_L                                
00000909  USBPWRCTL_H                                
00000910  USBPLLCTL                                  
00000910  USBPLLCTL_L                                
00000911  USBPLLCTL_H                                
00000912  USBPLLDIVB                                 
00000912  USBPLLDIVB_L                               
00000913  USBPLLDIVB_H                               
00000914  USBPLLIR                                   
00000914  USBPLLIR_L                                 
00000915  USBPLLIR_H                                 
00000920  USBIEPCNF_0                                
00000921  USBIEPCNT_0                                
00000922  USBOEPCNF_0                                
00000923  USBOEPCNT_0                                
0000092e  USBIEPIE                                   
0000092f  USBOEPIE                                   
00000930  USBIEPIFG                                  
00000931  USBOEPIFG                                  
00000932  USBVECINT                                  
00000932  USBVECINT_L                                
00000933  USBVECINT_H                                
00000936  USBMAINT                                   
00000936  USBMAINT_L                                 
00000937  USBMAINT_H                                 
00000938  USBTSREG                                   
00000938  USBTSREG_L                                 
00000939  USBTSREG_H                                 
0000093a  USBFN                                      
0000093a  USBFN_L                                    
0000093b  USBFN_H                                    
0000093c  USBCTL                                     
0000093d  USBIE                                      
0000093e  USBIFG                                     
0000093f  USBFUNADR                                  
00001c00  USBSTABUFF                                 
0000236f  USBTOPBUFF                                 
00002370  USBOEP0BUF                                 
00002378  USBIEP0BUF                                 
00002380  USBSUBLK                                   
00002388  USBOEPCNF_1                                
00002389  USBOEPBBAX_1                               
0000238a  USBOEPBCTX_1                               
0000238d  USBOEPBBAY_1                               
0000238e  USBOEPBCTY_1                               
0000238f  USBOEPSIZXY_1                              
00002390  USBOEPCNF_2                                
00002391  USBOEPBBAX_2                               
00002392  USBOEPBCTX_2                               
00002395  USBOEPBBAY_2                               
00002396  USBOEPBCTY_2                               
00002397  USBOEPSIZXY_2                              
00002398  USBOEPCNF_3                                
00002399  USBOEPBBAX_3                               
0000239a  USBOEPBCTX_3                               
0000239d  USBOEPBBAY_3                               
0000239e  USBOEPBCTY_3                               
0000239f  USBOEPSIZXY_3                              
000023a0  USBOEPCNF_4                                
000023a1  USBOEPBBAX_4                               
000023a2  USBOEPBCTX_4                               
000023a5  USBOEPBBAY_4                               
000023a6  USBOEPBCTY_4                               
000023a7  USBOEPSIZXY_4                              
000023a8  USBOEPCNF_5                                
000023a9  USBOEPBBAX_5                               
000023aa  USBOEPBCTX_5                               
000023ad  USBOEPBBAY_5                               
000023ae  USBOEPBCTY_5                               
000023af  USBOEPSIZXY_5                              
000023b0  USBOEPCNF_6                                
000023b1  USBOEPBBAX_6                               
000023b2  USBOEPBCTX_6                               
000023b5  USBOEPBBAY_6                               
000023b6  USBOEPBCTY_6                               
000023b7  USBOEPSIZXY_6                              
000023b8  USBOEPCNF_7                                
000023b9  USBOEPBBAX_7                               
000023ba  USBOEPBCTX_7                               
000023bd  USBOEPBBAY_7                               
000023be  USBOEPBCTY_7                               
000023bf  USBOEPSIZXY_7                              
000023c8  USBIEPCNF_1                                
000023c9  USBIEPBBAX_1                               
000023ca  USBIEPBCTX_1                               
000023cd  USBIEPBBAY_1                               
000023ce  USBIEPBCTY_1                               
000023cf  USBIEPSIZXY_1                              
000023d0  USBIEPCNF_2                                
000023d1  USBIEPBBAX_2                               
000023d2  USBIEPBCTX_2                               
000023d5  USBIEPBBAY_2                               
000023d6  USBIEPBCTY_2                               
000023d7  USBIEPSIZXY_2                              
000023d8  USBIEPCNF_3                                
000023d9  USBIEPBBAX_3                               
000023da  USBIEPBCTX_3                               
000023dd  USBIEPBBAY_3                               
000023de  USBIEPBCTY_3                               
000023df  USBIEPSIZXY_3                              
000023e0  USBIEPCNF_4                                
000023e1  USBIEPBBAX_4                               
000023e2  USBIEPBCTX_4                               
000023e5  USBIEPBBAY_4                               
000023e6  USBIEPBCTY_4                               
000023e7  USBIEPSIZXY_4                              
000023e8  USBIEPCNF_5                                
000023e9  USBIEPBBAX_5                               
000023ea  USBIEPBCTX_5                               
000023ed  USBIEPBBAY_5                               
000023ee  USBIEPBCTY_5                               
000023ef  USBIEPSIZXY_5                              
000023f0  USBIEPCNF_6                                
000023f1  USBIEPBBAX_6                               
000023f2  USBIEPBCTX_6                               
000023f5  USBIEPBBAY_6                               
000023f6  USBIEPBCTY_6                               
000023f7  USBIEPSIZXY_6                              
000023f8  USBIEPCNF_7                                
000023f9  USBIEPBBAX_7                               
000023fa  USBIEPBCTX_7                               
000023fd  USBIEPBBAY_7                               
000023fe  USBIEPBCTY_7                               
000023ff  USBIEPSIZXY_7                              
00002800  noButton                                   
0000282a  yesButton                                  
00002854  g_sContext                                 
00002870  imageButton                                
00002886  primitiveButton                            
0000289c  g_sTouchContext                            
000028a2  Images_Button4BPP_UNCOMP                   
000028b2  Primitives_Button4BPP_UNCOMP               
000028c2  TI_logo_150x1501BPP_COMP_RLE4              
000028d2  TI_platform_bar_red4BPP_UNCOMP             
000028e2  lcd_color_320x2408BPP_UNCOMP               
000028fa  g_ranDemo                                  
00004360  _stack                                     
00004400  __STACK_END                                
00004400  _c_int00_noargs                            
0000441c  __TI_ISR_TRAP                              
0000a758  g_sFontCm18                                
0000a820  g_sFontCmss20b                             
0000a9a8  g_sKitronix320x240x16_SSD2119              
0000aa4e  Kitronix320x240x16_SSD2119Init             
0000add6  initializeDemoButtons                      
0000af20  touch_calibrate                            
0000b038  drawRestarDemo                             
0000b144  main                                       
0000b248  Graphics_drawButton                        
0000b34a  runImagesDemo                              
0000b53c  Graphics_drawRectangle                     
0000b710  HAL_LCD_initLCD                            
0000b7f2  UCS_initFLL                                
0000b8d4  touch_updateCurrentTouch                   
0000b9b0  PMM_setVCoreUp                             
0000bb42  Graphics_drawLineH                         
0000bc06  Graphics_drawLineV                         
0000bcc0  Graphics_drawReleasedButton                
0000bd7a  Graphics_drawSelectedButton                
0000be34  __mspabi_mpyf                              
0000beec  Graphics_drawImageButton                   
0000bf8e  touch_initInterface                        
0000c02c  Graphics_fillRectangle                     
0000c0c4  PMM_setVCoreDown                           
0000c158  Graphics_drawSelectedImageButton           
0000c1ea  Graphics_getStringWidth                    
0000c27a  __mspabi_divf                              
0000c396  drawMainMenu                               
0000c51a  Graphics_drawStringCentered                
0000c592  __TI_auto_init_nobinit_nopinit_hold_wdt    
0000c60a  Timer_A_initUpMode                         
0000c680  __TI_decompress_lzss                       
0000c83a  __mspabi_divul                             
0000c83a  __mspabi_remul                             
0000c892  ADC12_A_init                               
0000c8e4  HAL_LCD_writeData                          
0000c932  HAL_LCD_writeCommand                       
0000c97e  PMM_setVCore                               
0000c9c8  __mspabi_cmpf                              
0000ca58  Kitronix320x240x16_SSD2119_setCursorLtoR   
0000ca9e  Kitronix320x240x16_SSD2119_setCursorTtoB   
0000cae4  __mspabi_fixfu                             
0000cb6c  __mspabi_divli                             
0000cb6c  __mspabi_remli                             
0000cbac  GPIO_setAsInputPinWithPullUpResistor       
0000cbea  __mspabi_sral_15                           
0000cbee  __mspabi_sral_14                           
0000cbf2  __mspabi_sral_13                           
0000cbf6  __mspabi_sral_12                           
0000cbfa  __mspabi_sral_11                           
0000cbfe  __mspabi_sral_10                           
0000cc02  __mspabi_sral_9                            
0000cc06  __mspabi_sral_8                            
0000cc0a  __mspabi_sral_7                            
0000cc0e  __mspabi_sral_6                            
0000cc12  __mspabi_sral_5                            
0000cc16  __mspabi_sral_4                            
0000cc1a  __mspabi_sral_3                            
0000cc1e  __mspabi_sral_2                            
0000cc22  __mspabi_sral_1                            
0000cc28  __mspabi_srll_15                           
0000cc2c  __mspabi_srll_14                           
0000cc30  __mspabi_srll_13                           
0000cc34  __mspabi_srll_12                           
0000cc38  __mspabi_srll_11                           
0000cc3c  __mspabi_srll_10                           
0000cc40  __mspabi_srll_9                            
0000cc44  __mspabi_srll_8                            
0000cc48  __mspabi_srll_7                            
0000cc4c  __mspabi_srll_6                            
0000cc50  __mspabi_srll_5                            
0000cc54  __mspabi_srll_4                            
0000cc58  __mspabi_srll_3                            
0000cc5c  __mspabi_srll_2                            
0000cc60  __mspabi_srll_1                            
0000cc66  Graphics_initContext                       
0000cca2  memcpy                                     
0000ccde  UCS_turnOnLFXT1                            
0000cd16  Graphics_drawMultiplePixelsOnDisplay       
0000cd4c  Graphics_isImageButtonSelected             
0000cd82  FlashCtl_write32                           
0000cdb6  GPIO_setAsInputPin                         
0000ce52  UCS_initFLLSettle                          
0000ceb2  ADC12_A_startConversion                    
0000cede  __mspabi_divi                              
0000cede  __mspabi_remi                              
0000cf0a  GPIO_setAsOutputPin                        
0000cf32  GPIO_setAsPeripheralModuleFunctionInputPin 
0000cf5a  GPIO_setAsPeripheralModuleFunctionOutputPin
0000cf82  Graphics_drawPixel                         
0000cfd0  FlashCtl_eraseSegment                      
0000cff4  __TI_zero_init                             
0000d018  __mspabi_fltuf                             
0000d03c  __mspabi_mpyl_f5hw                         
0000d060  FlashCtl_lockInfoA                         
0000d082  ADC12_A_configureMemory                    
0000d0a2  ADC12_A_setupSamplingTimer                 
0000d0c2  FlashCtl_unlockInfoA                       
0000d0e0  Graphics_isButtonSelected                  
0000d0fe  GPIO_getInputPinValue                      
0000d11a  GPIO_setOutputHighOnPin                    
0000d136  GPIO_setOutputLowOnPin                     
0000d152  WDT_A_hold                                 
0000d16c  Graphics_drawHorizontalLineOnDisplay       
0000d184  Graphics_drawVerticalLineOnDisplay         
0000d19c  Graphics_setBackgroundColor                
0000d1b4  Graphics_setForegroundColor                
0000d1cc  HAL_LCD_delay30ms                          
0000d1e4  UCS_getSMCLK                               
0000d1fc  __mspabi_mpyi_f5hw                         
0000d214  HAL_LCD_deselectLCD                        
0000d22a  HAL_LCD_selectLCD                          
0000d240  __TI_decompress_none                       
0000d256  __mspabi_divu                              
0000d256  __mspabi_remu                              
0000d26c  UCS_setExternalClockSource                 
0000d27e  ADC12_A_getResults                         
0000d28e  Graphics_clearDisplay                      
0000d29c  ADC12_A_clearInterrupt                     
0000d2a8  Graphics_clearDisplayOnDisplay             
0000d2b4  Graphics_drawPixelOnDisplay                
0000d2c0  Graphics_fillRectangleOnDisplay            
0000d2cc  Graphics_translateColorOnDisplay           
0000d2d8  USCI_B_SPI_clearInterrupt                  
0000d2e4  USCI_B_SPI_isBusy                          
0000d2f0  _system_pre_init                           
0000d2fc  ADC12_A_getInterruptStatus                 
0000d306  Graphics_getDisplayHeight                  
0000d310  Graphics_getDisplayWidth                   
0000d31a  USCI_B_SPI_getInterruptStatus              
0000d324  USCI_B_SPI_transmitData                    
0000d32e  __mspabi_slli                              
0000d338  __mspabi_srli                              
0000d342  ADC12_A_enable                             
0000d34a  Graphics_setFont                           
0000d350  SFR_enableInterrupt                        
0000d356  USCI_B_SPI_enable                          
0000d35c  C$$EXIT                                    
0000d35c  abort                                      
0000d362  _system_post_cinit                         
0000d3b6  __TI_Handler_Table_Base                    
0000d3c2  __TI_Handler_Table_Limit                   
0000d3c8  __TI_CINIT_Base                            
0000d3d8  __TI_CINIT_Limit                           
0000d3d8  __TI_CINIT_Warm                            
0000ffd2  __TI_int41                                 
0000ffd4  __TI_int42                                 
0000ffd6  __TI_int43                                 
0000ffd8  __TI_int44                                 
0000ffda  __TI_int45                                 
0000ffdc  __TI_int46                                 
0000ffde  __TI_int47                                 
0000ffe0  __TI_int48                                 
0000ffe2  __TI_int49                                 
0000ffe4  __TI_int50                                 
0000ffe6  __TI_int51                                 
0000ffe8  __TI_int52                                 
0000ffea  __TI_int53                                 
0000ffec  __TI_int54                                 
0000ffee  __TI_int55                                 
0000fff0  __TI_int56                                 
0000fff2  __TI_int57                                 
0000fff4  __TI_int58                                 
0000fff6  __TI_int59                                 
0000fff8  __TI_int60                                 
0000fffa  __TI_int61                                 
0000fffc  __TI_int62                                 
0000fffe  _reset_vector                              
00022c00  Graphics_drawString                        
0002327e  runPrimitivesDemo                          
000237a8  Graphics_fillCircle                        
00023b34  Graphics_drawCircle                        
00023eb2  Graphics_drawLine                          
00024148  Graphics_drawImage                         
0002439e  USCI_B_SPI_initMaster                      
ffffffff  __TI_pprof_out_hndl                        
ffffffff  __TI_prof_data_size                        
ffffffff  __TI_prof_data_start                       
ffffffff  __c_args__                                 

[926 symbols]
