<?xml version="1.0" encoding="ISO-8859-1" ?>
<link_info>
   <banner>MSP430 Linker Unix v21.6.1.LTS</banner>
   <copyright>Copyright (c) 2003-2018 Texas Instruments Incorporated</copyright>
   <link_time>0x641b6fc5</link_time>
   <link_errors>0x0</link_errors>
   <output_file>MSP-EXP430F5529LP_GrLibExample.out</output_file>
   <entry_point>
      <name>_c_int00_noargs</name>
      <address>0x4400</address>
   </entry_point>
   <input_file_list>
      <input_file id="fl-2">
         <path>./</path>
         <kind>object</kind>
         <file>main.obj</file>
         <name>main.obj</name>
      </input_file>
      <input_file id="fl-3">
         <path>./</path>
         <kind>object</kind>
         <file>system_pre_init.obj</file>
         <name>system_pre_init.obj</name>
      </input_file>
      <input_file id="fl-4">
         <path>./</path>
         <kind>object</kind>
         <file>touch_F5529LP.obj</file>
         <name>touch_F5529LP.obj</name>
      </input_file>
      <input_file id="fl-5">
         <path>./GrLib/fonts/</path>
         <kind>object</kind>
         <file>fontcm12.obj</file>
         <name>fontcm12.obj</name>
      </input_file>
      <input_file id="fl-6">
         <path>./GrLib/fonts/</path>
         <kind>object</kind>
         <file>fontcm12b.obj</file>
         <name>fontcm12b.obj</name>
      </input_file>
      <input_file id="fl-7">
         <path>./GrLib/fonts/</path>
         <kind>object</kind>
         <file>fontcm12i.obj</file>
         <name>fontcm12i.obj</name>
      </input_file>
      <input_file id="fl-8">
         <path>./GrLib/fonts/</path>
         <kind>object</kind>
         <file>fontcm14.obj</file>
         <name>fontcm14.obj</name>
      </input_file>
      <input_file id="fl-9">
         <path>./GrLib/fonts/</path>
         <kind>object</kind>
         <file>fontcm14b.obj</file>
         <name>fontcm14b.obj</name>
      </input_file>
      <input_file id="fl-a">
         <path>./GrLib/fonts/</path>
         <kind>object</kind>
         <file>fontcm14i.obj</file>
         <name>fontcm14i.obj</name>
      </input_file>
      <input_file id="fl-b">
         <path>./GrLib/fonts/</path>
         <kind>object</kind>
         <file>fontcm16.obj</file>
         <name>fontcm16.obj</name>
      </input_file>
      <input_file id="fl-c">
         <path>./GrLib/fonts/</path>
         <kind>object</kind>
         <file>fontcm16b.obj</file>
         <name>fontcm16b.obj</name>
      </input_file>
      <input_file id="fl-d">
         <path>./GrLib/fonts/</path>
         <kind>object</kind>
         <file>fontcm16i.obj</file>
         <name>fontcm16i.obj</name>
      </input_file>
      <input_file id="fl-e">
         <path>./GrLib/fonts/</path>
         <kind>object</kind>
         <file>fontcm18.obj</file>
         <name>fontcm18.obj</name>
      </input_file>
      <input_file id="fl-f">
         <path>./GrLib/fonts/</path>
         <kind>object</kind>
         <file>fontcm18b.obj</file>
         <name>fontcm18b.obj</name>
      </input_file>
      <input_file id="fl-10">
         <path>./GrLib/fonts/</path>
         <kind>object</kind>
         <file>fontcm18i.obj</file>
         <name>fontcm18i.obj</name>
      </input_file>
      <input_file id="fl-11">
         <path>./GrLib/fonts/</path>
         <kind>object</kind>
         <file>fontcm20.obj</file>
         <name>fontcm20.obj</name>
      </input_file>
      <input_file id="fl-12">
         <path>./GrLib/fonts/</path>
         <kind>object</kind>
         <file>fontcm20b.obj</file>
         <name>fontcm20b.obj</name>
      </input_file>
      <input_file id="fl-13">
         <path>./GrLib/fonts/</path>
         <kind>object</kind>
         <file>fontcm20i.obj</file>
         <name>fontcm20i.obj</name>
      </input_file>
      <input_file id="fl-14">
         <path>./GrLib/fonts/</path>
         <kind>object</kind>
         <file>fontcm22.obj</file>
         <name>fontcm22.obj</name>
      </input_file>
      <input_file id="fl-15">
         <path>./GrLib/fonts/</path>
         <kind>object</kind>
         <file>fontcm22b.obj</file>
         <name>fontcm22b.obj</name>
      </input_file>
      <input_file id="fl-16">
         <path>./GrLib/fonts/</path>
         <kind>object</kind>
         <file>fontcm22i.obj</file>
         <name>fontcm22i.obj</name>
      </input_file>
      <input_file id="fl-17">
         <path>./GrLib/fonts/</path>
         <kind>object</kind>
         <file>fontcm24.obj</file>
         <name>fontcm24.obj</name>
      </input_file>
      <input_file id="fl-18">
         <path>./GrLib/fonts/</path>
         <kind>object</kind>
         <file>fontcm24b.obj</file>
         <name>fontcm24b.obj</name>
      </input_file>
      <input_file id="fl-19">
         <path>./GrLib/fonts/</path>
         <kind>object</kind>
         <file>fontcm24i.obj</file>
         <name>fontcm24i.obj</name>
      </input_file>
      <input_file id="fl-1a">
         <path>./GrLib/fonts/</path>
         <kind>object</kind>
         <file>fontcm26.obj</file>
         <name>fontcm26.obj</name>
      </input_file>
      <input_file id="fl-1b">
         <path>./GrLib/fonts/</path>
         <kind>object</kind>
         <file>fontcm26b.obj</file>
         <name>fontcm26b.obj</name>
      </input_file>
      <input_file id="fl-1c">
         <path>./GrLib/fonts/</path>
         <kind>object</kind>
         <file>fontcm26i.obj</file>
         <name>fontcm26i.obj</name>
      </input_file>
      <input_file id="fl-1d">
         <path>./GrLib/fonts/</path>
         <kind>object</kind>
         <file>fontcm28.obj</file>
         <name>fontcm28.obj</name>
      </input_file>
      <input_file id="fl-1e">
         <path>./GrLib/fonts/</path>
         <kind>object</kind>
         <file>fontcm28b.obj</file>
         <name>fontcm28b.obj</name>
      </input_file>
      <input_file id="fl-1f">
         <path>./GrLib/fonts/</path>
         <kind>object</kind>
         <file>fontcm28i.obj</file>
         <name>fontcm28i.obj</name>
      </input_file>
      <input_file id="fl-20">
         <path>./GrLib/fonts/</path>
         <kind>object</kind>
         <file>fontcm30.obj</file>
         <name>fontcm30.obj</name>
      </input_file>
      <input_file id="fl-21">
         <path>./GrLib/fonts/</path>
         <kind>object</kind>
         <file>fontcm30b.obj</file>
         <name>fontcm30b.obj</name>
      </input_file>
      <input_file id="fl-22">
         <path>./GrLib/fonts/</path>
         <kind>object</kind>
         <file>fontcm30i.obj</file>
         <name>fontcm30i.obj</name>
      </input_file>
      <input_file id="fl-23">
         <path>./GrLib/fonts/</path>
         <kind>object</kind>
         <file>fontcm32.obj</file>
         <name>fontcm32.obj</name>
      </input_file>
      <input_file id="fl-24">
         <path>./GrLib/fonts/</path>
         <kind>object</kind>
         <file>fontcm32b.obj</file>
         <name>fontcm32b.obj</name>
      </input_file>
      <input_file id="fl-25">
         <path>./GrLib/fonts/</path>
         <kind>object</kind>
         <file>fontcm32i.obj</file>
         <name>fontcm32i.obj</name>
      </input_file>
      <input_file id="fl-26">
         <path>./GrLib/fonts/</path>
         <kind>object</kind>
         <file>fontcm34.obj</file>
         <name>fontcm34.obj</name>
      </input_file>
      <input_file id="fl-27">
         <path>./GrLib/fonts/</path>
         <kind>object</kind>
         <file>fontcm34b.obj</file>
         <name>fontcm34b.obj</name>
      </input_file>
      <input_file id="fl-28">
         <path>./GrLib/fonts/</path>
         <kind>object</kind>
         <file>fontcm34i.obj</file>
         <name>fontcm34i.obj</name>
      </input_file>
      <input_file id="fl-29">
         <path>./GrLib/fonts/</path>
         <kind>object</kind>
         <file>fontcm36.obj</file>
         <name>fontcm36.obj</name>
      </input_file>
      <input_file id="fl-2a">
         <path>./GrLib/fonts/</path>
         <kind>object</kind>
         <file>fontcm36b.obj</file>
         <name>fontcm36b.obj</name>
      </input_file>
      <input_file id="fl-2b">
         <path>./GrLib/fonts/</path>
         <kind>object</kind>
         <file>fontcm36i.obj</file>
         <name>fontcm36i.obj</name>
      </input_file>
      <input_file id="fl-2c">
         <path>./GrLib/fonts/</path>
         <kind>object</kind>
         <file>fontcm38.obj</file>
         <name>fontcm38.obj</name>
      </input_file>
      <input_file id="fl-2d">
         <path>./GrLib/fonts/</path>
         <kind>object</kind>
         <file>fontcm38b.obj</file>
         <name>fontcm38b.obj</name>
      </input_file>
      <input_file id="fl-2e">
         <path>./GrLib/fonts/</path>
         <kind>object</kind>
         <file>fontcm38i.obj</file>
         <name>fontcm38i.obj</name>
      </input_file>
      <input_file id="fl-2f">
         <path>./GrLib/fonts/</path>
         <kind>object</kind>
         <file>fontcm40.obj</file>
         <name>fontcm40.obj</name>
      </input_file>
      <input_file id="fl-30">
         <path>./GrLib/fonts/</path>
         <kind>object</kind>
         <file>fontcm40b.obj</file>
         <name>fontcm40b.obj</name>
      </input_file>
      <input_file id="fl-31">
         <path>./GrLib/fonts/</path>
         <kind>object</kind>
         <file>fontcm40i.obj</file>
         <name>fontcm40i.obj</name>
      </input_file>
      <input_file id="fl-32">
         <path>./GrLib/fonts/</path>
         <kind>object</kind>
         <file>fontcm42.obj</file>
         <name>fontcm42.obj</name>
      </input_file>
      <input_file id="fl-33">
         <path>./GrLib/fonts/</path>
         <kind>object</kind>
         <file>fontcm42b.obj</file>
         <name>fontcm42b.obj</name>
      </input_file>
      <input_file id="fl-34">
         <path>./GrLib/fonts/</path>
         <kind>object</kind>
         <file>fontcm42i.obj</file>
         <name>fontcm42i.obj</name>
      </input_file>
      <input_file id="fl-35">
         <path>./GrLib/fonts/</path>
         <kind>object</kind>
         <file>fontcm44.obj</file>
         <name>fontcm44.obj</name>
      </input_file>
      <input_file id="fl-36">
         <path>./GrLib/fonts/</path>
         <kind>object</kind>
         <file>fontcm44b.obj</file>
         <name>fontcm44b.obj</name>
      </input_file>
      <input_file id="fl-37">
         <path>./GrLib/fonts/</path>
         <kind>object</kind>
         <file>fontcm44i.obj</file>
         <name>fontcm44i.obj</name>
      </input_file>
      <input_file id="fl-38">
         <path>./GrLib/fonts/</path>
         <kind>object</kind>
         <file>fontcm46.obj</file>
         <name>fontcm46.obj</name>
      </input_file>
      <input_file id="fl-39">
         <path>./GrLib/fonts/</path>
         <kind>object</kind>
         <file>fontcm46b.obj</file>
         <name>fontcm46b.obj</name>
      </input_file>
      <input_file id="fl-3a">
         <path>./GrLib/fonts/</path>
         <kind>object</kind>
         <file>fontcm46i.obj</file>
         <name>fontcm46i.obj</name>
      </input_file>
      <input_file id="fl-3b">
         <path>./GrLib/fonts/</path>
         <kind>object</kind>
         <file>fontcm48.obj</file>
         <name>fontcm48.obj</name>
      </input_file>
      <input_file id="fl-3c">
         <path>./GrLib/fonts/</path>
         <kind>object</kind>
         <file>fontcm48b.obj</file>
         <name>fontcm48b.obj</name>
      </input_file>
      <input_file id="fl-3d">
         <path>./GrLib/fonts/</path>
         <kind>object</kind>
         <file>fontcm48i.obj</file>
         <name>fontcm48i.obj</name>
      </input_file>
      <input_file id="fl-3e">
         <path>./GrLib/fonts/</path>
         <kind>object</kind>
         <file>fontcmsc12.obj</file>
         <name>fontcmsc12.obj</name>
      </input_file>
      <input_file id="fl-3f">
         <path>./GrLib/fonts/</path>
         <kind>object</kind>
         <file>fontcmsc14.obj</file>
         <name>fontcmsc14.obj</name>
      </input_file>
      <input_file id="fl-40">
         <path>./GrLib/fonts/</path>
         <kind>object</kind>
         <file>fontcmsc16.obj</file>
         <name>fontcmsc16.obj</name>
      </input_file>
      <input_file id="fl-41">
         <path>./GrLib/fonts/</path>
         <kind>object</kind>
         <file>fontcmsc18.obj</file>
         <name>fontcmsc18.obj</name>
      </input_file>
      <input_file id="fl-42">
         <path>./GrLib/fonts/</path>
         <kind>object</kind>
         <file>fontcmsc20.obj</file>
         <name>fontcmsc20.obj</name>
      </input_file>
      <input_file id="fl-43">
         <path>./GrLib/fonts/</path>
         <kind>object</kind>
         <file>fontcmsc22.obj</file>
         <name>fontcmsc22.obj</name>
      </input_file>
      <input_file id="fl-44">
         <path>./GrLib/fonts/</path>
         <kind>object</kind>
         <file>fontcmsc24.obj</file>
         <name>fontcmsc24.obj</name>
      </input_file>
      <input_file id="fl-45">
         <path>./GrLib/fonts/</path>
         <kind>object</kind>
         <file>fontcmsc26.obj</file>
         <name>fontcmsc26.obj</name>
      </input_file>
      <input_file id="fl-46">
         <path>./GrLib/fonts/</path>
         <kind>object</kind>
         <file>fontcmsc28.obj</file>
         <name>fontcmsc28.obj</name>
      </input_file>
      <input_file id="fl-47">
         <path>./GrLib/fonts/</path>
         <kind>object</kind>
         <file>fontcmsc30.obj</file>
         <name>fontcmsc30.obj</name>
      </input_file>
      <input_file id="fl-48">
         <path>./GrLib/fonts/</path>
         <kind>object</kind>
         <file>fontcmsc32.obj</file>
         <name>fontcmsc32.obj</name>
      </input_file>
      <input_file id="fl-49">
         <path>./GrLib/fonts/</path>
         <kind>object</kind>
         <file>fontcmsc34.obj</file>
         <name>fontcmsc34.obj</name>
      </input_file>
      <input_file id="fl-4a">
         <path>./GrLib/fonts/</path>
         <kind>object</kind>
         <file>fontcmsc36.obj</file>
         <name>fontcmsc36.obj</name>
      </input_file>
      <input_file id="fl-4b">
         <path>./GrLib/fonts/</path>
         <kind>object</kind>
         <file>fontcmsc38.obj</file>
         <name>fontcmsc38.obj</name>
      </input_file>
      <input_file id="fl-4c">
         <path>./GrLib/fonts/</path>
         <kind>object</kind>
         <file>fontcmsc40.obj</file>
         <name>fontcmsc40.obj</name>
      </input_file>
      <input_file id="fl-4d">
         <path>./GrLib/fonts/</path>
         <kind>object</kind>
         <file>fontcmsc42.obj</file>
         <name>fontcmsc42.obj</name>
      </input_file>
      <input_file id="fl-4e">
         <path>./GrLib/fonts/</path>
         <kind>object</kind>
         <file>fontcmsc44.obj</file>
         <name>fontcmsc44.obj</name>
      </input_file>
      <input_file id="fl-4f">
         <path>./GrLib/fonts/</path>
         <kind>object</kind>
         <file>fontcmsc46.obj</file>
         <name>fontcmsc46.obj</name>
      </input_file>
      <input_file id="fl-50">
         <path>./GrLib/fonts/</path>
         <kind>object</kind>
         <file>fontcmsc48.obj</file>
         <name>fontcmsc48.obj</name>
      </input_file>
      <input_file id="fl-51">
         <path>./GrLib/fonts/</path>
         <kind>object</kind>
         <file>fontcmss12.obj</file>
         <name>fontcmss12.obj</name>
      </input_file>
      <input_file id="fl-52">
         <path>./GrLib/fonts/</path>
         <kind>object</kind>
         <file>fontcmss12b.obj</file>
         <name>fontcmss12b.obj</name>
      </input_file>
      <input_file id="fl-53">
         <path>./GrLib/fonts/</path>
         <kind>object</kind>
         <file>fontcmss12i.obj</file>
         <name>fontcmss12i.obj</name>
      </input_file>
      <input_file id="fl-54">
         <path>./GrLib/fonts/</path>
         <kind>object</kind>
         <file>fontcmss14.obj</file>
         <name>fontcmss14.obj</name>
      </input_file>
      <input_file id="fl-55">
         <path>./GrLib/fonts/</path>
         <kind>object</kind>
         <file>fontcmss14b.obj</file>
         <name>fontcmss14b.obj</name>
      </input_file>
      <input_file id="fl-56">
         <path>./GrLib/fonts/</path>
         <kind>object</kind>
         <file>fontcmss14i.obj</file>
         <name>fontcmss14i.obj</name>
      </input_file>
      <input_file id="fl-57">
         <path>./GrLib/fonts/</path>
         <kind>object</kind>
         <file>fontcmss16.obj</file>
         <name>fontcmss16.obj</name>
      </input_file>
      <input_file id="fl-58">
         <path>./GrLib/fonts/</path>
         <kind>object</kind>
         <file>fontcmss16b.obj</file>
         <name>fontcmss16b.obj</name>
      </input_file>
      <input_file id="fl-59">
         <path>./GrLib/fonts/</path>
         <kind>object</kind>
         <file>fontcmss16i.obj</file>
         <name>fontcmss16i.obj</name>
      </input_file>
      <input_file id="fl-5a">
         <path>./GrLib/fonts/</path>
         <kind>object</kind>
         <file>fontcmss18.obj</file>
         <name>fontcmss18.obj</name>
      </input_file>
      <input_file id="fl-5b">
         <path>./GrLib/fonts/</path>
         <kind>object</kind>
         <file>fontcmss18b.obj</file>
         <name>fontcmss18b.obj</name>
      </input_file>
      <input_file id="fl-5c">
         <path>./GrLib/fonts/</path>
         <kind>object</kind>
         <file>fontcmss18i.obj</file>
         <name>fontcmss18i.obj</name>
      </input_file>
      <input_file id="fl-5d">
         <path>./GrLib/fonts/</path>
         <kind>object</kind>
         <file>fontcmss20.obj</file>
         <name>fontcmss20.obj</name>
      </input_file>
      <input_file id="fl-5e">
         <path>./GrLib/fonts/</path>
         <kind>object</kind>
         <file>fontcmss20b.obj</file>
         <name>fontcmss20b.obj</name>
      </input_file>
      <input_file id="fl-5f">
         <path>./GrLib/fonts/</path>
         <kind>object</kind>
         <file>fontcmss20i.obj</file>
         <name>fontcmss20i.obj</name>
      </input_file>
      <input_file id="fl-60">
         <path>./GrLib/fonts/</path>
         <kind>object</kind>
         <file>fontcmss22.obj</file>
         <name>fontcmss22.obj</name>
      </input_file>
      <input_file id="fl-61">
         <path>./GrLib/fonts/</path>
         <kind>object</kind>
         <file>fontcmss22b.obj</file>
         <name>fontcmss22b.obj</name>
      </input_file>
      <input_file id="fl-62">
         <path>./GrLib/fonts/</path>
         <kind>object</kind>
         <file>fontcmss22i.obj</file>
         <name>fontcmss22i.obj</name>
      </input_file>
      <input_file id="fl-63">
         <path>./GrLib/fonts/</path>
         <kind>object</kind>
         <file>fontcmss24.obj</file>
         <name>fontcmss24.obj</name>
      </input_file>
      <input_file id="fl-64">
         <path>./GrLib/fonts/</path>
         <kind>object</kind>
         <file>fontcmss24b.obj</file>
         <name>fontcmss24b.obj</name>
      </input_file>
      <input_file id="fl-65">
         <path>./GrLib/fonts/</path>
         <kind>object</kind>
         <file>fontcmss24i.obj</file>
         <name>fontcmss24i.obj</name>
      </input_file>
      <input_file id="fl-66">
         <path>./GrLib/fonts/</path>
         <kind>object</kind>
         <file>fontcmss26.obj</file>
         <name>fontcmss26.obj</name>
      </input_file>
      <input_file id="fl-67">
         <path>./GrLib/fonts/</path>
         <kind>object</kind>
         <file>fontcmss26b.obj</file>
         <name>fontcmss26b.obj</name>
      </input_file>
      <input_file id="fl-68">
         <path>./GrLib/fonts/</path>
         <kind>object</kind>
         <file>fontcmss26i.obj</file>
         <name>fontcmss26i.obj</name>
      </input_file>
      <input_file id="fl-69">
         <path>./GrLib/fonts/</path>
         <kind>object</kind>
         <file>fontcmss28.obj</file>
         <name>fontcmss28.obj</name>
      </input_file>
      <input_file id="fl-6a">
         <path>./GrLib/fonts/</path>
         <kind>object</kind>
         <file>fontcmss28b.obj</file>
         <name>fontcmss28b.obj</name>
      </input_file>
      <input_file id="fl-6b">
         <path>./GrLib/fonts/</path>
         <kind>object</kind>
         <file>fontcmss28i.obj</file>
         <name>fontcmss28i.obj</name>
      </input_file>
      <input_file id="fl-6c">
         <path>./GrLib/fonts/</path>
         <kind>object</kind>
         <file>fontcmss30.obj</file>
         <name>fontcmss30.obj</name>
      </input_file>
      <input_file id="fl-6d">
         <path>./GrLib/fonts/</path>
         <kind>object</kind>
         <file>fontcmss30b.obj</file>
         <name>fontcmss30b.obj</name>
      </input_file>
      <input_file id="fl-6e">
         <path>./GrLib/fonts/</path>
         <kind>object</kind>
         <file>fontcmss30i.obj</file>
         <name>fontcmss30i.obj</name>
      </input_file>
      <input_file id="fl-6f">
         <path>./GrLib/fonts/</path>
         <kind>object</kind>
         <file>fontcmss32.obj</file>
         <name>fontcmss32.obj</name>
      </input_file>
      <input_file id="fl-70">
         <path>./GrLib/fonts/</path>
         <kind>object</kind>
         <file>fontcmss32b.obj</file>
         <name>fontcmss32b.obj</name>
      </input_file>
      <input_file id="fl-71">
         <path>./GrLib/fonts/</path>
         <kind>object</kind>
         <file>fontcmss32i.obj</file>
         <name>fontcmss32i.obj</name>
      </input_file>
      <input_file id="fl-72">
         <path>./GrLib/fonts/</path>
         <kind>object</kind>
         <file>fontcmss34.obj</file>
         <name>fontcmss34.obj</name>
      </input_file>
      <input_file id="fl-73">
         <path>./GrLib/fonts/</path>
         <kind>object</kind>
         <file>fontcmss34b.obj</file>
         <name>fontcmss34b.obj</name>
      </input_file>
      <input_file id="fl-74">
         <path>./GrLib/fonts/</path>
         <kind>object</kind>
         <file>fontcmss34i.obj</file>
         <name>fontcmss34i.obj</name>
      </input_file>
      <input_file id="fl-75">
         <path>./GrLib/fonts/</path>
         <kind>object</kind>
         <file>fontcmss36.obj</file>
         <name>fontcmss36.obj</name>
      </input_file>
      <input_file id="fl-76">
         <path>./GrLib/fonts/</path>
         <kind>object</kind>
         <file>fontcmss36b.obj</file>
         <name>fontcmss36b.obj</name>
      </input_file>
      <input_file id="fl-77">
         <path>./GrLib/fonts/</path>
         <kind>object</kind>
         <file>fontcmss36i.obj</file>
         <name>fontcmss36i.obj</name>
      </input_file>
      <input_file id="fl-78">
         <path>./GrLib/fonts/</path>
         <kind>object</kind>
         <file>fontcmss38.obj</file>
         <name>fontcmss38.obj</name>
      </input_file>
      <input_file id="fl-79">
         <path>./GrLib/fonts/</path>
         <kind>object</kind>
         <file>fontcmss38b.obj</file>
         <name>fontcmss38b.obj</name>
      </input_file>
      <input_file id="fl-7a">
         <path>./GrLib/fonts/</path>
         <kind>object</kind>
         <file>fontcmss38i.obj</file>
         <name>fontcmss38i.obj</name>
      </input_file>
      <input_file id="fl-7b">
         <path>./GrLib/fonts/</path>
         <kind>object</kind>
         <file>fontcmss40.obj</file>
         <name>fontcmss40.obj</name>
      </input_file>
      <input_file id="fl-7c">
         <path>./GrLib/fonts/</path>
         <kind>object</kind>
         <file>fontcmss40b.obj</file>
         <name>fontcmss40b.obj</name>
      </input_file>
      <input_file id="fl-7d">
         <path>./GrLib/fonts/</path>
         <kind>object</kind>
         <file>fontcmss40i.obj</file>
         <name>fontcmss40i.obj</name>
      </input_file>
      <input_file id="fl-7e">
         <path>./GrLib/fonts/</path>
         <kind>object</kind>
         <file>fontcmss42.obj</file>
         <name>fontcmss42.obj</name>
      </input_file>
      <input_file id="fl-7f">
         <path>./GrLib/fonts/</path>
         <kind>object</kind>
         <file>fontcmss42b.obj</file>
         <name>fontcmss42b.obj</name>
      </input_file>
      <input_file id="fl-80">
         <path>./GrLib/fonts/</path>
         <kind>object</kind>
         <file>fontcmss42i.obj</file>
         <name>fontcmss42i.obj</name>
      </input_file>
      <input_file id="fl-81">
         <path>./GrLib/fonts/</path>
         <kind>object</kind>
         <file>fontcmss44.obj</file>
         <name>fontcmss44.obj</name>
      </input_file>
      <input_file id="fl-82">
         <path>./GrLib/fonts/</path>
         <kind>object</kind>
         <file>fontcmss44b.obj</file>
         <name>fontcmss44b.obj</name>
      </input_file>
      <input_file id="fl-83">
         <path>./GrLib/fonts/</path>
         <kind>object</kind>
         <file>fontcmss44i.obj</file>
         <name>fontcmss44i.obj</name>
      </input_file>
      <input_file id="fl-84">
         <path>./GrLib/fonts/</path>
         <kind>object</kind>
         <file>fontcmss46.obj</file>
         <name>fontcmss46.obj</name>
      </input_file>
      <input_file id="fl-85">
         <path>./GrLib/fonts/</path>
         <kind>object</kind>
         <file>fontcmss46b.obj</file>
         <name>fontcmss46b.obj</name>
      </input_file>
      <input_file id="fl-86">
         <path>./GrLib/fonts/</path>
         <kind>object</kind>
         <file>fontcmss46i.obj</file>
         <name>fontcmss46i.obj</name>
      </input_file>
      <input_file id="fl-87">
         <path>./GrLib/fonts/</path>
         <kind>object</kind>
         <file>fontcmss48.obj</file>
         <name>fontcmss48.obj</name>
      </input_file>
      <input_file id="fl-88">
         <path>./GrLib/fonts/</path>
         <kind>object</kind>
         <file>fontcmss48b.obj</file>
         <name>fontcmss48b.obj</name>
      </input_file>
      <input_file id="fl-89">
         <path>./GrLib/fonts/</path>
         <kind>object</kind>
         <file>fontcmss48i.obj</file>
         <name>fontcmss48i.obj</name>
      </input_file>
      <input_file id="fl-8a">
         <path>./GrLib/fonts/</path>
         <kind>object</kind>
         <file>fontcmtt12.obj</file>
         <name>fontcmtt12.obj</name>
      </input_file>
      <input_file id="fl-8b">
         <path>./GrLib/fonts/</path>
         <kind>object</kind>
         <file>fontcmtt14.obj</file>
         <name>fontcmtt14.obj</name>
      </input_file>
      <input_file id="fl-8c">
         <path>./GrLib/fonts/</path>
         <kind>object</kind>
         <file>fontcmtt16.obj</file>
         <name>fontcmtt16.obj</name>
      </input_file>
      <input_file id="fl-8d">
         <path>./GrLib/fonts/</path>
         <kind>object</kind>
         <file>fontcmtt18.obj</file>
         <name>fontcmtt18.obj</name>
      </input_file>
      <input_file id="fl-8e">
         <path>./GrLib/fonts/</path>
         <kind>object</kind>
         <file>fontcmtt20.obj</file>
         <name>fontcmtt20.obj</name>
      </input_file>
      <input_file id="fl-8f">
         <path>./GrLib/fonts/</path>
         <kind>object</kind>
         <file>fontcmtt22.obj</file>
         <name>fontcmtt22.obj</name>
      </input_file>
      <input_file id="fl-90">
         <path>./GrLib/fonts/</path>
         <kind>object</kind>
         <file>fontcmtt24.obj</file>
         <name>fontcmtt24.obj</name>
      </input_file>
      <input_file id="fl-91">
         <path>./GrLib/fonts/</path>
         <kind>object</kind>
         <file>fontcmtt26.obj</file>
         <name>fontcmtt26.obj</name>
      </input_file>
      <input_file id="fl-92">
         <path>./GrLib/fonts/</path>
         <kind>object</kind>
         <file>fontcmtt28.obj</file>
         <name>fontcmtt28.obj</name>
      </input_file>
      <input_file id="fl-93">
         <path>./GrLib/fonts/</path>
         <kind>object</kind>
         <file>fontcmtt30.obj</file>
         <name>fontcmtt30.obj</name>
      </input_file>
      <input_file id="fl-94">
         <path>./GrLib/fonts/</path>
         <kind>object</kind>
         <file>fontcmtt32.obj</file>
         <name>fontcmtt32.obj</name>
      </input_file>
      <input_file id="fl-95">
         <path>./GrLib/fonts/</path>
         <kind>object</kind>
         <file>fontcmtt34.obj</file>
         <name>fontcmtt34.obj</name>
      </input_file>
      <input_file id="fl-96">
         <path>./GrLib/fonts/</path>
         <kind>object</kind>
         <file>fontcmtt36.obj</file>
         <name>fontcmtt36.obj</name>
      </input_file>
      <input_file id="fl-97">
         <path>./GrLib/fonts/</path>
         <kind>object</kind>
         <file>fontcmtt38.obj</file>
         <name>fontcmtt38.obj</name>
      </input_file>
      <input_file id="fl-98">
         <path>./GrLib/fonts/</path>
         <kind>object</kind>
         <file>fontcmtt40.obj</file>
         <name>fontcmtt40.obj</name>
      </input_file>
      <input_file id="fl-99">
         <path>./GrLib/fonts/</path>
         <kind>object</kind>
         <file>fontcmtt42.obj</file>
         <name>fontcmtt42.obj</name>
      </input_file>
      <input_file id="fl-9a">
         <path>./GrLib/fonts/</path>
         <kind>object</kind>
         <file>fontcmtt44.obj</file>
         <name>fontcmtt44.obj</name>
      </input_file>
      <input_file id="fl-9b">
         <path>./GrLib/fonts/</path>
         <kind>object</kind>
         <file>fontcmtt46.obj</file>
         <name>fontcmtt46.obj</name>
      </input_file>
      <input_file id="fl-9c">
         <path>./GrLib/fonts/</path>
         <kind>object</kind>
         <file>fontcmtt48.obj</file>
         <name>fontcmtt48.obj</name>
      </input_file>
      <input_file id="fl-9d">
         <path>./GrLib/fonts/</path>
         <kind>object</kind>
         <file>fontfixed6x8.obj</file>
         <name>fontfixed6x8.obj</name>
      </input_file>
      <input_file id="fl-9e">
         <path>./GrLib/grlib/</path>
         <kind>object</kind>
         <file>button.obj</file>
         <name>button.obj</name>
      </input_file>
      <input_file id="fl-9f">
         <path>./GrLib/grlib/</path>
         <kind>object</kind>
         <file>checkbox.obj</file>
         <name>checkbox.obj</name>
      </input_file>
      <input_file id="fl-a0">
         <path>./GrLib/grlib/</path>
         <kind>object</kind>
         <file>circle.obj</file>
         <name>circle.obj</name>
      </input_file>
      <input_file id="fl-a1">
         <path>./GrLib/grlib/</path>
         <kind>object</kind>
         <file>context.obj</file>
         <name>context.obj</name>
      </input_file>
      <input_file id="fl-a2">
         <path>./GrLib/grlib/</path>
         <kind>object</kind>
         <file>display.obj</file>
         <name>display.obj</name>
      </input_file>
      <input_file id="fl-a3">
         <path>./GrLib/grlib/</path>
         <kind>object</kind>
         <file>image.obj</file>
         <name>image.obj</name>
      </input_file>
      <input_file id="fl-a4">
         <path>./GrLib/grlib/</path>
         <kind>object</kind>
         <file>imageButton.obj</file>
         <name>imageButton.obj</name>
      </input_file>
      <input_file id="fl-a5">
         <path>./GrLib/grlib/</path>
         <kind>object</kind>
         <file>line.obj</file>
         <name>line.obj</name>
      </input_file>
      <input_file id="fl-a6">
         <path>./GrLib/grlib/</path>
         <kind>object</kind>
         <file>radioButton.obj</file>
         <name>radioButton.obj</name>
      </input_file>
      <input_file id="fl-a7">
         <path>./GrLib/grlib/</path>
         <kind>object</kind>
         <file>rectangle.obj</file>
         <name>rectangle.obj</name>
      </input_file>
      <input_file id="fl-a8">
         <path>./GrLib/grlib/</path>
         <kind>object</kind>
         <file>string.obj</file>
         <name>string.obj</name>
      </input_file>
      <input_file id="fl-a9">
         <path>./LcdDriver/</path>
         <kind>object</kind>
         <file>HAL_MSP_EXP430F5529LP_KITRONIX320X240_SSD2119_SPI.obj</file>
         <name>HAL_MSP_EXP430F5529LP_KITRONIX320X240_SSD2119_SPI.obj</name>
      </input_file>
      <input_file id="fl-aa">
         <path>./LcdDriver/</path>
         <kind>object</kind>
         <file>kitronix320x240x16_ssd2119_spi.obj</file>
         <name>kitronix320x240x16_ssd2119_spi.obj</name>
      </input_file>
      <input_file id="fl-ab">
         <path>./driverlib/MSP430F5xx_6xx/</path>
         <kind>object</kind>
         <file>adc10_a.obj</file>
         <name>adc10_a.obj</name>
      </input_file>
      <input_file id="fl-ac">
         <path>./driverlib/MSP430F5xx_6xx/</path>
         <kind>object</kind>
         <file>adc12_a.obj</file>
         <name>adc12_a.obj</name>
      </input_file>
      <input_file id="fl-ad">
         <path>./driverlib/MSP430F5xx_6xx/</path>
         <kind>object</kind>
         <file>aes.obj</file>
         <name>aes.obj</name>
      </input_file>
      <input_file id="fl-ae">
         <path>./driverlib/MSP430F5xx_6xx/</path>
         <kind>object</kind>
         <file>battbak.obj</file>
         <name>battbak.obj</name>
      </input_file>
      <input_file id="fl-af">
         <path>./driverlib/MSP430F5xx_6xx/</path>
         <kind>object</kind>
         <file>comp_b.obj</file>
         <name>comp_b.obj</name>
      </input_file>
      <input_file id="fl-b0">
         <path>./driverlib/MSP430F5xx_6xx/</path>
         <kind>object</kind>
         <file>crc.obj</file>
         <name>crc.obj</name>
      </input_file>
      <input_file id="fl-b1">
         <path>./driverlib/MSP430F5xx_6xx/</path>
         <kind>object</kind>
         <file>dac12_a.obj</file>
         <name>dac12_a.obj</name>
      </input_file>
      <input_file id="fl-b2">
         <path>./driverlib/MSP430F5xx_6xx/</path>
         <kind>object</kind>
         <file>dma.obj</file>
         <name>dma.obj</name>
      </input_file>
      <input_file id="fl-b3">
         <path>./driverlib/MSP430F5xx_6xx/</path>
         <kind>object</kind>
         <file>eusci_a_spi.obj</file>
         <name>eusci_a_spi.obj</name>
      </input_file>
      <input_file id="fl-b4">
         <path>./driverlib/MSP430F5xx_6xx/</path>
         <kind>object</kind>
         <file>eusci_a_uart.obj</file>
         <name>eusci_a_uart.obj</name>
      </input_file>
      <input_file id="fl-b5">
         <path>./driverlib/MSP430F5xx_6xx/</path>
         <kind>object</kind>
         <file>eusci_b_i2c.obj</file>
         <name>eusci_b_i2c.obj</name>
      </input_file>
      <input_file id="fl-b6">
         <path>./driverlib/MSP430F5xx_6xx/</path>
         <kind>object</kind>
         <file>eusci_b_spi.obj</file>
         <name>eusci_b_spi.obj</name>
      </input_file>
      <input_file id="fl-b7">
         <path>./driverlib/MSP430F5xx_6xx/</path>
         <kind>object</kind>
         <file>flashctl.obj</file>
         <name>flashctl.obj</name>
      </input_file>
      <input_file id="fl-b8">
         <path>./driverlib/MSP430F5xx_6xx/</path>
         <kind>object</kind>
         <file>gpio.obj</file>
         <name>gpio.obj</name>
      </input_file>
      <input_file id="fl-b9">
         <path>./driverlib/MSP430F5xx_6xx/</path>
         <kind>object</kind>
         <file>ldopwr.obj</file>
         <name>ldopwr.obj</name>
      </input_file>
      <input_file id="fl-ba">
         <path>./driverlib/MSP430F5xx_6xx/</path>
         <kind>object</kind>
         <file>mpy32.obj</file>
         <name>mpy32.obj</name>
      </input_file>
      <input_file id="fl-bb">
         <path>./driverlib/MSP430F5xx_6xx/</path>
         <kind>object</kind>
         <file>pmap.obj</file>
         <name>pmap.obj</name>
      </input_file>
      <input_file id="fl-bc">
         <path>./driverlib/MSP430F5xx_6xx/</path>
         <kind>object</kind>
         <file>pmm.obj</file>
         <name>pmm.obj</name>
      </input_file>
      <input_file id="fl-bd">
         <path>./driverlib/MSP430F5xx_6xx/</path>
         <kind>object</kind>
         <file>ram.obj</file>
         <name>ram.obj</name>
      </input_file>
      <input_file id="fl-be">
         <path>./driverlib/MSP430F5xx_6xx/</path>
         <kind>object</kind>
         <file>ref.obj</file>
         <name>ref.obj</name>
      </input_file>
      <input_file id="fl-bf">
         <path>./driverlib/MSP430F5xx_6xx/</path>
         <kind>object</kind>
         <file>rtc_a.obj</file>
         <name>rtc_a.obj</name>
      </input_file>
      <input_file id="fl-c0">
         <path>./driverlib/MSP430F5xx_6xx/</path>
         <kind>object</kind>
         <file>rtc_b.obj</file>
         <name>rtc_b.obj</name>
      </input_file>
      <input_file id="fl-c1">
         <path>./driverlib/MSP430F5xx_6xx/</path>
         <kind>object</kind>
         <file>rtc_c.obj</file>
         <name>rtc_c.obj</name>
      </input_file>
      <input_file id="fl-c2">
         <path>./driverlib/MSP430F5xx_6xx/</path>
         <kind>object</kind>
         <file>sd24_b.obj</file>
         <name>sd24_b.obj</name>
      </input_file>
      <input_file id="fl-c3">
         <path>./driverlib/MSP430F5xx_6xx/</path>
         <kind>object</kind>
         <file>sfr.obj</file>
         <name>sfr.obj</name>
      </input_file>
      <input_file id="fl-c4">
         <path>./driverlib/MSP430F5xx_6xx/</path>
         <kind>object</kind>
         <file>sysctl.obj</file>
         <name>sysctl.obj</name>
      </input_file>
      <input_file id="fl-c5">
         <path>./driverlib/MSP430F5xx_6xx/</path>
         <kind>object</kind>
         <file>tec.obj</file>
         <name>tec.obj</name>
      </input_file>
      <input_file id="fl-c6">
         <path>./driverlib/MSP430F5xx_6xx/</path>
         <kind>object</kind>
         <file>timer_a.obj</file>
         <name>timer_a.obj</name>
      </input_file>
      <input_file id="fl-c7">
         <path>./driverlib/MSP430F5xx_6xx/</path>
         <kind>object</kind>
         <file>timer_b.obj</file>
         <name>timer_b.obj</name>
      </input_file>
      <input_file id="fl-c8">
         <path>./driverlib/MSP430F5xx_6xx/</path>
         <kind>object</kind>
         <file>timer_d.obj</file>
         <name>timer_d.obj</name>
      </input_file>
      <input_file id="fl-c9">
         <path>./driverlib/MSP430F5xx_6xx/</path>
         <kind>object</kind>
         <file>tlv.obj</file>
         <name>tlv.obj</name>
      </input_file>
      <input_file id="fl-ca">
         <path>./driverlib/MSP430F5xx_6xx/</path>
         <kind>object</kind>
         <file>ucs.obj</file>
         <name>ucs.obj</name>
      </input_file>
      <input_file id="fl-cb">
         <path>./driverlib/MSP430F5xx_6xx/</path>
         <kind>object</kind>
         <file>usci_a_spi.obj</file>
         <name>usci_a_spi.obj</name>
      </input_file>
      <input_file id="fl-cc">
         <path>./driverlib/MSP430F5xx_6xx/</path>
         <kind>object</kind>
         <file>usci_a_uart.obj</file>
         <name>usci_a_uart.obj</name>
      </input_file>
      <input_file id="fl-cd">
         <path>./driverlib/MSP430F5xx_6xx/</path>
         <kind>object</kind>
         <file>usci_b_i2c.obj</file>
         <name>usci_b_i2c.obj</name>
      </input_file>
      <input_file id="fl-ce">
         <path>./driverlib/MSP430F5xx_6xx/</path>
         <kind>object</kind>
         <file>usci_b_spi.obj</file>
         <name>usci_b_spi.obj</name>
      </input_file>
      <input_file id="fl-cf">
         <path>./driverlib/MSP430F5xx_6xx/</path>
         <kind>object</kind>
         <file>wdt_a.obj</file>
         <name>wdt_a.obj</name>
      </input_file>
      <input_file id="fl-d0">
         <path>./images/</path>
         <kind>object</kind>
         <file>Images_Button.obj</file>
         <name>Images_Button.obj</name>
      </input_file>
      <input_file id="fl-d1">
         <path>./images/</path>
         <kind>object</kind>
         <file>Primitives_Button.obj</file>
         <name>Primitives_Button.obj</name>
      </input_file>
      <input_file id="fl-d2">
         <path>./images/</path>
         <kind>object</kind>
         <file>TI_logo_150x150.obj</file>
         <name>TI_logo_150x150.obj</name>
      </input_file>
      <input_file id="fl-d3">
         <path>./images/</path>
         <kind>object</kind>
         <file>TI_platform_bar_red.obj</file>
         <name>TI_platform_bar_red.obj</name>
      </input_file>
      <input_file id="fl-d4">
         <path>./images/</path>
         <kind>object</kind>
         <file>lcd_color_320x240.obj</file>
         <name>lcd_color_320x240.obj</name>
      </input_file>
      <input_file id="fl-da">
         <kind>object</kind>
         <file>&lt;internal&gt;</file>
         <name>&lt;internal&gt;</name>
      </input_file>
      <input_file id="fl-f0">
         <path>/Applications/ti/ccs1220/ccs/tools/compiler/ti-cgt-msp430_21.6.1.LTS/lib/</path>
         <kind>archive</kind>
         <file>rts430x_lc_ld_eabi.lib</file>
         <name>div16s.asm.obj</name>
      </input_file>
      <input_file id="fl-f1">
         <path>/Applications/ti/ccs1220/ccs/tools/compiler/ti-cgt-msp430_21.6.1.LTS/lib/</path>
         <kind>archive</kind>
         <file>rts430x_lc_ld_eabi.lib</file>
         <name>div16u.asm.obj</name>
      </input_file>
      <input_file id="fl-f2">
         <path>/Applications/ti/ccs1220/ccs/tools/compiler/ti-cgt-msp430_21.6.1.LTS/lib/</path>
         <kind>archive</kind>
         <file>rts430x_lc_ld_eabi.lib</file>
         <name>div32s.asm.obj</name>
      </input_file>
      <input_file id="fl-f3">
         <path>/Applications/ti/ccs1220/ccs/tools/compiler/ti-cgt-msp430_21.6.1.LTS/lib/</path>
         <kind>archive</kind>
         <file>rts430x_lc_ld_eabi.lib</file>
         <name>div32u.asm.obj</name>
      </input_file>
      <input_file id="fl-f4">
         <path>/Applications/ti/ccs1220/ccs/tools/compiler/ti-cgt-msp430_21.6.1.LTS/lib/</path>
         <kind>archive</kind>
         <file>rts430x_lc_ld_eabi.lib</file>
         <name>fs_cmp.asm.obj</name>
      </input_file>
      <input_file id="fl-f5">
         <path>/Applications/ti/ccs1220/ccs/tools/compiler/ti-cgt-msp430_21.6.1.LTS/lib/</path>
         <kind>archive</kind>
         <file>rts430x_lc_ld_eabi.lib</file>
         <name>fs_div.asm.obj</name>
      </input_file>
      <input_file id="fl-f6">
         <path>/Applications/ti/ccs1220/ccs/tools/compiler/ti-cgt-msp430_21.6.1.LTS/lib/</path>
         <kind>archive</kind>
         <file>rts430x_lc_ld_eabi.lib</file>
         <name>fs_mpy.asm.obj</name>
      </input_file>
      <input_file id="fl-f7">
         <path>/Applications/ti/ccs1220/ccs/tools/compiler/ti-cgt-msp430_21.6.1.LTS/lib/</path>
         <kind>archive</kind>
         <file>rts430x_lc_ld_eabi.lib</file>
         <name>fs_tou.asm.obj</name>
      </input_file>
      <input_file id="fl-f8">
         <path>/Applications/ti/ccs1220/ccs/tools/compiler/ti-cgt-msp430_21.6.1.LTS/lib/</path>
         <kind>archive</kind>
         <file>rts430x_lc_ld_eabi.lib</file>
         <name>fs_utof.asm.obj</name>
      </input_file>
      <input_file id="fl-f9">
         <path>/Applications/ti/ccs1220/ccs/tools/compiler/ti-cgt-msp430_21.6.1.LTS/lib/</path>
         <kind>archive</kind>
         <file>rts430x_lc_ld_eabi.lib</file>
         <name>int41.asm.obj</name>
      </input_file>
      <input_file id="fl-fa">
         <path>/Applications/ti/ccs1220/ccs/tools/compiler/ti-cgt-msp430_21.6.1.LTS/lib/</path>
         <kind>archive</kind>
         <file>rts430x_lc_ld_eabi.lib</file>
         <name>int42.asm.obj</name>
      </input_file>
      <input_file id="fl-fb">
         <path>/Applications/ti/ccs1220/ccs/tools/compiler/ti-cgt-msp430_21.6.1.LTS/lib/</path>
         <kind>archive</kind>
         <file>rts430x_lc_ld_eabi.lib</file>
         <name>int43.asm.obj</name>
      </input_file>
      <input_file id="fl-fc">
         <path>/Applications/ti/ccs1220/ccs/tools/compiler/ti-cgt-msp430_21.6.1.LTS/lib/</path>
         <kind>archive</kind>
         <file>rts430x_lc_ld_eabi.lib</file>
         <name>int44.asm.obj</name>
      </input_file>
      <input_file id="fl-fd">
         <path>/Applications/ti/ccs1220/ccs/tools/compiler/ti-cgt-msp430_21.6.1.LTS/lib/</path>
         <kind>archive</kind>
         <file>rts430x_lc_ld_eabi.lib</file>
         <name>int45.asm.obj</name>
      </input_file>
      <input_file id="fl-fe">
         <path>/Applications/ti/ccs1220/ccs/tools/compiler/ti-cgt-msp430_21.6.1.LTS/lib/</path>
         <kind>archive</kind>
         <file>rts430x_lc_ld_eabi.lib</file>
         <name>int46.asm.obj</name>
      </input_file>
      <input_file id="fl-ff">
         <path>/Applications/ti/ccs1220/ccs/tools/compiler/ti-cgt-msp430_21.6.1.LTS/lib/</path>
         <kind>archive</kind>
         <file>rts430x_lc_ld_eabi.lib</file>
         <name>int47.asm.obj</name>
      </input_file>
      <input_file id="fl-100">
         <path>/Applications/ti/ccs1220/ccs/tools/compiler/ti-cgt-msp430_21.6.1.LTS/lib/</path>
         <kind>archive</kind>
         <file>rts430x_lc_ld_eabi.lib</file>
         <name>int48.asm.obj</name>
      </input_file>
      <input_file id="fl-101">
         <path>/Applications/ti/ccs1220/ccs/tools/compiler/ti-cgt-msp430_21.6.1.LTS/lib/</path>
         <kind>archive</kind>
         <file>rts430x_lc_ld_eabi.lib</file>
         <name>int49.asm.obj</name>
      </input_file>
      <input_file id="fl-102">
         <path>/Applications/ti/ccs1220/ccs/tools/compiler/ti-cgt-msp430_21.6.1.LTS/lib/</path>
         <kind>archive</kind>
         <file>rts430x_lc_ld_eabi.lib</file>
         <name>int50.asm.obj</name>
      </input_file>
      <input_file id="fl-103">
         <path>/Applications/ti/ccs1220/ccs/tools/compiler/ti-cgt-msp430_21.6.1.LTS/lib/</path>
         <kind>archive</kind>
         <file>rts430x_lc_ld_eabi.lib</file>
         <name>int51.asm.obj</name>
      </input_file>
      <input_file id="fl-104">
         <path>/Applications/ti/ccs1220/ccs/tools/compiler/ti-cgt-msp430_21.6.1.LTS/lib/</path>
         <kind>archive</kind>
         <file>rts430x_lc_ld_eabi.lib</file>
         <name>int52.asm.obj</name>
      </input_file>
      <input_file id="fl-105">
         <path>/Applications/ti/ccs1220/ccs/tools/compiler/ti-cgt-msp430_21.6.1.LTS/lib/</path>
         <kind>archive</kind>
         <file>rts430x_lc_ld_eabi.lib</file>
         <name>int53.asm.obj</name>
      </input_file>
      <input_file id="fl-106">
         <path>/Applications/ti/ccs1220/ccs/tools/compiler/ti-cgt-msp430_21.6.1.LTS/lib/</path>
         <kind>archive</kind>
         <file>rts430x_lc_ld_eabi.lib</file>
         <name>int54.asm.obj</name>
      </input_file>
      <input_file id="fl-107">
         <path>/Applications/ti/ccs1220/ccs/tools/compiler/ti-cgt-msp430_21.6.1.LTS/lib/</path>
         <kind>archive</kind>
         <file>rts430x_lc_ld_eabi.lib</file>
         <name>int55.asm.obj</name>
      </input_file>
      <input_file id="fl-108">
         <path>/Applications/ti/ccs1220/ccs/tools/compiler/ti-cgt-msp430_21.6.1.LTS/lib/</path>
         <kind>archive</kind>
         <file>rts430x_lc_ld_eabi.lib</file>
         <name>int56.asm.obj</name>
      </input_file>
      <input_file id="fl-109">
         <path>/Applications/ti/ccs1220/ccs/tools/compiler/ti-cgt-msp430_21.6.1.LTS/lib/</path>
         <kind>archive</kind>
         <file>rts430x_lc_ld_eabi.lib</file>
         <name>int57.asm.obj</name>
      </input_file>
      <input_file id="fl-10a">
         <path>/Applications/ti/ccs1220/ccs/tools/compiler/ti-cgt-msp430_21.6.1.LTS/lib/</path>
         <kind>archive</kind>
         <file>rts430x_lc_ld_eabi.lib</file>
         <name>int58.asm.obj</name>
      </input_file>
      <input_file id="fl-10b">
         <path>/Applications/ti/ccs1220/ccs/tools/compiler/ti-cgt-msp430_21.6.1.LTS/lib/</path>
         <kind>archive</kind>
         <file>rts430x_lc_ld_eabi.lib</file>
         <name>int59.asm.obj</name>
      </input_file>
      <input_file id="fl-10c">
         <path>/Applications/ti/ccs1220/ccs/tools/compiler/ti-cgt-msp430_21.6.1.LTS/lib/</path>
         <kind>archive</kind>
         <file>rts430x_lc_ld_eabi.lib</file>
         <name>int60.asm.obj</name>
      </input_file>
      <input_file id="fl-10d">
         <path>/Applications/ti/ccs1220/ccs/tools/compiler/ti-cgt-msp430_21.6.1.LTS/lib/</path>
         <kind>archive</kind>
         <file>rts430x_lc_ld_eabi.lib</file>
         <name>int61.asm.obj</name>
      </input_file>
      <input_file id="fl-10e">
         <path>/Applications/ti/ccs1220/ccs/tools/compiler/ti-cgt-msp430_21.6.1.LTS/lib/</path>
         <kind>archive</kind>
         <file>rts430x_lc_ld_eabi.lib</file>
         <name>int62.asm.obj</name>
      </input_file>
      <input_file id="fl-10f">
         <path>/Applications/ti/ccs1220/ccs/tools/compiler/ti-cgt-msp430_21.6.1.LTS/lib/</path>
         <kind>archive</kind>
         <file>rts430x_lc_ld_eabi.lib</file>
         <name>isr_trap.asm.obj</name>
      </input_file>
      <input_file id="fl-110">
         <path>/Applications/ti/ccs1220/ccs/tools/compiler/ti-cgt-msp430_21.6.1.LTS/lib/</path>
         <kind>archive</kind>
         <file>rts430x_lc_ld_eabi.lib</file>
         <name>lsl16.asm.obj</name>
      </input_file>
      <input_file id="fl-111">
         <path>/Applications/ti/ccs1220/ccs/tools/compiler/ti-cgt-msp430_21.6.1.LTS/lib/</path>
         <kind>archive</kind>
         <file>rts430x_lc_ld_eabi.lib</file>
         <name>lsr16.asm.obj</name>
      </input_file>
      <input_file id="fl-112">
         <path>/Applications/ti/ccs1220/ccs/tools/compiler/ti-cgt-msp430_21.6.1.LTS/lib/</path>
         <kind>archive</kind>
         <file>rts430x_lc_ld_eabi.lib</file>
         <name>lsr32.asm.obj</name>
      </input_file>
      <input_file id="fl-113">
         <path>/Applications/ti/ccs1220/ccs/tools/compiler/ti-cgt-msp430_21.6.1.LTS/lib/</path>
         <kind>archive</kind>
         <file>rts430x_lc_ld_eabi.lib</file>
         <name>mult16.asm.obj</name>
      </input_file>
      <input_file id="fl-114">
         <path>/Applications/ti/ccs1220/ccs/tools/compiler/ti-cgt-msp430_21.6.1.LTS/lib/</path>
         <kind>archive</kind>
         <file>rts430x_lc_ld_eabi.lib</file>
         <name>mult16_f5hw.asm.obj</name>
      </input_file>
      <input_file id="fl-115">
         <path>/Applications/ti/ccs1220/ccs/tools/compiler/ti-cgt-msp430_21.6.1.LTS/lib/</path>
         <kind>archive</kind>
         <file>rts430x_lc_ld_eabi.lib</file>
         <name>mult1632_f5hw.asm.obj</name>
      </input_file>
      <input_file id="fl-116">
         <path>/Applications/ti/ccs1220/ccs/tools/compiler/ti-cgt-msp430_21.6.1.LTS/lib/</path>
         <kind>archive</kind>
         <file>rts430x_lc_ld_eabi.lib</file>
         <name>mult32.asm.obj</name>
      </input_file>
      <input_file id="fl-117">
         <path>/Applications/ti/ccs1220/ccs/tools/compiler/ti-cgt-msp430_21.6.1.LTS/lib/</path>
         <kind>archive</kind>
         <file>rts430x_lc_ld_eabi.lib</file>
         <name>mult32_f5hw.asm.obj</name>
      </input_file>
      <input_file id="fl-118">
         <path>/Applications/ti/ccs1220/ccs/tools/compiler/ti-cgt-msp430_21.6.1.LTS/lib/</path>
         <kind>archive</kind>
         <file>rts430x_lc_ld_eabi.lib</file>
         <name>mult3264_f5hw.asm.obj</name>
      </input_file>
      <input_file id="fl-119">
         <path>/Applications/ti/ccs1220/ccs/tools/compiler/ti-cgt-msp430_21.6.1.LTS/lib/</path>
         <kind>archive</kind>
         <file>rts430x_lc_ld_eabi.lib</file>
         <name>mult64_f5hw.asm.obj</name>
      </input_file>
      <input_file id="fl-11a">
         <path>/Applications/ti/ccs1220/ccs/tools/compiler/ti-cgt-msp430_21.6.1.LTS/lib/</path>
         <kind>archive</kind>
         <file>rts430x_lc_ld_eabi.lib</file>
         <name>boot.c.obj</name>
      </input_file>
      <input_file id="fl-11b">
         <path>/Applications/ti/ccs1220/ccs/tools/compiler/ti-cgt-msp430_21.6.1.LTS/lib/</path>
         <kind>archive</kind>
         <file>rts430x_lc_ld_eabi.lib</file>
         <name>autoinit.c.obj</name>
      </input_file>
      <input_file id="fl-11c">
         <path>/Applications/ti/ccs1220/ccs/tools/compiler/ti-cgt-msp430_21.6.1.LTS/lib/</path>
         <kind>archive</kind>
         <file>rts430x_lc_ld_eabi.lib</file>
         <name>copy_zero_init.c.obj</name>
      </input_file>
      <input_file id="fl-11d">
         <path>/Applications/ti/ccs1220/ccs/tools/compiler/ti-cgt-msp430_21.6.1.LTS/lib/</path>
         <kind>archive</kind>
         <file>rts430x_lc_ld_eabi.lib</file>
         <name>cpy_tbl.c.obj</name>
      </input_file>
      <input_file id="fl-11e">
         <path>/Applications/ti/ccs1220/ccs/tools/compiler/ti-cgt-msp430_21.6.1.LTS/lib/</path>
         <kind>archive</kind>
         <file>rts430x_lc_ld_eabi.lib</file>
         <name>mpu_init.c.obj</name>
      </input_file>
      <input_file id="fl-11f">
         <path>/Applications/ti/ccs1220/ccs/tools/compiler/ti-cgt-msp430_21.6.1.LTS/lib/</path>
         <kind>archive</kind>
         <file>rts430x_lc_ld_eabi.lib</file>
         <name>startup.c.obj</name>
      </input_file>
      <input_file id="fl-120">
         <path>/Applications/ti/ccs1220/ccs/tools/compiler/ti-cgt-msp430_21.6.1.LTS/lib/</path>
         <kind>archive</kind>
         <file>rts430x_lc_ld_eabi.lib</file>
         <name>copy_decompress_none.c.obj</name>
      </input_file>
      <input_file id="fl-121">
         <path>/Applications/ti/ccs1220/ccs/tools/compiler/ti-cgt-msp430_21.6.1.LTS/lib/</path>
         <kind>archive</kind>
         <file>rts430x_lc_ld_eabi.lib</file>
         <name>copy_decompress_lzss.c.obj</name>
      </input_file>
      <input_file id="fl-122">
         <path>/Applications/ti/ccs1220/ccs/tools/compiler/ti-cgt-msp430_21.6.1.LTS/lib/</path>
         <kind>archive</kind>
         <file>rts430x_lc_ld_eabi.lib</file>
         <name>exit.c.obj</name>
      </input_file>
      <input_file id="fl-123">
         <path>/Applications/ti/ccs1220/ccs/tools/compiler/ti-cgt-msp430_21.6.1.LTS/lib/</path>
         <kind>archive</kind>
         <file>rts430x_lc_ld_eabi.lib</file>
         <name>_lock.c.obj</name>
      </input_file>
      <input_file id="fl-124">
         <path>/Applications/ti/ccs1220/ccs/tools/compiler/ti-cgt-msp430_21.6.1.LTS/lib/</path>
         <kind>archive</kind>
         <file>rts430x_lc_ld_eabi.lib</file>
         <name>args_main.c.obj</name>
      </input_file>
      <input_file id="fl-125">
         <path>/Applications/ti/ccs1220/ccs/tools/compiler/ti-cgt-msp430_21.6.1.LTS/lib/</path>
         <kind>archive</kind>
         <file>rts430x_lc_ld_eabi.lib</file>
         <name>memcpy.c.obj</name>
      </input_file>
      <input_file id="fl-126">
         <path>/Applications/ti/ccs1220/ccs/tools/compiler/ti-cgt-msp430_21.6.1.LTS/lib/</path>
         <kind>archive</kind>
         <file>rts430x_lc_ld_eabi.lib</file>
         <name>asr32.asm.obj</name>
      </input_file>
      <input_file id="fl-127">
         <path>/Applications/ti/ccs1220/ccs/tools/compiler/ti-cgt-msp430_21.6.1.LTS/lib/</path>
         <kind>archive</kind>
         <file>rts430x_lc_ld_eabi.lib</file>
         <name>exit_gvars.c.obj</name>
      </input_file>
   </input_file_list>
   <object_component_list>
      <object_component id="oc-7a1">
         <name>.bss:g_pulConvertedPalette</name>
         <uninitialized>true</uninitialized>
         <run_address>0x2400</run_address>
         <size>0x400</size>
         <input_file_ref idref="fl-a3"/>
      </object_component>
      <object_component id="oc-481">
         <name>.common:g_sTouchContext</name>
         <uninitialized>true</uninitialized>
         <run_address>0x289c</run_address>
         <size>0x6</size>
      </object_component>
      <object_component id="oc-488">
         <name>.common:primitiveButton</name>
         <uninitialized>true</uninitialized>
         <run_address>0x2886</run_address>
         <size>0x16</size>
      </object_component>
      <object_component id="oc-48f">
         <name>.common:imageButton</name>
         <uninitialized>true</uninitialized>
         <run_address>0x2870</run_address>
         <size>0x16</size>
      </object_component>
      <object_component id="oc-520">
         <name>.common:yesButton</name>
         <uninitialized>true</uninitialized>
         <run_address>0x282a</run_address>
         <size>0x2a</size>
      </object_component>
      <object_component id="oc-525">
         <name>.common:noButton</name>
         <uninitialized>true</uninitialized>
         <run_address>0x2800</run_address>
         <size>0x2a</size>
      </object_component>
      <object_component id="oc-454">
         <name>.common:g_sContext</name>
         <uninitialized>true</uninitialized>
         <run_address>0x2854</run_address>
         <size>0x1c</size>
      </object_component>
      <object_component id="oc-4a2">
         <name>.data</name>
         <load_address>0x28fa</load_address>
         <run_address>0x28fa</run_address>
         <size>0x1</size>
         <input_file_ref idref="fl-2"/>
      </object_component>
      <object_component id="oc-4f5">
         <name>.data</name>
         <load_address>0x28f2</load_address>
         <run_address>0x28f2</run_address>
         <size>0x8</size>
         <input_file_ref idref="fl-ca"/>
      </object_component>
      <object_component id="oc-51d">
         <name>.data:Images_Button4BPP_UNCOMP</name>
         <load_address>0x28a2</load_address>
         <run_address>0x28a2</run_address>
         <size>0x10</size>
         <input_file_ref idref="fl-d0"/>
      </object_component>
      <object_component id="oc-51a">
         <name>.data:Primitives_Button4BPP_UNCOMP</name>
         <load_address>0x28b2</load_address>
         <run_address>0x28b2</run_address>
         <size>0x10</size>
         <input_file_ref idref="fl-d1"/>
      </object_component>
      <object_component id="oc-645">
         <name>.data:TI_logo_150x1501BPP_COMP_RLE4</name>
         <load_address>0x28c2</load_address>
         <run_address>0x28c2</run_address>
         <size>0x10</size>
         <input_file_ref idref="fl-d2"/>
      </object_component>
      <object_component id="oc-5fc">
         <name>.data:TI_platform_bar_red4BPP_UNCOMP</name>
         <load_address>0x28d2</load_address>
         <run_address>0x28d2</run_address>
         <size>0x10</size>
         <input_file_ref idref="fl-d3"/>
      </object_component>
      <object_component id="oc-642">
         <name>.data:lcd_color_320x2408BPP_UNCOMP</name>
         <load_address>0x28e2</load_address>
         <run_address>0x28e2</run_address>
         <size>0x10</size>
         <input_file_ref idref="fl-d4"/>
      </object_component>
      <object_component id="oc-36b">
         <name>.stack</name>
         <uninitialized>true</uninitialized>
         <run_address>0x4360</run_address>
         <size>0x4</size>
         <input_file_ref idref="fl-11a"/>
      </object_component>
      <object_component id="oc-997">
         <name>.stack</name>
         <uninitialized>true</uninitialized>
         <run_address>0x4360</run_address>
         <size>0x0</size>
      </object_component>
      <object_component id="oc-44e">
         <name>.text:Kitronix320x240x16_SSD2119Init</name>
         <load_address>0xaa4e</load_address>
         <run_address>0xaa4e</run_address>
         <size>0x1e8</size>
         <input_file_ref idref="fl-aa"/>
      </object_component>
      <object_component id="oc-831">
         <name>.text:Graphics_clipLine</name>
         <load_address>0xac36</load_address>
         <run_address>0xac36</run_address>
         <size>0x1a0</size>
         <input_file_ref idref="fl-a5"/>
      </object_component>
      <object_component id="oc-448">
         <name>.text:initializeDemoButtons</name>
         <load_address>0xadd6</load_address>
         <run_address>0xadd6</run_address>
         <size>0x14a</size>
         <input_file_ref idref="fl-2"/>
      </object_component>
      <object_component id="oc-5de">
         <name>.text:touch_calibrate</name>
         <load_address>0xaf20</load_address>
         <run_address>0xaf20</run_address>
         <size>0x118</size>
         <input_file_ref idref="fl-4"/>
      </object_component>
      <object_component id="oc-648">
         <name>.text:drawRestarDemo</name>
         <load_address>0xb038</load_address>
         <run_address>0xb038</run_address>
         <size>0x10c</size>
         <input_file_ref idref="fl-2"/>
      </object_component>
      <object_component id="oc-3e8">
         <name>.text:main</name>
         <load_address>0xb144</load_address>
         <run_address>0xb144</run_address>
         <size>0x104</size>
         <input_file_ref idref="fl-2"/>
      </object_component>
      <object_component id="oc-7ff">
         <name>.text:Graphics_drawButton</name>
         <load_address>0xb248</load_address>
         <run_address>0xb248</run_address>
         <size>0x102</size>
         <input_file_ref idref="fl-9e"/>
      </object_component>
      <object_component id="oc-496">
         <name>.text:runImagesDemo</name>
         <load_address>0xb34a</load_address>
         <run_address>0xb34a</run_address>
         <size>0x100</size>
         <input_file_ref idref="fl-2"/>
      </object_component>
      <object_component id="oc-908">
         <name>.text:privateUCSSourceClockFromDCO</name>
         <load_address>0xb44a</load_address>
         <run_address>0xb44a</run_address>
         <size>0xf2</size>
         <input_file_ref idref="fl-ca"/>
      </object_component>
      <object_component id="oc-670">
         <name>.text:Graphics_drawRectangle</name>
         <load_address>0xb53c</load_address>
         <run_address>0xb53c</run_address>
         <size>0xf0</size>
         <input_file_ref idref="fl-a7"/>
      </object_component>
      <object_component id="oc-882">
         <name>.text:privateUCSComputeCLKFrequency</name>
         <load_address>0xb62c</load_address>
         <run_address>0xb62c</run_address>
         <size>0xe4</size>
         <input_file_ref idref="fl-ca"/>
      </object_component>
      <object_component id="oc-527">
         <name>.text:HAL_LCD_initLCD</name>
         <load_address>0xb710</load_address>
         <run_address>0xb710</run_address>
         <size>0xe2</size>
         <input_file_ref idref="fl-a9"/>
      </object_component>
      <object_component id="oc-50d">
         <name>.text:UCS_initFLL</name>
         <load_address>0xb7f2</load_address>
         <run_address>0xb7f2</run_address>
         <size>0xe2</size>
         <input_file_ref idref="fl-ca"/>
      </object_component>
      <object_component id="oc-482">
         <name>.text:touch_updateCurrentTouch</name>
         <load_address>0xb8d4</load_address>
         <run_address>0xb8d4</run_address>
         <size>0xdc</size>
         <input_file_ref idref="fl-4"/>
      </object_component>
      <object_component id="oc-500">
         <name>.text:PMM_setVCoreUp</name>
         <load_address>0xb9b0</load_address>
         <run_address>0xb9b0</run_address>
         <size>0xcc</size>
         <input_file_ref idref="fl-bc"/>
      </object_component>
      <object_component id="oc-56d">
         <name>.text:Kitronix320x240x16_SSD2119PixelDrawMultiple</name>
         <load_address>0xba7c</load_address>
         <run_address>0xba7c</run_address>
         <size>0xc6</size>
         <input_file_ref idref="fl-aa"/>
      </object_component>
      <object_component id="oc-81e">
         <name>.text:Graphics_drawLineH</name>
         <load_address>0xbb42</load_address>
         <run_address>0xbb42</run_address>
         <size>0xc4</size>
         <input_file_ref idref="fl-a5"/>
      </object_component>
      <object_component id="oc-837">
         <name>.text:Graphics_drawLineV</name>
         <load_address>0xbc06</load_address>
         <run_address>0xbc06</run_address>
         <size>0xba</size>
         <input_file_ref idref="fl-a5"/>
      </object_component>
      <object_component id="oc-80b">
         <name>.text:Graphics_drawReleasedButton</name>
         <load_address>0xbcc0</load_address>
         <run_address>0xbcc0</run_address>
         <size>0xba</size>
         <input_file_ref idref="fl-9e"/>
      </object_component>
      <object_component id="oc-811">
         <name>.text:Graphics_drawSelectedButton</name>
         <load_address>0xbd7a</load_address>
         <run_address>0xbd7a</run_address>
         <size>0xba</size>
         <input_file_ref idref="fl-9e"/>
      </object_component>
      <object_component id="oc-622">
         <name>.text</name>
         <load_address>0xbe34</load_address>
         <run_address>0xbe34</run_address>
         <size>0xb8</size>
         <input_file_ref idref="fl-f6"/>
      </object_component>
      <object_component id="oc-605">
         <name>.text:Graphics_drawImageButton</name>
         <load_address>0xbeec</load_address>
         <run_address>0xbeec</run_address>
         <size>0xa2</size>
         <input_file_ref idref="fl-a4"/>
      </object_component>
      <object_component id="oc-475">
         <name>.text:touch_initInterface</name>
         <load_address>0xbf8e</load_address>
         <run_address>0xbf8e</run_address>
         <size>0x9e</size>
         <input_file_ref idref="fl-4"/>
      </object_component>
      <object_component id="oc-63b">
         <name>.text:Graphics_fillRectangle</name>
         <load_address>0xc02c</load_address>
         <run_address>0xc02c</run_address>
         <size>0x98</size>
         <input_file_ref idref="fl-a7"/>
      </object_component>
      <object_component id="oc-4fa">
         <name>.text:PMM_setVCoreDown</name>
         <load_address>0xc0c4</load_address>
         <run_address>0xc0c4</run_address>
         <size>0x94</size>
         <input_file_ref idref="fl-bc"/>
      </object_component>
      <object_component id="oc-490">
         <name>.text:Graphics_drawSelectedImageButton</name>
         <load_address>0xc158</load_address>
         <run_address>0xc158</run_address>
         <size>0x92</size>
         <input_file_ref idref="fl-a4"/>
      </object_component>
      <object_component id="oc-78b">
         <name>.text:Graphics_getStringWidth</name>
         <load_address>0xc1ea</load_address>
         <run_address>0xc1ea</run_address>
         <size>0x90</size>
         <input_file_ref idref="fl-a8"/>
      </object_component>
      <object_component id="oc-632">
         <name>.text</name>
         <load_address>0xc27a</load_address>
         <run_address>0xc27a</run_address>
         <size>0x90</size>
         <input_file_ref idref="fl-f5"/>
      </object_component>
      <object_component id="oc-777">
         <name>.text:touch_calibrateCircle</name>
         <load_address>0xc30a</load_address>
         <run_address>0xc30a</run_address>
         <size>0x8c</size>
         <input_file_ref idref="fl-4"/>
      </object_component>
      <object_component id="oc-47b">
         <name>.text:drawMainMenu</name>
         <load_address>0xc396</load_address>
         <run_address>0xc396</run_address>
         <size>0x84</size>
         <input_file_ref idref="fl-2"/>
      </object_component>
      <object_component id="oc-612">
         <name>.text:touch_sampleX</name>
         <load_address>0xc41a</load_address>
         <run_address>0xc41a</run_address>
         <size>0x80</size>
         <input_file_ref idref="fl-4"/>
      </object_component>
      <object_component id="oc-62c">
         <name>.text:touch_sampleY</name>
         <load_address>0xc49a</load_address>
         <run_address>0xc49a</run_address>
         <size>0x80</size>
         <input_file_ref idref="fl-4"/>
      </object_component>
      <object_component id="oc-5f0">
         <name>.text:Graphics_drawStringCentered</name>
         <load_address>0xc51a</load_address>
         <run_address>0xc51a</run_address>
         <size>0x78</size>
         <input_file_ref idref="fl-a8"/>
      </object_component>
      <object_component id="oc-4cf">
         <name>.text:__TI_auto_init_nobinit_nopinit_hold_wdt:__TI_auto_init_nobinit_nopinit_hold_wdt</name>
         <load_address>0xc592</load_address>
         <run_address>0xc592</run_address>
         <size>0x78</size>
         <input_file_ref idref="fl-11b"/>
      </object_component>
      <object_component id="oc-442">
         <name>.text:Timer_A_initUpMode</name>
         <load_address>0xc60a</load_address>
         <run_address>0xc60a</run_address>
         <size>0x76</size>
         <input_file_ref idref="fl-c6"/>
      </object_component>
      <object_component id="oc-6d">
         <name>.text:decompress:lzss:__TI_decompress_lzss</name>
         <load_address>0xc680</load_address>
         <run_address>0xc680</run_address>
         <size>0x76</size>
         <input_file_ref idref="fl-121"/>
      </object_component>
      <object_component id="oc-60c">
         <name>.text:touch_detectedTouch</name>
         <load_address>0xc6f6</load_address>
         <run_address>0xc6f6</run_address>
         <size>0x74</size>
         <input_file_ref idref="fl-4"/>
      </object_component>
      <object_component id="oc-8e1">
         <name>.text:Graphics_getClipCode</name>
         <load_address>0xc76a</load_address>
         <run_address>0xc76a</run_address>
         <size>0x72</size>
         <input_file_ref idref="fl-a5"/>
      </object_component>
      <object_component id="oc-57f">
         <name>.text:Kitronix320x240x16_SSD2119RectFill</name>
         <load_address>0xc7dc</load_address>
         <run_address>0xc7dc</run_address>
         <size>0x5e</size>
         <input_file_ref idref="fl-aa"/>
      </object_component>
      <object_component id="oc-889">
         <name>.text</name>
         <load_address>0xc83a</load_address>
         <run_address>0xc83a</run_address>
         <size>0x58</size>
         <input_file_ref idref="fl-f3"/>
      </object_component>
      <object_component id="oc-5b1">
         <name>.text:ADC12_A_init</name>
         <load_address>0xc892</load_address>
         <run_address>0xc892</run_address>
         <size>0x52</size>
         <input_file_ref idref="fl-ac"/>
      </object_component>
      <object_component id="oc-539">
         <name>.text:HAL_LCD_writeData</name>
         <load_address>0xc8e4</load_address>
         <run_address>0xc8e4</run_address>
         <size>0x4e</size>
         <input_file_ref idref="fl-a9"/>
      </object_component>
      <object_component id="oc-533">
         <name>.text:HAL_LCD_writeCommand</name>
         <load_address>0xc932</load_address>
         <run_address>0xc932</run_address>
         <size>0x4c</size>
         <input_file_ref idref="fl-a9"/>
      </object_component>
      <object_component id="oc-427">
         <name>.text:PMM_setVCore</name>
         <load_address>0xc97e</load_address>
         <run_address>0xc97e</run_address>
         <size>0x4a</size>
         <input_file_ref idref="fl-bc"/>
      </object_component>
      <object_component id="oc-61d">
         <name>.text</name>
         <load_address>0xc9c8</load_address>
         <run_address>0xc9c8</run_address>
         <size>0x4a</size>
         <input_file_ref idref="fl-f4"/>
      </object_component>
      <object_component id="oc-567">
         <name>.text:Kitronix320x240x16_SSD2119PixelDraw</name>
         <load_address>0xca12</load_address>
         <run_address>0xca12</run_address>
         <size>0x46</size>
         <input_file_ref idref="fl-aa"/>
      </object_component>
      <object_component id="oc-735">
         <name>.text:Kitronix320x240x16_SSD2119_setCursorLtoR</name>
         <load_address>0xca58</load_address>
         <run_address>0xca58</run_address>
         <size>0x46</size>
         <input_file_ref idref="fl-aa"/>
      </object_component>
      <object_component id="oc-742">
         <name>.text:Kitronix320x240x16_SSD2119_setCursorTtoB</name>
         <load_address>0xca9e</load_address>
         <run_address>0xca9e</run_address>
         <size>0x46</size>
         <input_file_ref idref="fl-aa"/>
      </object_component>
      <object_component id="oc-627">
         <name>.text</name>
         <load_address>0xcae4</load_address>
         <run_address>0xcae4</run_address>
         <size>0x46</size>
         <input_file_ref idref="fl-f7"/>
      </object_component>
      <object_component id="oc-585">
         <name>.text:Kitronix320x240x16_SSD2119ColorTranslate</name>
         <load_address>0xcb2a</load_address>
         <run_address>0xcb2a</run_address>
         <size>0x42</size>
         <input_file_ref idref="fl-aa"/>
      </object_component>
      <object_component id="oc-791">
         <name>.text</name>
         <load_address>0xcb6c</load_address>
         <run_address>0xcb6c</run_address>
         <size>0x40</size>
         <input_file_ref idref="fl-f2"/>
      </object_component>
      <object_component id="oc-5cf">
         <name>.text:GPIO_setAsInputPinWithPullUpResistor</name>
         <load_address>0xcbac</load_address>
         <run_address>0xcbac</run_address>
         <size>0x3e</size>
         <input_file_ref idref="fl-b8"/>
      </object_component>
      <object_component id="oc-697">
         <name>.text:l_asr_const</name>
         <load_address>0xcbea</load_address>
         <run_address>0xcbea</run_address>
         <size>0x3e</size>
         <input_file_ref idref="fl-126"/>
      </object_component>
      <object_component id="oc-74a">
         <name>.text:l_lsr_const</name>
         <load_address>0xcc28</load_address>
         <run_address>0xcc28</run_address>
         <size>0x3e</size>
         <input_file_ref idref="fl-112"/>
      </object_component>
      <object_component id="oc-45a">
         <name>.text:Graphics_initContext</name>
         <load_address>0xcc66</load_address>
         <run_address>0xcc66</run_address>
         <size>0x3c</size>
         <input_file_ref idref="fl-a1"/>
      </object_component>
      <object_component id="oc-37a">
         <name>.text:memcpy</name>
         <load_address>0xcca2</load_address>
         <run_address>0xcca2</run_address>
         <size>0x3c</size>
         <input_file_ref idref="fl-125"/>
      </object_component>
      <object_component id="oc-42d">
         <name>.text:UCS_turnOnLFXT1</name>
         <load_address>0xccde</load_address>
         <run_address>0xccde</run_address>
         <size>0x38</size>
         <input_file_ref idref="fl-ca"/>
      </object_component>
      <object_component id="oc-7ae">
         <name>.text:Graphics_drawMultiplePixelsOnDisplay</name>
         <load_address>0xcd16</load_address>
         <run_address>0xcd16</run_address>
         <size>0x36</size>
         <input_file_ref idref="fl-a2"/>
      </object_component>
      <object_component id="oc-489">
         <name>.text:Graphics_isImageButtonSelected</name>
         <load_address>0xcd4c</load_address>
         <run_address>0xcd4c</run_address>
         <size>0x36</size>
         <input_file_ref idref="fl-a4"/>
      </object_component>
      <object_component id="oc-77d">
         <name>.text:FlashCtl_write32</name>
         <load_address>0xcd82</load_address>
         <run_address>0xcd82</run_address>
         <size>0x34</size>
         <input_file_ref idref="fl-b7"/>
      </object_component>
      <object_component id="oc-7bd">
         <name>.text:GPIO_setAsInputPin</name>
         <load_address>0xcdb6</load_address>
         <run_address>0xcdb6</run_address>
         <size>0x34</size>
         <input_file_ref idref="fl-b8"/>
      </object_component>
      <object_component id="oc-573">
         <name>.text:Kitronix320x240x16_SSD2119LineDrawH</name>
         <load_address>0xcdea</load_address>
         <run_address>0xcdea</run_address>
         <size>0x34</size>
         <input_file_ref idref="fl-aa"/>
      </object_component>
      <object_component id="oc-579">
         <name>.text:Kitronix320x240x16_SSD2119LineDrawV</name>
         <load_address>0xce1e</load_address>
         <run_address>0xce1e</run_address>
         <size>0x34</size>
         <input_file_ref idref="fl-aa"/>
      </object_component>
      <object_component id="oc-433">
         <name>.text:UCS_initFLLSettle</name>
         <load_address>0xce52</load_address>
         <run_address>0xce52</run_address>
         <size>0x32</size>
         <input_file_ref idref="fl-ca"/>
      </object_component>
      <object_component id="oc-829">
         <name>.text:Graphics_getNumberOfLeadingZeros</name>
         <load_address>0xce84</load_address>
         <run_address>0xce84</run_address>
         <size>0x2e</size>
         <input_file_ref idref="fl-a8"/>
      </object_component>
      <object_component id="oc-7c9">
         <name>.text:ADC12_A_startConversion</name>
         <load_address>0xceb2</load_address>
         <run_address>0xceb2</run_address>
         <size>0x2c</size>
         <input_file_ref idref="fl-ac"/>
      </object_component>
      <object_component id="oc-7a9">
         <name>.text</name>
         <load_address>0xcede</load_address>
         <run_address>0xcede</run_address>
         <size>0x2c</size>
         <input_file_ref idref="fl-f0"/>
      </object_component>
      <object_component id="oc-6e3">
         <name>.text:GPIO_setAsOutputPin</name>
         <load_address>0xcf0a</load_address>
         <run_address>0xcf0a</run_address>
         <size>0x28</size>
         <input_file_ref idref="fl-b8"/>
      </object_component>
      <object_component id="oc-41b">
         <name>.text:GPIO_setAsPeripheralModuleFunctionInputPin</name>
         <load_address>0xcf32</load_address>
         <run_address>0xcf32</run_address>
         <size>0x28</size>
         <input_file_ref idref="fl-b8"/>
      </object_component>
      <object_component id="oc-6ef">
         <name>.text:GPIO_setAsPeripheralModuleFunctionOutputPin</name>
         <load_address>0xcf5a</load_address>
         <run_address>0xcf5a</run_address>
         <size>0x28</size>
         <input_file_ref idref="fl-b8"/>
      </object_component>
      <object_component id="oc-65e">
         <name>.text:Graphics_drawPixel</name>
         <load_address>0xcf82</load_address>
         <run_address>0xcf82</run_address>
         <size>0x28</size>
         <input_file_ref idref="fl-a1"/>
      </object_component>
      <object_component id="oc-591">
         <name>.text:Kitronix320x240x16_SSD2119ClearScreen</name>
         <load_address>0xcfaa</load_address>
         <run_address>0xcfaa</run_address>
         <size>0x26</size>
         <input_file_ref idref="fl-aa"/>
      </object_component>
      <object_component id="oc-770">
         <name>.text:FlashCtl_eraseSegment</name>
         <load_address>0xcfd0</load_address>
         <run_address>0xcfd0</run_address>
         <size>0x24</size>
         <input_file_ref idref="fl-b7"/>
      </object_component>
      <object_component id="oc-392">
         <name>.text:decompress:ZI:__TI_zero_init</name>
         <load_address>0xcff4</load_address>
         <run_address>0xcff4</run_address>
         <size>0x24</size>
         <input_file_ref idref="fl-11c"/>
      </object_component>
      <object_component id="oc-618">
         <name>.text</name>
         <load_address>0xd018</load_address>
         <run_address>0xd018</run_address>
         <size>0x24</size>
         <input_file_ref idref="fl-f8"/>
      </object_component>
      <object_component id="oc-8e7">
         <name>.text</name>
         <load_address>0xd03c</load_address>
         <run_address>0xd03c</run_address>
         <size>0x24</size>
         <input_file_ref idref="fl-117"/>
      </object_component>
      <object_component id="oc-783">
         <name>.text:FlashCtl_lockInfoA</name>
         <load_address>0xd060</load_address>
         <run_address>0xd060</run_address>
         <size>0x22</size>
[...]
         <value>0xca58</value>
         <object_component_ref idref="oc-735"/>
      </symbol>
      <symbol id="sm-89e">
         <name>ADC12_A_getResults</name>
         <value>0xd27e</value>
         <object_component_ref idref="oc-7d5"/>
      </symbol>
      <symbol id="sm-89f">
         <name>ADC12_A_init</name>
         <value>0xc892</value>
         <object_component_ref idref="oc-5b1"/>
      </symbol>
      <symbol id="sm-8a0">
         <name>ADC12_A_startConversion</name>
         <value>0xceb2</value>
         <object_component_ref idref="oc-7c9"/>
      </symbol>
      <symbol id="sm-8a1">
         <name>ADC12_A_enable</name>
         <value>0xd342</value>
         <object_component_ref idref="oc-5bd"/>
      </symbol>
      <symbol id="sm-8a2">
         <name>ADC12_A_clearInterrupt</name>
         <value>0xd29c</value>
         <object_component_ref idref="oc-7c3"/>
      </symbol>
      <symbol id="sm-8a3">
         <name>ADC12_A_setupSamplingTimer</name>
         <value>0xd0a2</value>
         <object_component_ref idref="oc-5b7"/>
      </symbol>
      <symbol id="sm-8a4">
         <name>ADC12_A_configureMemory</name>
         <value>0xd082</value>
         <object_component_ref idref="oc-5c9"/>
      </symbol>
      <symbol id="sm-8a5">
         <name>ADC12_A_getInterruptStatus</name>
         <value>0xd2fc</value>
         <object_component_ref idref="oc-7cf"/>
      </symbol>
      <symbol id="sm-8d3">
         <name>FlashCtl_eraseSegment</name>
         <value>0xcfd0</value>
         <object_component_ref idref="oc-770"/>
      </symbol>
      <symbol id="sm-8d4">
         <name>FlashCtl_write32</name>
         <value>0xcd82</value>
         <object_component_ref idref="oc-77d"/>
      </symbol>
      <symbol id="sm-8d5">
         <name>FlashCtl_unlockInfoA</name>
         <value>0xd0c2</value>
         <object_component_ref idref="oc-76a"/>
      </symbol>
      <symbol id="sm-8d6">
         <name>FlashCtl_lockInfoA</name>
         <value>0xd060</value>
         <object_component_ref idref="oc-783"/>
      </symbol>
      <symbol id="sm-922">
         <name>GPIO_setAsInputPin</name>
         <value>0xcdb6</value>
         <object_component_ref idref="oc-7bd"/>
      </symbol>
      <symbol id="sm-923">
         <name>GPIO_setOutputHighOnPin</name>
         <value>0xd11a</value>
         <object_component_ref idref="oc-710"/>
      </symbol>
      <symbol id="sm-924">
         <name>GPIO_setAsInputPinWithPullUpResistor</name>
         <value>0xcbac</value>
         <object_component_ref idref="oc-5cf"/>
      </symbol>
      <symbol id="sm-925">
         <name>GPIO_setAsOutputPin</name>
         <value>0xcf0a</value>
         <object_component_ref idref="oc-6e3"/>
      </symbol>
      <symbol id="sm-926">
         <name>GPIO_setOutputLowOnPin</name>
         <value>0xd136</value>
         <object_component_ref idref="oc-6e9"/>
      </symbol>
      <symbol id="sm-927">
         <name>GPIO_setAsPeripheralModuleFunctionOutputPin</name>
         <value>0xcf5a</value>
         <object_component_ref idref="oc-6ef"/>
      </symbol>
      <symbol id="sm-928">
         <name>GPIO_getInputPinValue</name>
         <value>0xd0fe</value>
         <object_component_ref idref="oc-5d8"/>
      </symbol>
      <symbol id="sm-929">
         <name>GPIO_setAsPeripheralModuleFunctionInputPin</name>
         <value>0xcf32</value>
         <object_component_ref idref="oc-41b"/>
      </symbol>
      <symbol id="sm-955">
         <name>PMM_setVCore</name>
         <value>0xc97e</value>
         <object_component_ref idref="oc-427"/>
      </symbol>
      <symbol id="sm-956">
         <name>PMM_setVCoreDown</name>
         <value>0xc0c4</value>
         <object_component_ref idref="oc-4fa"/>
      </symbol>
      <symbol id="sm-957">
         <name>PMM_setVCoreUp</name>
         <value>0xb9b0</value>
         <object_component_ref idref="oc-500"/>
      </symbol>
      <symbol id="sm-969">
         <name>SFR_enableInterrupt</name>
         <value>0xd350</value>
         <object_component_ref idref="oc-439"/>
      </symbol>
      <symbol id="sm-97a">
         <name>Timer_A_initUpMode</name>
         <value>0xc60a</value>
         <object_component_ref idref="oc-442"/>
      </symbol>
      <symbol id="sm-9e6">
         <name>UCS_initFLLSettle</name>
         <value>0xce52</value>
         <object_component_ref idref="oc-433"/>
      </symbol>
      <symbol id="sm-9e7">
         <name>UCS_setExternalClockSource</name>
         <value>0xd26c</value>
         <object_component_ref idref="oc-421"/>
      </symbol>
      <symbol id="sm-9e8">
         <name>UCS_initFLL</name>
         <value>0xb7f2</value>
         <object_component_ref idref="oc-50d"/>
      </symbol>
      <symbol id="sm-9e9">
         <name>UCS_getSMCLK</name>
         <value>0xd1e4</value>
         <object_component_ref idref="oc-6f8"/>
      </symbol>
      <symbol id="sm-9ea">
         <name>UCS_turnOnLFXT1</name>
         <value>0xccde</value>
         <object_component_ref idref="oc-42d"/>
      </symbol>
      <symbol id="sm-a1c">
         <name>USCI_B_SPI_enable</name>
         <value>0xd356</value>
         <object_component_ref idref="oc-70a"/>
      </symbol>
      <symbol id="sm-a1d">
         <name>USCI_B_SPI_clearInterrupt</name>
         <value>0xd2d8</value>
         <object_component_ref idref="oc-704"/>
      </symbol>
      <symbol id="sm-a1e">
         <name>USCI_B_SPI_getInterruptStatus</name>
         <value>0xd31a</value>
         <object_component_ref idref="oc-72b"/>
      </symbol>
      <symbol id="sm-a1f">
         <name>USCI_B_SPI_initMaster</name>
         <value>0x2439e</value>
         <object_component_ref idref="oc-6fe"/>
      </symbol>
      <symbol id="sm-a20">
         <name>USCI_B_SPI_transmitData</name>
         <value>0xd324</value>
         <object_component_ref idref="oc-723"/>
      </symbol>
      <symbol id="sm-a21">
         <name>USCI_B_SPI_isBusy</name>
         <value>0xd2e4</value>
         <object_component_ref idref="oc-71c"/>
      </symbol>
      <symbol id="sm-a2a">
         <name>WDT_A_hold</name>
         <value>0xd152</value>
         <object_component_ref idref="oc-40f"/>
      </symbol>
      <symbol id="sm-a40">
         <name>Images_Button4BPP_UNCOMP</name>
         <value>0x28a2</value>
         <object_component_ref idref="oc-51d"/>
      </symbol>
      <symbol id="sm-a56">
         <name>Primitives_Button4BPP_UNCOMP</name>
         <value>0x28b2</value>
         <object_component_ref idref="oc-51a"/>
      </symbol>
      <symbol id="sm-a6c">
         <name>TI_logo_150x1501BPP_COMP_RLE4</name>
         <value>0x28c2</value>
         <object_component_ref idref="oc-645"/>
      </symbol>
      <symbol id="sm-a82">
         <name>TI_platform_bar_red4BPP_UNCOMP</name>
         <value>0x28d2</value>
         <object_component_ref idref="oc-5fc"/>
      </symbol>
      <symbol id="sm-a98">
         <name>lcd_color_320x2408BPP_UNCOMP</name>
         <value>0x28e2</value>
         <object_component_ref idref="oc-642"/>
      </symbol>
      <symbol id="sm-aa4">
         <name>__mspabi_remi</name>
         <value>0xcede</value>
         <object_component_ref idref="oc-7a9"/>
      </symbol>
      <symbol id="sm-aa5">
         <name>__mspabi_divi</name>
         <value>0xcede</value>
         <object_component_ref idref="oc-7a9"/>
      </symbol>
      <symbol id="sm-aaf">
         <name>__mspabi_remu</name>
         <value>0xd256</value>
         <object_component_ref idref="oc-8b7"/>
      </symbol>
      <symbol id="sm-ab0">
         <name>__mspabi_divu</name>
         <value>0xd256</value>
         <object_component_ref idref="oc-8b7"/>
      </symbol>
      <symbol id="sm-abc">
         <name>__mspabi_remli</name>
         <value>0xcb6c</value>
         <object_component_ref idref="oc-791"/>
      </symbol>
      <symbol id="sm-abd">
         <name>__mspabi_divli</name>
         <value>0xcb6c</value>
         <object_component_ref idref="oc-791"/>
      </symbol>
      <symbol id="sm-acb">
         <name>__mspabi_remul</name>
         <value>0xc83a</value>
         <object_component_ref idref="oc-889"/>
      </symbol>
      <symbol id="sm-acc">
         <name>__mspabi_divul</name>
         <value>0xc83a</value>
         <object_component_ref idref="oc-889"/>
      </symbol>
      <symbol id="sm-adc">
         <name>__mspabi_cmpf</name>
         <value>0xc9c8</value>
         <object_component_ref idref="oc-61d"/>
      </symbol>
      <symbol id="sm-aee">
         <name>__mspabi_divf</name>
         <value>0xc27a</value>
         <object_component_ref idref="oc-632"/>
      </symbol>
      <symbol id="sm-b05">
         <name>__mspabi_mpyf</name>
         <value>0xbe34</value>
         <object_component_ref idref="oc-622"/>
      </symbol>
      <symbol id="sm-b14">
         <name>__mspabi_fixfu</name>
         <value>0xcae4</value>
         <object_component_ref idref="oc-627"/>
      </symbol>
      <symbol id="sm-b1f">
         <name>__mspabi_fltuf</name>
         <value>0xd018</value>
         <object_component_ref idref="oc-618"/>
      </symbol>
      <symbol id="sm-b22">
         <name>__TI_int41</name>
         <value>0xffd2</value>
         <object_component_ref idref="oc-79"/>
      </symbol>
      <symbol id="sm-b25">
         <name>__TI_int42</name>
         <value>0xffd4</value>
         <object_component_ref idref="oc-7a"/>
      </symbol>
      <symbol id="sm-b28">
         <name>__TI_int43</name>
         <value>0xffd6</value>
         <object_component_ref idref="oc-7b"/>
      </symbol>
      <symbol id="sm-b2b">
         <name>__TI_int44</name>
         <value>0xffd8</value>
         <object_component_ref idref="oc-7c"/>
      </symbol>
      <symbol id="sm-b2e">
         <name>__TI_int45</name>
         <value>0xffda</value>
         <object_component_ref idref="oc-7d"/>
      </symbol>
      <symbol id="sm-b31">
         <name>__TI_int46</name>
         <value>0xffdc</value>
         <object_component_ref idref="oc-7e"/>
      </symbol>
      <symbol id="sm-b34">
         <name>__TI_int47</name>
         <value>0xffde</value>
         <object_component_ref idref="oc-7f"/>
      </symbol>
      <symbol id="sm-b37">
         <name>__TI_int48</name>
         <value>0xffe0</value>
         <object_component_ref idref="oc-80"/>
      </symbol>
      <symbol id="sm-b3a">
         <name>__TI_int49</name>
         <value>0xffe2</value>
         <object_component_ref idref="oc-81"/>
      </symbol>
      <symbol id="sm-b3d">
         <name>__TI_int50</name>
         <value>0xffe4</value>
         <object_component_ref idref="oc-82"/>
      </symbol>
      <symbol id="sm-b40">
         <name>__TI_int51</name>
         <value>0xffe6</value>
         <object_component_ref idref="oc-83"/>
      </symbol>
      <symbol id="sm-b43">
         <name>__TI_int52</name>
         <value>0xffe8</value>
         <object_component_ref idref="oc-84"/>
      </symbol>
      <symbol id="sm-b46">
         <name>__TI_int53</name>
         <value>0xffea</value>
         <object_component_ref idref="oc-85"/>
      </symbol>
      <symbol id="sm-b49">
         <name>__TI_int54</name>
         <value>0xffec</value>
         <object_component_ref idref="oc-86"/>
      </symbol>
      <symbol id="sm-b4c">
         <name>__TI_int55</name>
         <value>0xffee</value>
         <object_component_ref idref="oc-87"/>
      </symbol>
      <symbol id="sm-b4f">
         <name>__TI_int56</name>
         <value>0xfff0</value>
         <object_component_ref idref="oc-88"/>
      </symbol>
      <symbol id="sm-b52">
         <name>__TI_int57</name>
         <value>0xfff2</value>
         <object_component_ref idref="oc-89"/>
      </symbol>
      <symbol id="sm-b55">
         <name>__TI_int58</name>
         <value>0xfff4</value>
         <object_component_ref idref="oc-8a"/>
      </symbol>
      <symbol id="sm-b58">
         <name>__TI_int59</name>
         <value>0xfff6</value>
         <object_component_ref idref="oc-8b"/>
      </symbol>
      <symbol id="sm-b5b">
         <name>__TI_int60</name>
         <value>0xfff8</value>
         <object_component_ref idref="oc-8c"/>
      </symbol>
      <symbol id="sm-b5e">
         <name>__TI_int61</name>
         <value>0xfffa</value>
         <object_component_ref idref="oc-8d"/>
      </symbol>
      <symbol id="sm-b61">
         <name>__TI_int62</name>
         <value>0xfffc</value>
         <object_component_ref idref="oc-8e"/>
      </symbol>
      <symbol id="sm-b69">
         <name>__TI_ISR_TRAP</name>
         <value>0x441c</value>
         <object_component_ref idref="oc-387"/>
      </symbol>
      <symbol id="sm-b72">
         <name>__mspabi_slli</name>
         <value>0xd32e</value>
         <object_component_ref idref="oc-824"/>
      </symbol>
      <symbol id="sm-b7b">
         <name>__mspabi_srli</name>
         <value>0xd338</value>
         <object_component_ref idref="oc-73b"/>
      </symbol>
      <symbol id="sm-b83">
         <name>__mspabi_srll_8</name>
         <value>0xcc44</value>
         <object_component_ref idref="oc-74a"/>
      </symbol>
      <symbol id="sm-b84">
         <name>__mspabi_srll_9</name>
         <value>0xcc40</value>
         <object_component_ref idref="oc-74a"/>
      </symbol>
      <symbol id="sm-b85">
         <name>__mspabi_srll_6</name>
         <value>0xcc4c</value>
         <object_component_ref idref="oc-74a"/>
      </symbol>
      <symbol id="sm-b86">
         <name>__mspabi_srll_7</name>
         <value>0xcc48</value>
         <object_component_ref idref="oc-74a"/>
      </symbol>
      <symbol id="sm-b87">
         <name>__mspabi_srll_4</name>
         <value>0xcc54</value>
         <object_component_ref idref="oc-74a"/>
      </symbol>
      <symbol id="sm-b88">
         <name>__mspabi_srll_5</name>
         <value>0xcc50</value>
         <object_component_ref idref="oc-74a"/>
      </symbol>
      <symbol id="sm-b89">
         <name>__mspabi_srll_2</name>
         <value>0xcc5c</value>
         <object_component_ref idref="oc-74a"/>
      </symbol>
      <symbol id="sm-b8a">
         <name>__mspabi_srll_3</name>
         <value>0xcc58</value>
         <object_component_ref idref="oc-74a"/>
      </symbol>
      <symbol id="sm-b8b">
         <name>__mspabi_srll_1</name>
         <value>0xcc60</value>
         <object_component_ref idref="oc-74a"/>
      </symbol>
      <symbol id="sm-b8c">
         <name>__mspabi_srll_15</name>
         <value>0xcc28</value>
         <object_component_ref idref="oc-74a"/>
      </symbol>
      <symbol id="sm-b8d">
         <name>__mspabi_srll_14</name>
         <value>0xcc2c</value>
         <object_component_ref idref="oc-74a"/>
      </symbol>
      <symbol id="sm-b8e">
         <name>__mspabi_srll_13</name>
         <value>0xcc30</value>
         <object_component_ref idref="oc-74a"/>
      </symbol>
      <symbol id="sm-b8f">
         <name>__mspabi_srll_12</name>
         <value>0xcc34</value>
         <object_component_ref idref="oc-74a"/>
      </symbol>
      <symbol id="sm-b90">
         <name>__mspabi_srll_11</name>
         <value>0xcc38</value>
         <object_component_ref idref="oc-74a"/>
      </symbol>
      <symbol id="sm-b91">
         <name>__mspabi_srll_10</name>
         <value>0xcc3c</value>
         <object_component_ref idref="oc-74a"/>
      </symbol>
      <symbol id="sm-b9a">
         <name>__mspabi_mpyi_f5hw</name>
         <value>0xd1fc</value>
         <object_component_ref idref="oc-7a4"/>
      </symbol>
      <symbol id="sm-ba4">
         <name>__mspabi_mpyl_f5hw</name>
         <value>0xd03c</value>
         <object_component_ref idref="oc-8e7"/>
      </symbol>
      <symbol id="sm-bb6">
         <name>_stack</name>
         <value>0x4360</value>
         <object_component_ref idref="oc-36b"/>
      </symbol>
      <symbol id="sm-bb7">
         <name>_c_int00_noargs</name>
         <value>0x4400</value>
         <object_component_ref idref="oc-39e"/>
      </symbol>
      <symbol id="sm-bb8">
         <name>_reset_vector</name>
         <value>0xfffe</value>
         <object_component_ref idref="oc-36e"/>
      </symbol>
      <symbol id="sm-bda">
         <name>__TI_auto_init_nobinit_nopinit_hold_wdt</name>
         <value>0xc592</value>
         <object_component_ref idref="oc-4cf"/>
      </symbol>
      <symbol id="sm-bed">
         <name>__TI_zero_init</name>
         <value>0xcff4</value>
         <object_component_ref idref="oc-392"/>
      </symbol>
      <symbol id="sm-bf8">
         <name>_system_post_cinit</name>
         <value>0xd362</value>
         <object_component_ref idref="oc-69c"/>
      </symbol>
      <symbol id="sm-c09">
         <name>__TI_decompress_none</name>
         <value>0xd240</value>
         <object_component_ref idref="oc-73"/>
      </symbol>
      <symbol id="sm-c2c">
         <name>__TI_decompress_lzss</name>
         <value>0xc680</value>
         <object_component_ref idref="oc-6d"/>
      </symbol>
      <symbol id="sm-c36">
         <name>C$$EXIT</name>
         <value>0xd35c</value>
         <object_component_ref idref="oc-4ab"/>
      </symbol>
      <symbol id="sm-c37">
         <name>abort</name>
         <value>0xd35c</value>
         <object_component_ref idref="oc-4ab"/>
      </symbol>
      <symbol id="sm-c4d">
         <name>memcpy</name>
         <value>0xcca2</value>
         <object_component_ref idref="oc-37a"/>
      </symbol>
      <symbol id="sm-c55">
         <name>__mspabi_sral_15</name>
         <value>0xcbea</value>
         <object_component_ref idref="oc-697"/>
      </symbol>
      <symbol id="sm-c56">
         <name>__mspabi_sral_14</name>
         <value>0xcbee</value>
         <object_component_ref idref="oc-697"/>
      </symbol>
      <symbol id="sm-c57">
         <name>__mspabi_sral_13</name>
         <value>0xcbf2</value>
         <object_component_ref idref="oc-697"/>
      </symbol>
      <symbol id="sm-c58">
         <name>__mspabi_sral_12</name>
         <value>0xcbf6</value>
         <object_component_ref idref="oc-697"/>
      </symbol>
      <symbol id="sm-c59">
         <name>__mspabi_sral_11</name>
         <value>0xcbfa</value>
         <object_component_ref idref="oc-697"/>
      </symbol>
      <symbol id="sm-c5a">
         <name>__mspabi_sral_10</name>
         <value>0xcbfe</value>
         <object_component_ref idref="oc-697"/>
      </symbol>
      <symbol id="sm-c5b">
         <name>__mspabi_sral_8</name>
         <value>0xcc06</value>
         <object_component_ref idref="oc-697"/>
      </symbol>
      <symbol id="sm-c5c">
         <name>__mspabi_sral_9</name>
         <value>0xcc02</value>
         <object_component_ref idref="oc-697"/>
      </symbol>
      <symbol id="sm-c5d">
         <name>__mspabi_sral_6</name>
         <value>0xcc0e</value>
         <object_component_ref idref="oc-697"/>
      </symbol>
      <symbol id="sm-c5e">
         <name>__mspabi_sral_7</name>
         <value>0xcc0a</value>
         <object_component_ref idref="oc-697"/>
      </symbol>
      <symbol id="sm-c5f">
         <name>__mspabi_sral_4</name>
         <value>0xcc16</value>
         <object_component_ref idref="oc-697"/>
      </symbol>
      <symbol id="sm-c60">
         <name>__mspabi_sral_5</name>
         <value>0xcc12</value>
         <object_component_ref idref="oc-697"/>
      </symbol>
      <symbol id="sm-c61">
         <name>__mspabi_sral_2</name>
         <value>0xcc1e</value>
         <object_component_ref idref="oc-697"/>
      </symbol>
      <symbol id="sm-c62">
         <name>__mspabi_sral_3</name>
         <value>0xcc1a</value>
         <object_component_ref idref="oc-697"/>
      </symbol>
      <symbol id="sm-c63">
         <name>__mspabi_sral_1</name>
         <value>0xcc22</value>
         <object_component_ref idref="oc-697"/>
      </symbol>
   </symbol_table>
   <title>Link successful</title>
</link_info>
