******************************************************************************
                  MSP430 Linker Unix v21.6.1                   
******************************************************************************
>> Linked Sun Apr  9 23:35:38 2023

OUTPUT FILE NAME:   <prototype_lcd_display2.out>
ENTRY POINT SYMBOL: "_c_int00_noargs"  address: 0000445a


MEMORY CONFIGURATION

         name            origin    length      used     unused   attr    fill
----------------------  --------  ---------  --------  --------  ----  --------
  SFR                   00000000   00000010  00000000  00000010  RWIX
  PERIPHERALS_8BIT      00000010   000000f0  00000000  000000f0  RWIX
  PERIPHERALS_16BIT     00000100   00000100  00000000  00000100  RWIX
  INFOD                 00001800   00000080  00000000  00000080  RWIX
  INFOC                 00001880   00000080  00000000  00000080  RWIX
  INFOB                 00001900   00000080  00000000  00000080  RWIX
  INFOA                 00001980   00000080  0000000c  00000074  RWIX
  USBRAM                00001c00   00000800  00000000  00000800  RWIX
  RAM                   00002400   00002000  000005ae  00001a52  RWIX
  FLASH                 00004400   0000bb80  00003f4c  00007c34  RWIX
  INT00                 0000ff80   00000002  00000000  00000002  RWIX
  INT01                 0000ff82   00000002  00000000  00000002  RWIX
  INT02                 0000ff84   00000002  00000000  00000002  RWIX
  INT03                 0000ff86   00000002  00000000  00000002  RWIX
  INT04                 0000ff88   00000002  00000000  00000002  RWIX
  INT05                 0000ff8a   00000002  00000000  00000002  RWIX
  INT06                 0000ff8c   00000002  00000000  00000002  RWIX
  INT07                 0000ff8e   00000002  00000000  00000002  RWIX
  INT08                 0000ff90   00000002  00000000  00000002  RWIX
  INT09                 0000ff92   00000002  00000000  00000002  RWIX
  INT10                 0000ff94   00000002  00000000  00000002  RWIX
  INT11                 0000ff96   00000002  00000000  00000002  RWIX
  INT12                 0000ff98   00000002  00000000  00000002  RWIX
  INT13                 0000ff9a   00000002  00000000  00000002  RWIX
  INT14                 0000ff9c   00000002  00000000  00000002  RWIX
  INT15                 0000ff9e   00000002  00000000  00000002  RWIX
  INT16                 0000ffa0   00000002  00000000  00000002  RWIX
  INT17                 0000ffa2   00000002  00000000  00000002  RWIX
  INT18                 0000ffa4   00000002  00000000  00000002  RWIX
  INT19                 0000ffa6   00000002  00000000  00000002  RWIX
  INT20                 0000ffa8   00000002  00000000  00000002  RWIX
  INT21                 0000ffaa   00000002  00000000  00000002  RWIX
  INT22                 0000ffac   00000002  00000000  00000002  RWIX
  INT23                 0000ffae   00000002  00000000  00000002  RWIX
  INT24                 0000ffb0   00000002  00000000  00000002  RWIX
  INT25                 0000ffb2   00000002  00000000  00000002  RWIX
  INT26                 0000ffb4   00000002  00000000  00000002  RWIX
  INT27                 0000ffb6   00000002  00000000  00000002  RWIX
  INT28                 0000ffb8   00000002  00000000  00000002  RWIX
  INT29                 0000ffba   00000002  00000000  00000002  RWIX
  INT30                 0000ffbc   00000002  00000000  00000002  RWIX
  INT31                 0000ffbe   00000002  00000000  00000002  RWIX
  INT32                 0000ffc0   00000002  00000000  00000002  RWIX
  INT33                 0000ffc2   00000002  00000000  00000002  RWIX
  INT34                 0000ffc4   00000002  00000000  00000002  RWIX
  INT35                 0000ffc6   00000002  00000000  00000002  RWIX
  INT36                 0000ffc8   00000002  00000000  00000002  RWIX
  INT37                 0000ffca   00000002  00000000  00000002  RWIX
  INT38                 0000ffcc   00000002  00000000  00000002  RWIX
  INT39                 0000ffce   00000002  00000000  00000002  RWIX
  INT40                 0000ffd0   00000002  00000000  00000002  RWIX
  INT41                 0000ffd2   00000002  00000002  00000000  RWIX
  INT42                 0000ffd4   00000002  00000002  00000000  RWIX
  INT43                 0000ffd6   00000002  00000002  00000000  RWIX
  INT44                 0000ffd8   00000002  00000002  00000000  RWIX
  INT45                 0000ffda   00000002  00000002  00000000  RWIX
  INT46                 0000ffdc   00000002  00000002  00000000  RWIX
  INT47                 0000ffde   00000002  00000002  00000000  RWIX
  INT48                 0000ffe0   00000002  00000002  00000000  RWIX
  INT49                 0000ffe2   00000002  00000002  00000000  RWIX
  INT50                 0000ffe4   00000002  00000002  00000000  RWIX
  INT51                 0000ffe6   00000002  00000002  00000000  RWIX
  INT52                 0000ffe8   00000002  00000002  00000000  RWIX
  INT53                 0000ffea   00000002  00000002  00000000  RWIX
  INT54                 0000ffec   00000002  00000002  00000000  RWIX
  INT55                 0000ffee   00000002  00000002  00000000  RWIX
  INT56                 0000fff0   00000002  00000002  00000000  RWIX
  INT57                 0000fff2   00000002  00000002  00000000  RWIX
  INT58                 0000fff4   00000002  00000002  00000000  RWIX
  INT59                 0000fff6   00000002  00000002  00000000  RWIX
  INT60                 0000fff8   00000002  00000002  00000000  RWIX
  INT61                 0000fffa   00000002  00000002  00000000  RWIX
  INT62                 0000fffc   00000002  00000002  00000000  RWIX
  RESET                 0000fffe   00000002  00000002  00000000  RWIX
  FLASH2                00010000   000143f8  00003a7c  0001097c  RWIX


SECTION ALLOCATION MAP

 output                                  attributes/
section   page    origin      length       input sections
--------  ----  ----------  ----------   ----------------
.bss       0    00002400    000004e8     UNINITIALIZED
                  00002400    00000400     image.obj (.bss:g_pulConvertedPalette)
                  00002800    0000002a     (.common:calibrateButton)
                  0000282a    0000002a     (.common:doneButton)
                  00002854    0000002a     (.common:intervalButton)
                  0000287e    0000001c     (.common:g_sContext)
                  0000289a    00000016     (.common:downButton)
                  000028b0    00000016     (.common:upButton)
                  000028c6    00000006     (.common:g_sTouchContext)
                  000028cc    00000006     (.common:str2_HR)
                  000028d2    00000006     (.common:str2_SBP)
                  000028d8    00000004     (.common:str_HR)
                  000028dc    00000004     (.common:str_SBP)
                  000028e0    00000004     (.common:str_interval)
                  000028e4    00000002     (.common:i)
                  000028e6    00000002     (.common:offset)

.data      0    000028e8    00000026     UNINITIALIZED
                  000028e8    0000000c     main_copy.obj (.data:heart_rates)
                  000028f4    0000000c     main_copy.obj (.data)
                  00002900    00000008     ucs.obj (.data)
                  00002908    00000006     main_copy.obj (.data:interval)

.stack     0    00004360    000000a0     UNINITIALIZED
                  00004360    00000004     rts430x_lc_ld_eabi.lib : boot.c.obj (.stack)
                  00004364    0000009c     --HOLE--

.text:_isr 
*          0    00004400    0000007e     
                  00004400    00000038     timer_code.obj (.text:_isr:RTC_A_ISR)
                  00004438    00000022     timer_code.obj (.text:_isr:TIMERB0_ISR)
                  0000445a    0000001c     rts430x_lc_ld_eabi.lib : boot.c.obj (.text:_isr:_c_int00_noargs)
                  00004476    00000008                            : isr_trap.asm.obj (.text:_isr:__TI_ISR_TRAP)

.cinit     0    00008308    00000044     
                  00008308    00000022     (.cinit..data.load) [load image, compression = lzss]
                  0000832a    0000000c     (__TI_handler_table)
                  00008336    00000006     (.cinit..bss.load) [load image, compression = zero_init]
                  0000833c    00000010     (__TI_cinit_table)

.binit     0    00004400    00000000     

.init_array 
*          0    00004400    00000000     UNINITIALIZED

.const     0    0000447e    00003e8a     
                  0000447e    000010ff     fontcmss40.obj (.const:.string:g_pucCmss40Data)
                  0000557d    00000001     --HOLE-- [fill = 0]
                  0000557e    00000b2c     fontcmss28.obj (.const:.string:g_pucCmss28Data)
                  000060aa    000008c1     fontcmss20.obj (.const:.string:g_pucCmss20Data)
                  0000696b    00000001     --HOLE-- [fill = 0]
                  0000696c    00000890     fontcmss20b.obj (.const:.string:g_pucCmss20bData)
                  000071fc    000007e5     fontcmss18.obj (.const:.string:g_pucCmss18Data)
                  000079e1    00000001     --HOLE-- [fill = 0]
                  000079e2    000001c2     down_triangle3.obj (.const:.string:pixel_down_triangle34BPP_UNCOMP)
                  00007ba4    000001c2     up_triangle3.obj (.const:.string:pixel_up_triangle34BPP_UNCOMP)
                  00007d66    000000c8     fontcmss18.obj (.const:g_sFontCmss18)
                  00007e2e    000000c8     fontcmss20.obj (.const:g_sFontCmss20)
                  00007ef6    000000c8     fontcmss20b.obj (.const:g_sFontCmss20b)
                  00007fbe    000000c8     fontcmss28.obj (.const:g_sFontCmss28)
                  00008086    000000c8     fontcmss40.obj (.const:g_sFontCmss40)
                  0000814e    00000060     main_copy.obj (.const:.string)
                  000081ae    00000040     down_triangle3.obj (.const:palette_down_triangle34BPP_UNCOMP)
                  000081ee    00000040     up_triangle3.obj (.const:palette_up_triangle34BPP_UNCOMP)
                  0000822e    0000002c     kitronix320x240x16_ssd2119_spi.obj (.const:g_sKitronix320x240x16_SSD2119)
                  0000825a    00000026     rts430x_lc_ld_eabi.lib : _printfi.c.obj (.const:.string)
                  00008280    0000001c     gpio.obj (.const:GPIO_PORT_TO_BASE)
                  0000829c    00000018     touch_F5529LP.obj (.const:.string)
                  000082b4    00000010     down_triangle3.obj (.const:down_triangle34BPP_UNCOMP)
                  000082c4    00000010     up_triangle3.obj (.const:up_triangle34BPP_UNCOMP)
                  000082d4    0000000e     HAL_MSP_EXP430F5529LP_KITRONIX320X240_SSD2119_SPI.obj (.const:$P$T0$1)
                  000082e2    0000000e     main_copy.obj (.const:$P$T0$1)
                  000082f0    0000000e     timer_code.obj (.const:$P$T1$2)
                  000082fe    00000005     touch_F5529LP.obj (.const:$P$T0$1)
                  00008303    00000005     touch_F5529LP.obj (.const:$P$T1$2)

RTC        0    0000ffd2    00000002     
                  0000ffd2    00000002     timer_code.obj (.int41)

PORT2      0    0000ffd4    00000002     
                  0000ffd4    00000002     rts430x_lc_ld_eabi.lib : int42.asm.obj (.int42)

TIMER2_A1 
*          0    0000ffd6    00000002     
                  0000ffd6    00000002     rts430x_lc_ld_eabi.lib : int43.asm.obj (.int43)

TIMER2_A0 
*          0    0000ffd8    00000002     
                  0000ffd8    00000002     rts430x_lc_ld_eabi.lib : int44.asm.obj (.int44)

USCI_B1    0    0000ffda    00000002     
                  0000ffda    00000002     rts430x_lc_ld_eabi.lib : int45.asm.obj (.int45)

USCI_A1    0    0000ffdc    00000002     
                  0000ffdc    00000002     rts430x_lc_ld_eabi.lib : int46.asm.obj (.int46)

PORT1      0    0000ffde    00000002     
                  0000ffde    00000002     rts430x_lc_ld_eabi.lib : int47.asm.obj (.int47)

TIMER1_A1 
*          0    0000ffe0    00000002     
                  0000ffe0    00000002     rts430x_lc_ld_eabi.lib : int48.asm.obj (.int48)

TIMER1_A0 
*          0    0000ffe2    00000002     
                  0000ffe2    00000002     rts430x_lc_ld_eabi.lib : int49.asm.obj (.int49)

DMA        0    0000ffe4    00000002     
                  0000ffe4    00000002     rts430x_lc_ld_eabi.lib : int50.asm.obj (.int50)

USB_UBM    0    0000ffe6    00000002     
                  0000ffe6    00000002     rts430x_lc_ld_eabi.lib : int51.asm.obj (.int51)

TIMER0_A1 
*          0    0000ffe8    00000002     
                  0000ffe8    00000002     rts430x_lc_ld_eabi.lib : int52.asm.obj (.int52)

TIMER0_A0 
*          0    0000ffea    00000002     
                  0000ffea    00000002     rts430x_lc_ld_eabi.lib : int53.asm.obj (.int53)

ADC12      0    0000ffec    00000002     
                  0000ffec    00000002     rts430x_lc_ld_eabi.lib : int54.asm.obj (.int54)

USCI_B0    0    0000ffee    00000002     
                  0000ffee    00000002     rts430x_lc_ld_eabi.lib : int55.asm.obj (.int55)

USCI_A0    0    0000fff0    00000002     
                  0000fff0    00000002     rts430x_lc_ld_eabi.lib : int56.asm.obj (.int56)

WDT        0    0000fff2    00000002     
                  0000fff2    00000002     rts430x_lc_ld_eabi.lib : int57.asm.obj (.int57)

TIMER0_B1 
*          0    0000fff4    00000002     
                  0000fff4    00000002     rts430x_lc_ld_eabi.lib : int58.asm.obj (.int58)

TIMER0_B0 
*          0    0000fff6    00000002     
                  0000fff6    00000002     timer_code.obj (.int59)

COMP_B     0    0000fff8    00000002     
                  0000fff8    00000002     rts430x_lc_ld_eabi.lib : int60.asm.obj (.int60)

UNMI       0    0000fffa    00000002     
                  0000fffa    00000002     rts430x_lc_ld_eabi.lib : int61.asm.obj (.int61)

SYSNMI     0    0000fffc    00000002     
                  0000fffc    00000002     rts430x_lc_ld_eabi.lib : int62.asm.obj (.int62)

.reset     0    0000fffe    00000002     
                  0000fffe    00000002     rts430x_lc_ld_eabi.lib : boot.c.obj (.reset)

.TI.bound:touch_calibrationData 
*          0    00001980    0000000c     UNINITIALIZED
                  00001980    0000000c     touch_F5529LP.obj (.TI.bound:touch_calibrationData)

.text      0    00010000    00003a7c     
                  00010000    0000067e     string.obj (.text:Graphics_drawString)
                  0001067e    0000038c     circle.obj (.text:Graphics_fillCircle)
                  00010a0a    00000256     image.obj (.text:Graphics_drawImage)
                  00010c60    00000228     main_copy.obj (.text:main)
                  00010e88    000001e8     kitronix320x240x16_ssd2119_spi.obj (.text:Kitronix320x240x16_SSD2119Init)
                  00011070    000001e6     main_copy.obj (.text:runInterval)
                  00011256    000001c6     main_copy.obj (.text:initializeDemoButtons)
                  0001141c    00000182     main_copy.obj (.text:calibrate)
                  0001159e    00000172     rts430x_lc_ld_eabi.lib : _printfi.c.obj (.text:__TI_printfi_minimal:_setfield___TI_printfi_minimal)
                  00011710    00000118     touch_F5529LP.obj (.text:touch_calibrate)
                  00011828    00000102     button.obj (.text:Graphics_drawButton)
                  0001192a    000000f2     ucs.obj (.text:privateUCSSourceClockFromDCO)
                  00011a1c    000000e4     rts430x_lc_ld_eabi.lib : _printfi.c.obj (.text:__TI_printfi_minimal:__TI_printfi_minimal)
                  00011b00    000000e4     ucs.obj (.text:privateUCSComputeCLKFrequency)
                  00011be4    000000e2     HAL_MSP_EXP430F5529LP_KITRONIX320X240_SSD2119_SPI.obj (.text:HAL_LCD_initLCD)
                  00011cc6    000000e2     ucs.obj (.text:UCS_initFLL)
                  00011da8    000000dc     touch_F5529LP.obj (.text:touch_updateCurrentTouch)
                  00011e84    000000da     rts430x_lc_ld_eabi.lib : _printfi.c.obj (.text:__TI_printfi_minimal:_pproc_diouxp___TI_printfi_minimal)
                  00011f5e    000000cc     pmm.obj (.text:PMM_setVCoreUp)
                  0001202a    000000c6     kitronix320x240x16_ssd2119_spi.obj (.text:Kitronix320x240x16_SSD2119PixelDrawMultiple)
                  000120f0    000000c4     line.obj (.text:Graphics_drawLineH)
                  000121b4    000000ba     button.obj (.text:Graphics_drawSelectedButton)
                  0001226e    000000b8     rts430x_lc_ld_eabi.lib : fs_mpy.asm.obj (.text)
                  00012326    000000b0     main_copy.obj (.text:drawMainMenu)
                  000123d6    000000ac     main_copy.obj (.text:updateSBP)
                  00012482    000000a2     imageButton.obj (.text:Graphics_drawImageButton)
                  00012524    000000a2     touch_F5529LP.obj (.text:touch_initInterface)
                  000125c6    00000098     rectangle.obj (.text:Graphics_fillRectangle)
                  0001265e    00000094     pmm.obj (.text:PMM_setVCoreDown)
                  000126f2    00000090     string.obj (.text:Graphics_getStringWidth)
                  00012782    00000090     rts430x_lc_ld_eabi.lib : fs_div.asm.obj (.text)
                  00012812    0000008c     touch_F5529LP.obj (.text:touch_calibrateCircle)
                  0001289e    00000082     main_copy.obj (.text:updateInterval)
                  00012920    00000080     touch_F5529LP.obj (.text:touch_sampleX)
                  000129a0    00000080     touch_F5529LP.obj (.text:touch_sampleY)
                  00012a20    00000078     string.obj (.text:Graphics_drawStringCentered)
                  00012a98    00000078     rts430x_lc_ld_eabi.lib : autoinit.c.obj (.text:__TI_auto_init_nobinit_nopinit_hold_wdt:__TI_auto_init_nobinit_nopinit_hold_wdt)
                  00012b10    00000076     timer_a.obj (.text:Timer_A_initUpMode)
                  00012b86    00000076     timer_b.obj (.text:Timer_B_initUpMode)
                  00012bfc    00000076     rts430x_lc_ld_eabi.lib : copy_decompress_lzss.c.obj (.text:decompress:lzss:__TI_decompress_lzss)
                  00012c72    00000074     touch_F5529LP.obj (.text:touch_detectedTouch)
                  00012ce6    0000005e     kitronix320x240x16_ssd2119_spi.obj (.text:Kitronix320x240x16_SSD2119RectFill)
                  00012d44    00000058     usci_b_spi.obj (.text:USCI_B_SPI_initMaster)
                  00012d9c    00000058     rts430x_lc_ld_eabi.lib : div32u.asm.obj (.text)
                  00012df4    00000052     adc12_a.obj (.text:ADC12_A_init)
                  00012e46    00000050     timer_code.obj (.text:ten_timer)
                  00012e96    0000004e     HAL_MSP_EXP430F5529LP_KITRONIX320X240_SSD2119_SPI.obj (.text:HAL_LCD_writeData)
                  00012ee4    0000004c     HAL_MSP_EXP430F5529LP_KITRONIX320X240_SSD2119_SPI.obj (.text:HAL_LCD_writeCommand)
                  00012f30    0000004a     pmm.obj (.text:PMM_setVCore)
                  00012f7a    0000004a     rts430x_lc_ld_eabi.lib : fs_cmp.asm.obj (.text)
                  00012fc4    00000048                            : _printfi.c.obj (.text:__TI_printfi_minimal:_pproc_str___TI_printfi_minimal)
                  0001300c    00000046     kitronix320x240x16_ssd2119_spi.obj (.text:Kitronix320x240x16_SSD2119PixelDraw)
                  00013052    00000046     kitronix320x240x16_ssd2119_spi.obj (.text:Kitronix320x240x16_SSD2119_setCursorLtoR)
                  00013098    00000046     kitronix320x240x16_ssd2119_spi.obj (.text:Kitronix320x240x16_SSD2119_setCursorTtoB)
                  000130de    00000046     rts430x_lc_ld_eabi.lib : fs_tou.asm.obj (.text)
                  00013124    00000044                            : sprintf.c.obj (.text:sprintf)
                  00013168    00000042     kitronix320x240x16_ssd2119_spi.obj (.text:Kitronix320x240x16_SSD2119ColorTranslate)
                  000131aa    00000040     rts430x_lc_ld_eabi.lib : div32s.asm.obj (.text)
                  000131ea    0000003e     gpio.obj (.text:GPIO_setAsInputPinWithPullUpResistor)
                  00013228    0000003e     rts430x_lc_ld_eabi.lib : asr32.asm.obj (.text:l_asr_const)
                  00013266    0000003e                            : lsr32.asm.obj (.text:l_lsr_const)
                  000132a4    0000003c     context.obj (.text:Graphics_initContext)
                  000132e0    0000003c     rts430x_lc_ld_eabi.lib : memcpy.c.obj (.text:memcpy)
                  0001331c    00000038     ucs.obj (.text:UCS_turnOnLFXT1)
                  00013354    00000036     display.obj (.text:Graphics_drawMultiplePixelsOnDisplay)
                  0001338a    00000036     imageButton.obj (.text:Graphics_isImageButtonSelected)
                  000133c0    00000034     flashctl.obj (.text:FlashCtl_write32)
                  000133f4    00000034     gpio.obj (.text:GPIO_setAsInputPin)
                  00013428    00000034     kitronix320x240x16_ssd2119_spi.obj (.text:Kitronix320x240x16_SSD2119LineDrawH)
                  0001345c    00000034     kitronix320x240x16_ssd2119_spi.obj (.text:Kitronix320x240x16_SSD2119LineDrawV)
                  00013490    00000034     rtc_a.obj (.text:RTC_A_clearInterrupt)
                  000134c4    00000034     rts430x_lc_ld_eabi.lib : memccpy.c.obj (.text:memccpy)
                  000134f8    00000032     ucs.obj (.text:UCS_initFLLSettle)
                  0001352a    0000002e     string.obj (.text:Graphics_getNumberOfLeadingZeros)
                  00013558    0000002c     adc12_a.obj (.text:ADC12_A_startConversion)
                  00013584    0000002c     rtc_a.obj (.text:RTC_A_enableInterrupt)
                  000135b0    0000002c     rts430x_lc_ld_eabi.lib : div16s.asm.obj (.text)
                  000135dc    00000028     gpio.obj (.text:GPIO_setAsOutputPin)
                  00013604    00000028     gpio.obj (.text:GPIO_setAsPeripheralModuleFunctionInputPin)
                  0001362c    00000028     gpio.obj (.text:GPIO_setAsPeripheralModuleFunctionOutputPin)
                  00013654    00000028     rts430x_lc_ld_eabi.lib : sprintf.c.obj (.text:_outs)
                  0001367c    00000026     kitronix320x240x16_ssd2119_spi.obj (.text:Kitronix320x240x16_SSD2119ClearScreen)
                  000136a2    00000024     flashctl.obj (.text:FlashCtl_eraseSegment)
                  000136c6    00000024     rts430x_lc_ld_eabi.lib : copy_zero_init.c.obj (.text:decompress:ZI:__TI_zero_init)
                  000136ea    00000024                            : fs_utof.asm.obj (.text)
                  0001370e    00000024                            : mult32_f5hw.asm.obj (.text)
                  00013732    00000022     flashctl.obj (.text:FlashCtl_lockInfoA)
                  00013754    00000020     adc12_a.obj (.text:ADC12_A_configureMemory)
                  00013774    00000020     adc12_a.obj (.text:ADC12_A_setupSamplingTimer)
                  00013794    00000020     rts430x_lc_ld_eabi.lib : memset.c.obj (.text:memset)
                  000137b4    0000001e     flashctl.obj (.text:FlashCtl_unlockInfoA)
                  000137d2    0000001e     button.obj (.text:Graphics_isButtonSelected)
                  000137f0    0000001c     gpio.obj (.text:GPIO_getInputPinValue)
                  0001380c    0000001c     gpio.obj (.text:GPIO_setOutputHighOnPin)
                  00013828    0000001c     gpio.obj (.text:GPIO_setOutputLowOnPin)
                  00013844    0000001c     gpio.obj (.text:GPIO_toggleOutputOnPin)
                  00013860    0000001a     wdt_a.obj (.text:WDT_A_hold)
                  0001387a    00000018     display.obj (.text:Graphics_drawHorizontalLineOnDisplay)
                  00013892    00000018     context.obj (.text:Graphics_setBackgroundColor)
                  000138aa    00000018     context.obj (.text:Graphics_setForegroundColor)
                  000138c2    00000018     HAL_MSP_EXP430F5529LP_KITRONIX320X240_SSD2119_SPI.obj (.text:HAL_LCD_delay30ms)
                  000138da    00000018     ucs.obj (.text:UCS_getSMCLK)
                  000138f2    00000018     rts430x_lc_ld_eabi.lib : mult16_f5hw.asm.obj (.text)
                  0001390a    00000016     HAL_MSP_EXP430F5529LP_KITRONIX320X240_SSD2119_SPI.obj (.text:HAL_LCD_deselectLCD)
                  00013920    00000016     HAL_MSP_EXP430F5529LP_KITRONIX320X240_SSD2119_SPI.obj (.text:HAL_LCD_selectLCD)
                  00013936    00000016     rts430x_lc_ld_eabi.lib : copy_decompress_none.c.obj (.text:decompress:none:__TI_decompress_none)
                  0001394c    00000016                            : div16u.asm.obj (.text)
                  00013962    00000014                            : sprintf.c.obj (.text:_outc)
                  00013976    00000012     ucs.obj (.text:UCS_setExternalClockSource)
                  00013988    00000012     rts430x_lc_ld_eabi.lib : strlen.c.obj (.text:strlen)
                  0001399a    00000010     adc12_a.obj (.text:ADC12_A_getResults)
                  000139aa    0000000e     context.obj (.text:Graphics_clearDisplay)
                  000139b8    0000000c     adc12_a.obj (.text:ADC12_A_clearInterrupt)
                  000139c4    0000000c     display.obj (.text:Graphics_clearDisplayOnDisplay)
                  000139d0    0000000c     display.obj (.text:Graphics_drawPixelOnDisplay)
                  000139dc    0000000c     display.obj (.text:Graphics_fillRectangleOnDisplay)
                  000139e8    0000000c     display.obj (.text:Graphics_translateColorOnDisplay)
                  000139f4    0000000c     usci_b_spi.obj (.text:USCI_B_SPI_clearInterrupt)
                  00013a00    0000000c     usci_b_spi.obj (.text:USCI_B_SPI_isBusy)
                  00013a0c    0000000c     system_pre_init.obj (.text:_system_pre_init)
                  00013a18    0000000a     adc12_a.obj (.text:ADC12_A_getInterruptStatus)
                  00013a22    0000000a     usci_b_spi.obj (.text:USCI_B_SPI_getInterruptStatus)
                  00013a2c    0000000a     usci_b_spi.obj (.text:USCI_B_SPI_transmitData)
                  00013a36    0000000a     rts430x_lc_ld_eabi.lib : lsl16.asm.obj (.text)
                  00013a40    0000000a                            : lsr16.asm.obj (.text)
                  00013a4a    00000008     adc12_a.obj (.text:ADC12_A_enable)
                  00013a52    00000008     timer_b.obj (.text:Timer_B_stop)
                  00013a5a    00000006     context.obj (.text:Graphics_setFont)
                  00013a60    00000006     sfr.obj (.text:SFR_enableInterrupt)
                  00013a66    00000006     timer_b.obj (.text:Timer_B_clearTimerInterrupt)
                  00013a6c    00000006     usci_b_spi.obj (.text:USCI_B_SPI_enable)
                  00013a72    00000006     rts430x_lc_ld_eabi.lib : exit.c.obj (.text:abort)
                  00013a78    00000002     kitronix320x240x16_ssd2119_spi.obj (.text:Kitronix320x240x16_SSD2119Flush)
                  00013a7a    00000002     rts430x_lc_ld_eabi.lib : startup.c.obj (.text:_system_post_cinit)

MODULE SUMMARY

       Module                                                  code    ro data   rw data
       ------                                                  ----    -------   -------
    ./
       main_copy.obj                                           2356    110       262    
       touch_F5529LP.obj                                       1174    34        12     
       timer_code.obj                                          170     18        0      
       system_pre_init.obj                                     12      0         0      
    +--+-------------------------------------------------------+-------+---------+---------+
       Total:                                                  3712    162       274    
                                                                                        
    ./GrLib/fonts/
       fontcmss40.obj                                          0       4551      0      
       fontcmss28.obj                                          0       3060      0      
       fontcmss20.obj                                          0       2441      0      
       fontcmss20b.obj                                         0       2392      0      
       fontcmss18.obj                                          0       2221      0      
    +--+-------------------------------------------------------+-------+---------+---------+
       Total:                                                  0       14665     0      
                                                                                        
    ./GrLib/grlib/
       string.obj                                              1972    0         0      
       image.obj                                               598     0         1024   
       circle.obj                                              908     0         0      
       button.obj                                              474     0         0      
       imageButton.obj                                         216     0         0      
       line.obj                                                196     0         0      
       rectangle.obj                                           152     0         0      
       context.obj                                             128     0         0      
       display.obj                                             126     0         0      
    +--+-------------------------------------------------------+-------+---------+---------+
       Total:                                                  4770    0         1024   
                                                                                        
    ./LcdDriver/
       kitronix320x240x16_ssd2119_spi.obj                      1200    44        0      
       HAL_MSP_EXP430F5529LP_KITRONIX320X240_SSD2119_SPI.obj   448     14        0      
    +--+-------------------------------------------------------+-------+---------+---------+
       Total:                                                  1648    58        0      
                                                                                        
    ./driverlib/MSP430F5xx_6xx/
       ucs.obj                                                 844     0         8      
       pmm.obj                                                 426     0         0      
       gpio.obj                                                346     28        0      
       adc12_a.obj                                             236     0         0      
       flashctl.obj                                            152     0         0      
       usci_b_spi.obj                                          138     0         0      
       timer_b.obj                                             132     0         0      
       timer_a.obj                                             118     0         0      
       rtc_a.obj                                               96      0         0      
       wdt_a.obj                                               26      0         0      
       sfr.obj                                                 6       0         0      
    +--+-------------------------------------------------------+-------+---------+---------+
       Total:                                                  2520    28        8      
                                                                                        
    ./images/
       down_triangle3.obj                                      0       530       0      
       up_triangle3.obj                                        0       530       0      
    +--+-------------------------------------------------------+-------+---------+---------+
       Total:                                                  0       1060      0      
                                                                                        
    /Applications/ti/ccs1220/ccs/tools/compiler/ti-cgt-msp430_21.6.1.LTS/lib/rts430x_lc_ld_eabi.lib
       _printfi.c.obj                                          888     38        0      
       fs_mpy.asm.obj                                          184     0         0      
       fs_div.asm.obj                                          144     0         0      
       sprintf.c.obj                                           128     0         0      
       autoinit.c.obj                                          120     0         0      
       copy_decompress_lzss.c.obj                              118     0         0      
       div32u.asm.obj                                          88      0         0      
       fs_cmp.asm.obj                                          74      0         0      
       fs_tou.asm.obj                                          70      0         0      
       div32s.asm.obj                                          64      0         0      
       asr32.asm.obj                                           62      0         0      
       lsr32.asm.obj                                           62      0         0      
       memcpy.c.obj                                            60      0         0      
       memccpy.c.obj                                           52      0         0      
       div16s.asm.obj                                          44      0         0      
       copy_zero_init.c.obj                                    36      0         0      
       fs_utof.asm.obj                                         36      0         0      
       mult32_f5hw.asm.obj                                     36      0         0      
       memset.c.obj                                            32      0         0      
       boot.c.obj                                              28      2         0      
       mult16_f5hw.asm.obj                                     24      0         0      
       copy_decompress_none.c.obj                              22      0         0      
       div16u.asm.obj                                          22      0         0      
       strlen.c.obj                                            18      0         0      
       lsl16.asm.obj                                           10      0         0      
       lsr16.asm.obj                                           10      0         0      
       isr_trap.asm.obj                                        8       0         0      
       exit.c.obj                                              6       0         0      
       int42.asm.obj                                           0       2         0      
       int43.asm.obj                                           0       2         0      
       int44.asm.obj                                           0       2         0      
       int45.asm.obj                                           0       2         0      
       int46.asm.obj                                           0       2         0      
       int47.asm.obj                                           0       2         0      
       int48.asm.obj                                           0       2         0      
       int49.asm.obj                                           0       2         0      
       int50.asm.obj                                           0       2         0      
       int51.asm.obj                                           0       2         0      
       int52.asm.obj                                           0       2         0      
       int53.asm.obj                                           0       2         0      
       int54.asm.obj                                           0       2         0      
       int55.asm.obj                                           0       2         0      
       int56.asm.obj                                           0       2         0      
       int57.asm.obj                                           0       2         0      
       int58.asm.obj                                           0       2         0      
       int60.asm.obj                                           0       2         0      
       int61.asm.obj                                           0       2         0      
       int62.asm.obj                                           0       2         0      
       startup.c.obj                                           2       0         0      
    +--+-------------------------------------------------------+-------+---------+---------+
       Total:                                                  2448    80        0      
                                                                                        
       Stack:                                                  0       0         160    
       Linker Generated:                                       0       68        0      
    +--+-------------------------------------------------------+-------+---------+---------+
       Grand Total:                                            15098   16121     1466   


LINKER GENERATED COPY TABLES

__TI_cinit_table @ 0000833c records: 2, size/record: 8, table size: 16
	.data: load addr=00008308, load size=00000022 bytes, run addr=000028e8, run size=00000026 bytes, compression=lzss
	.bss: load addr=00008336, load size=00000006 bytes, run addr=00002400, run size=000004e8 bytes, compression=zero_init


LINKER GENERATED HANDLER TABLE

__TI_handler_table @ 0000832a records: 3, size/record: 4, table size: 12
	index: 0, handler: __TI_zero_init
	index: 1, handler: __TI_decompress_lzss
	index: 2, handler: __TI_decompress_none


GLOBAL SYMBOLS: SORTED ALPHABETICALLY BY Name 

address   name                                       
-------   ----                                       
00000700  ADC12CTL0                                  
00000701  ADC12CTL0_H                                
00000700  ADC12CTL0_L                                
00000702  ADC12CTL1                                  
00000703  ADC12CTL1_H                                
00000702  ADC12CTL1_L                                
00000704  ADC12CTL2                                  
00000705  ADC12CTL2_H                                
00000704  ADC12CTL2_L                                
0000070c  ADC12IE                                    
0000070d  ADC12IE_H                                  
0000070c  ADC12IE_L                                  
0000070a  ADC12IFG                                   
0000070b  ADC12IFG_H                                 
0000070a  ADC12IFG_L                                 
0000070e  ADC12IV                                    
0000070f  ADC12IV_H                                  
0000070e  ADC12IV_L                                  
00000710  ADC12MCTL0                                 
00000711  ADC12MCTL1                                 
0000071a  ADC12MCTL10                                
0000071b  ADC12MCTL11                                
0000071c  ADC12MCTL12                                
0000071d  ADC12MCTL13                                
0000071e  ADC12MCTL14                                
0000071f  ADC12MCTL15                                
00000712  ADC12MCTL2                                 
00000713  ADC12MCTL3                                 
00000714  ADC12MCTL4                                 
00000715  ADC12MCTL5                                 
00000716  ADC12MCTL6                                 
00000717  ADC12MCTL7                                 
00000718  ADC12MCTL8                                 
00000719  ADC12MCTL9                                 
00000720  ADC12MEM0                                  
00000721  ADC12MEM0_H                                
00000720  ADC12MEM0_L                                
00000722  ADC12MEM1                                  
00000734  ADC12MEM10                                 
00000735  ADC12MEM10_H                               
00000734  ADC12MEM10_L                               
00000736  ADC12MEM11                                 
00000737  ADC12MEM11_H                               
00000736  ADC12MEM11_L                               
00000738  ADC12MEM12                                 
00000739  ADC12MEM12_H                               
00000738  ADC12MEM12_L                               
0000073a  ADC12MEM13                                 
0000073b  ADC12MEM13_H                               
0000073a  ADC12MEM13_L                               
0000073c  ADC12MEM14                                 
0000073d  ADC12MEM14_H                               
0000073c  ADC12MEM14_L                               
0000073e  ADC12MEM15                                 
0000073f  ADC12MEM15_H                               
0000073e  ADC12MEM15_L                               
00000723  ADC12MEM1_H                                
00000722  ADC12MEM1_L                                
00000724  ADC12MEM2                                  
00000725  ADC12MEM2_H                                
00000724  ADC12MEM2_L                                
00000726  ADC12MEM3                                  
00000727  ADC12MEM3_H                                
00000726  ADC12MEM3_L                                
00000728  ADC12MEM4                                  
00000729  ADC12MEM4_H                                
00000728  ADC12MEM4_L                                
0000072a  ADC12MEM5                                  
0000072b  ADC12MEM5_H                                
0000072a  ADC12MEM5_L                                
0000072c  ADC12MEM6                                  
0000072d  ADC12MEM6_H                                
0000072c  ADC12MEM6_L                                
0000072e  ADC12MEM7                                  
0000072f  ADC12MEM7_H                                
0000072e  ADC12MEM7_L                                
00000730  ADC12MEM8                                  
00000731  ADC12MEM8_H                                
00000730  ADC12MEM8_L                                
00000732  ADC12MEM9                                  
00000733  ADC12MEM9_H                                
00000732  ADC12MEM9_L                                
000139b8  ADC12_A_clearInterrupt                     
00013754  ADC12_A_configureMemory                    
00013a4a  ADC12_A_enable                             
00013a18  ADC12_A_getInterruptStatus                 
0001399a  ADC12_A_getResults                         
00012df4  ADC12_A_init                               
00013774  ADC12_A_setupSamplingTimer                 
00013558  ADC12_A_startConversion                    
00013a72  C$$EXIT                                    
000008c0  CBCTL0                                     
000008c1  CBCTL0_H                                   
000008c0  CBCTL0_L                                   
000008c2  CBCTL1                                     
000008c3  CBCTL1_H                                   
000008c2  CBCTL1_L                                   
000008c4  CBCTL2                                     
000008c5  CBCTL2_H                                   
000008c4  CBCTL2_L                                   
000008c6  CBCTL3                                     
000008c7  CBCTL3_H                                   
000008c6  CBCTL3_L                                   
000008cc  CBINT                                      
000008cd  CBINT_H                                    
000008cc  CBINT_L                                    
000008ce  CBIV                                       
00000150  CRCDI                                      
00000152  CRCDIRB                                    
00000153  CRCDIRB_H                                  
00000152  CRCDIRB_L                                  
00000151  CRCDI_H                                    
00000150  CRCDI_L                                    
00000154  CRCINIRES                                  
00000155  CRCINIRES_H                                
00000154  CRCINIRES_L                                
00000156  CRCRESR                                    
00000157  CRCRESR_H                                  
00000156  CRCRESR_L                                  
00000510  DMA0CTL                                    
00000516  DMA0DA                                     
00000518  DMA0DAH                                    
00000516  DMA0DAL                                    
00000512  DMA0SA                                     
00000514  DMA0SAH                                    
00000512  DMA0SAL                                    
0000051a  DMA0SZ                                     
00000520  DMA1CTL                                    
00000526  DMA1DA                                     
00000528  DMA1DAH                                    
00000526  DMA1DAL                                    
00000522  DMA1SA                                     
00000524  DMA1SAH                                    
00000522  DMA1SAL                                    
0000052a  DMA1SZ                                     
00000530  DMA2CTL                                    
00000536  DMA2DA                                     
00000538  DMA2DAH                                    
00000536  DMA2DAL                                    
00000532  DMA2SA                                     
00000534  DMA2SAH                                    
00000532  DMA2SAL                                    
0000053a  DMA2SZ                                     
00000500  DMACTL0                                    
00000502  DMACTL1                                    
00000504  DMACTL2                                    
00000506  DMACTL3                                    
00000508  DMACTL4                                    
0000050e  DMAIV                                      
00000140  FCTL1                                      
00000141  FCTL1_H                                    
00000140  FCTL1_L                                    
00000144  FCTL3                                      
00000145  FCTL3_H                                    
00000144  FCTL3_L                                    
00000146  FCTL4                                      
00000147  FCTL4_H                                    
00000146  FCTL4_L                                    
000136a2  FlashCtl_eraseSegment                      
00013732  FlashCtl_lockInfoA                         
000137b4  FlashCtl_unlockInfoA                       
000133c0  FlashCtl_write32                           
000137f0  GPIO_getInputPinValue                      
000133f4  GPIO_setAsInputPin                         
000131ea  GPIO_setAsInputPinWithPullUpResistor       
000135dc  GPIO_setAsOutputPin                        
00013604  GPIO_setAsPeripheralModuleFunctionInputPin 
0001362c  GPIO_setAsPeripheralModuleFunctionOutputPin
0001380c  GPIO_setOutputHighOnPin                    
00013828  GPIO_setOutputLowOnPin                     
00013844  GPIO_toggleOutputOnPin                     
000139aa  Graphics_clearDisplay                      
000139c4  Graphics_clearDisplayOnDisplay             
00011828  Graphics_drawButton                        
0001387a  Graphics_drawHorizontalLineOnDisplay       
00010a0a  Graphics_drawImage                         
00012482  Graphics_drawImageButton                   
000120f0  Graphics_drawLineH                         
00013354  Graphics_drawMultiplePixelsOnDisplay       
000139d0  Graphics_drawPixelOnDisplay                
000121b4  Graphics_drawSelectedButton                
00010000  Graphics_drawString                        
00012a20  Graphics_drawStringCentered                
0001067e  Graphics_fillCircle                        
000125c6  Graphics_fillRectangle                     
000139dc  Graphics_fillRectangleOnDisplay            
000126f2  Graphics_getStringWidth                    
000132a4  Graphics_initContext                       
000137d2  Graphics_isButtonSelected                  
0001338a  Graphics_isImageButtonSelected             
00013892  Graphics_setBackgroundColor                
00013a5a  Graphics_setFont                           
000138aa  Graphics_setForegroundColor                
000139e8  Graphics_translateColorOnDisplay           
000138c2  HAL_LCD_delay30ms                          
0001390a  HAL_LCD_deselectLCD                        
00011be4  HAL_LCD_initLCD                            
00013920  HAL_LCD_selectLCD                          
00012ee4  HAL_LCD_writeCommand                       
00012e96  HAL_LCD_writeData                          
000028f6  HR                                         
00010e88  Kitronix320x240x16_SSD2119Init             
00013052  Kitronix320x240x16_SSD2119_setCursorLtoR   
00013098  Kitronix320x240x16_SSD2119_setCursorTtoB   
000004c4  MAC                                        
000004da  MAC32H                                     
000004db  MAC32H_H                                   
000004da  MAC32H_L                                   
000004d8  MAC32L                                     
000004d9  MAC32L_H                                   
000004d8  MAC32L_L                                   
000004c6  MACS                                       
000004de  MACS32H                                    
000004df  MACS32H_H                                  
000004de  MACS32H_L                                  
000004dc  MACS32L                                    
000004dd  MACS32L_H                                  
000004dc  MACS32L_L                                  
000004c7  MACS_H                                     
000004c6  MACS_L                                     
000004c5  MAC_H                                      
000004c4  MAC_L                                      
000004c0  MPY                                        
000004ec  MPY32CTL0                                  
000004ed  MPY32CTL0_H                                
000004ec  MPY32CTL0_L                                
000004d2  MPY32H                                     
000004d3  MPY32H_H                                   
000004d2  MPY32H_L                                   
000004d0  MPY32L                                     
000004d1  MPY32L_H                                   
000004d0  MPY32L_L                                   
000004c2  MPYS                                       
000004d6  MPYS32H                                    
000004d7  MPYS32H_H                                  
000004d6  MPYS32H_L                                  
000004d4  MPYS32L                                    
000004d5  MPYS32L_H                                  
000004d4  MPYS32L_L                                  
000004c3  MPYS_H                                     
000004c2  MPYS_L                                     
000004c1  MPY_H                                      
000004c0  MPY_L                                      
000004c8  OP2                                        
000004e2  OP2H                                       
000004e3  OP2H_H                                     
000004e2  OP2H_L                                     
000004e0  OP2L                                       
000004e1  OP2L_H                                     
000004e0  OP2L_L                                     
000004c9  OP2_H                                      
000004c8  OP2_L                                      
0000020e  P1IV                                       
0000021e  P2IV                                       
000001e0  P4MAP01                                    
000001e1  P4MAP01_H                                  
000001e0  P4MAP01_L                                  
000001e2  P4MAP23                                    
000001e3  P4MAP23_H                                  
000001e2  P4MAP23_L                                  
000001e4  P4MAP45                                    
000001e5  P4MAP45_H                                  
000001e4  P4MAP45_L                                  
000001e6  P4MAP67                                    
000001e7  P4MAP67_H                                  
000001e6  P4MAP67_L                                  
00000204  PADIR                                      
00000205  PADIR_H                                    
00000204  PADIR_L                                    
00000208  PADS                                       
00000209  PADS_H                                     
00000208  PADS_L                                     
0000021a  PAIE                                       
00000218  PAIES                                      
00000219  PAIES_H                                    
00000218  PAIES_L                                    
0000021b  PAIE_H                                     
0000021a  PAIE_L                                     
0000021c  PAIFG                                      
0000021d  PAIFG_H                                    
0000021c  PAIFG_L                                    
00000200  PAIN                                       
00000201  PAIN_H                                     
00000200  PAIN_L                                     
00000202  PAOUT                                      
00000203  PAOUT_H                                    
00000202  PAOUT_L                                    
00000206  PAREN                                      
00000207  PAREN_H                                    
00000206  PAREN_L                                    
0000020a  PASEL                                      
0000020b  PASEL_H                                    
0000020a  PASEL_L                                    
00000224  PBDIR                                      
00000225  PBDIR_H                                    
00000224  PBDIR_L                                    
00000228  PBDS                                       
00000229  PBDS_H                                     
00000228  PBDS_L                                     
00000220  PBIN                                       
00000221  PBIN_H                                     
00000220  PBIN_L                                     
00000222  PBOUT                                      
00000223  PBOUT_H                                    
00000222  PBOUT_L                                    
00000226  PBREN                                      
00000227  PBREN_H                                    
00000226  PBREN_L                                    
0000022a  PBSEL                                      
0000022b  PBSEL_H                                    
0000022a  PBSEL_L                                    
00000244  PCDIR                                      
00000245  PCDIR_H                                    
00000244  PCDIR_L                                    
00000248  PCDS                                       
00000249  PCDS_H                                     
00000248  PCDS_L                                     
00000240  PCIN                                       
00000241  PCIN_H                                     
00000240  PCIN_L                                     
00000242  PCOUT                                      
00000243  PCOUT_H                                    
00000242  PCOUT_L                                    
00000246  PCREN                                      
00000247  PCREN_H                                    
00000246  PCREN_L                                    
0000024a  PCSEL                                      
0000024b  PCSEL_H                                    
0000024a  PCSEL_L                                    
00000264  PDDIR                                      
00000265  PDDIR_H                                    
00000264  PDDIR_L                                    
00000268  PDDS                                       
00000269  PDDS_H                                     
00000268  PDDS_L                                     
00000260  PDIN                                       
00000261  PDIN_H                                     
00000260  PDIN_L                                     
00000262  PDOUT                                      
00000263  PDOUT_H                                    
00000262  PDOUT_L                                    
00000266  PDREN                                      
00000267  PDREN_H                                    
00000266  PDREN_L                                    
0000026a  PDSEL                                      
0000026b  PDSEL_H                                    
0000026a  PDSEL_L                                    
00000324  PJDIR                                      
00000325  PJDIR_H                                    
00000324  PJDIR_L                                    
00000328  PJDS                                       
00000329  PJDS_H                                     
00000328  PJDS_L                                     
00000320  PJIN                                       
00000321  PJIN_H                                     
00000320  PJIN_L                                     
00000322  PJOUT                                      
00000323  PJOUT_H                                    
00000322  PJOUT_L                                    
00000326  PJREN                                      
00000327  PJREN_H                                    
00000326  PJREN_L                                    
00000130  PM5CTL0                                    
00000131  PM5CTL0_H                                  
00000130  PM5CTL0_L                                  
000001c2  PMAPCTL                                    
000001c3  PMAPCTL_H                                  
000001c2  PMAPCTL_L                                  
000001c0  PMAPKEYID                                  
000001c1  PMAPKEYID_H                                
000001c0  PMAPKEYID_L                                
00000120  PMMCTL0                                    
00000121  PMMCTL0_H                                  
00000120  PMMCTL0_L                                  
00000122  PMMCTL1                                    
00000123  PMMCTL1_H                                  
00000122  PMMCTL1_L                                  
0000012c  PMMIFG                                     
0000012d  PMMIFG_H                                   
0000012c  PMMIFG_L                                   
0000012e  PMMRIE                                     
0000012f  PMMRIE_H                                   
0000012e  PMMRIE_L                                   
00012f30  PMM_setVCore                               
0001265e  PMM_setVCoreDown                           
00011f5e  PMM_setVCoreUp                             
00000158  RCCTL0                                     
00000159  RCCTL0_H                                   
00000158  RCCTL0_L                                   
000001b0  REFCTL0                                    
000001b1  REFCTL0_H                                  
000001b0  REFCTL0_L                                  
000004e4  RES0                                       
000004e5  RES0_H                                     
000004e4  RES0_L                                     
000004e6  RES1                                       
000004e7  RES1_H                                     
000004e6  RES1_L                                     
000004e8  RES2                                       
000004e9  RES2_H                                     
000004e8  RES2_L                                     
000004ea  RES3                                       
000004eb  RES3_H                                     
000004ea  RES3_L                                     
000004cc  RESHI                                      
000004cd  RESHI_H                                    
000004cc  RESHI_L                                    
000004ca  RESLO                                      
000004cb  RESLO_H                                    
000004ca  RESLO_L                                    
000004ba  RTCADOWDAY                                 
000004bb  RTCADOWDAY_H                               
000004ba  RTCADOWDAY_L                               
000004b8  RTCAMINHR                                  
000004b9  RTCAMINHR_H                                
000004b8  RTCAMINHR_L                                
000004a0  RTCCTL01                                   
000004a1  RTCCTL01_H                                 
000004a0  RTCCTL01_L                                 
000004a2  RTCCTL23                                   
000004a3  RTCCTL23_H                                 
000004a2  RTCCTL23_L                                 
000004b4  RTCDATE                                    
000004b5  RTCDATE_H                                  
000004b4  RTCDATE_L                                  
000004ae  RTCIV                                      
000004ac  RTCPS                                      
000004a8  RTCPS0CTL                                  
000004a9  RTCPS0CTL_H                                
000004a8  RTCPS0CTL_L                                
000004aa  RTCPS1CTL                                  
000004ab  RTCPS1CTL_H                                
000004aa  RTCPS1CTL_L                                
000004ad  RTCPS_H                                    
000004ac  RTCPS_L                                    
000004b0  RTCTIM0                                    
000004b1  RTCTIM0_H                                  
000004b0  RTCTIM0_L                                  
000004b2  RTCTIM1                                    
000004b3  RTCTIM1_H                                  
000004b2  RTCTIM1_L                                  
000004b6  RTCYEAR                                    
000004b7  RTCYEAR_H                                  
000004b6  RTCYEAR_L                                  
00004400  RTC_A_ISR                                  
00013490  RTC_A_clearInterrupt                       
00013584  RTC_A_enableInterrupt                      
000028f8  SBP                                        
00000100  SFRIE1                                     
00000101  SFRIE1_H                                   
00000100  SFRIE1_L                                   
00000102  SFRIFG1                                    
00000103  SFRIFG1_H                                  
00000102  SFRIFG1_L                                  
00000104  SFRRPCR                                    
00000105  SFRRPCR_H                                  
00000104  SFRRPCR_L                                  
00013a60  SFR_enableInterrupt                        
000004ce  SUMEXT                                     
000004cf  SUMEXT_H                                   
000004ce  SUMEXT_L                                   
00000124  SVSMHCTL                                   
00000125  SVSMHCTL_H                                 
00000124  SVSMHCTL_L                                 
00000128  SVSMIO                                     
00000129  SVSMIO_H                                   
00000128  SVSMIO_L                                   
00000126  SVSMLCTL                                   
00000127  SVSMLCTL_H                                 
00000126  SVSMLCTL_L                                 
00000198  SYSBERRIV                                  
00000199  SYSBERRIV_H                                
00000198  SYSBERRIV_L                                
00000182  SYSBSLC                                    
00000183  SYSBSLC_H                                  
00000182  SYSBSLC_L                                  
00000180  SYSCTL                                     
00000181  SYSCTL_H                                   
00000180  SYSCTL_L                                   
00000186  SYSJMBC                                    
00000187  SYSJMBC_H                                  
00000186  SYSJMBC_L                                  
00000188  SYSJMBI0                                   
00000189  SYSJMBI0_H                                 
00000188  SYSJMBI0_L                                 
0000018a  SYSJMBI1                                   
0000018b  SYSJMBI1_H                                 
0000018a  SYSJMBI1_L                                 
0000018c  SYSJMBO0                                   
0000018d  SYSJMBO0_H                                 
0000018c  SYSJMBO0_L                                 
0000018e  SYSJMBO1                                   
0000018f  SYSJMBO1_H                                 
0000018e  SYSJMBO1_L                                 
0000019e  SYSRSTIV                                   
0000019f  SYSRSTIV_H                                 
0000019e  SYSRSTIV_L                                 
0000019c  SYSSNIV                                    
0000019d  SYSSNIV_H                                  
0000019c  SYSSNIV_L                                  
0000019a  SYSUNIV                                    
0000019b  SYSUNIV_H                                  
0000019a  SYSUNIV_L                                  
00000352  TA0CCR0                                    
00000354  TA0CCR1                                    
00000356  TA0CCR2                                    
00000358  TA0CCR3                                    
0000035a  TA0CCR4                                    
00000342  TA0CCTL0                                   
00000344  TA0CCTL1                                   
00000346  TA0CCTL2                                   
00000348  TA0CCTL3                                   
0000034a  TA0CCTL4                                   
00000340  TA0CTL                                     
00000360  TA0EX0                                     
0000036e  TA0IV                                      
00000350  TA0R                                       
00000392  TA1CCR0                                    
00000394  TA1CCR1                                    
00000396  TA1CCR2                                    
00000382  TA1CCTL0                                   
00000384  TA1CCTL1                                   
00000386  TA1CCTL2                                   
00000380  TA1CTL                                     
000003a0  TA1EX0                                     
000003ae  TA1IV                                      
00000390  TA1R                                       
00000412  TA2CCR0                                    
00000414  TA2CCR1                                    
00000416  TA2CCR2                                    
00000402  TA2CCTL0                                   
00000404  TA2CCTL1                                   
00000406  TA2CCTL2                                   
00000400  TA2CTL                                     
00000420  TA2EX0                                     
0000042e  TA2IV                                      
00000410  TA2R                                       
000003d2  TB0CCR0                                    
000003d4  TB0CCR1                                    
000003d6  TB0CCR2                                    
000003d8  TB0CCR3                                    
000003da  TB0CCR4                                    
000003dc  TB0CCR5                                    
000003de  TB0CCR6                                    
000003c2  TB0CCTL0                                   
000003c4  TB0CCTL1                                   
000003c6  TB0CCTL2                                   
000003c8  TB0CCTL3                                   
000003ca  TB0CCTL4                                   
000003cc  TB0CCTL5                                   
000003ce  TB0CCTL6                                   
000003c0  TB0CTL                                     
000003e0  TB0EX0                                     
000003ee  TB0IV                                      
000003d0  TB0R                                       
00004438  TIMERB0_ISR                                
00012b10  Timer_A_initUpMode                         
00013a66  Timer_B_clearTimerInterrupt                
00012b86  Timer_B_initUpMode                         
00013a52  Timer_B_stop                               
000005d0  UCA0ABCTL                                  
000005c6  UCA0BRW                                    
000005c7  UCA0BRW_H                                  
000005c6  UCA0BRW_L                                  
000005c0  UCA0CTLW0                                  
000005c1  UCA0CTLW0_H                                
000005c0  UCA0CTLW0_L                                
000005dc  UCA0ICTL                                   
000005dd  UCA0ICTL_H                                 
000005dc  UCA0ICTL_L                                 
000005d2  UCA0IRCTL                                  
000005d3  UCA0IRCTL_H                                
000005d2  UCA0IRCTL_L                                
000005de  UCA0IV                                     
000005c8  UCA0MCTL                                   
000005cc  UCA0RXBUF                                  
000005ca  UCA0STAT                                   
000005ce  UCA0TXBUF                                  
00000610  UCA1ABCTL                                  
00000606  UCA1BRW                                    
00000607  UCA1BRW_H                                  
00000606  UCA1BRW_L                                  
00000600  UCA1CTLW0                                  
00000601  UCA1CTLW0_H                                
00000600  UCA1CTLW0_L                                
0000061c  UCA1ICTL                                   
0000061d  UCA1ICTL_H                                 
0000061c  UCA1ICTL_L                                 
00000612  UCA1IRCTL                                  
00000613  UCA1IRCTL_H                                
00000612  UCA1IRCTL_L                                
0000061e  UCA1IV                                     
00000608  UCA1MCTL                                   
0000060c  UCA1RXBUF                                  
0000060a  UCA1STAT                                   
0000060e  UCA1TXBUF                                  
000005e6  UCB0BRW                                    
000005e7  UCB0BRW_H                                  
000005e6  UCB0BRW_L                                  
000005e0  UCB0CTLW0                                  
000005e1  UCB0CTLW0_H                                
000005e0  UCB0CTLW0_L                                
000005f0  UCB0I2COA                                  
000005f1  UCB0I2COA_H                                
000005f0  UCB0I2COA_L                                
000005f2  UCB0I2CSA                                  
000005f3  UCB0I2CSA_H                                
000005f2  UCB0I2CSA_L                                
000005fc  UCB0ICTL                                   
000005fd  UCB0ICTL_H                                 
000005fc  UCB0ICTL_L                                 
000005fe  UCB0IV                                     
000005ec  UCB0RXBUF                                  
000005ea  UCB0STAT                                   
000005ee  UCB0TXBUF                                  
00000626  UCB1BRW                                    
00000627  UCB1BRW_H                                  
00000626  UCB1BRW_L                                  
00000620  UCB1CTLW0                                  
00000621  UCB1CTLW0_H                                
00000620  UCB1CTLW0_L                                
00000630  UCB1I2COA                                  
00000631  UCB1I2COA_H                                
00000630  UCB1I2COA_L                                
00000632  UCB1I2CSA                                  
00000633  UCB1I2CSA_H                                
00000632  UCB1I2CSA_L                                
0000063c  UCB1ICTL                                   
0000063d  UCB1ICTL_H                                 
0000063c  UCB1ICTL_L                                 
0000063e  UCB1IV                                     
0000062c  UCB1RXBUF                                  
0000062a  UCB1STAT                                   
0000062e  UCB1TXBUF                                  
00000160  UCSCTL0                                    
00000161  UCSCTL0_H                                  
00000160  UCSCTL0_L                                  
00000162  UCSCTL1                                    
00000163  UCSCTL1_H                                  
00000162  UCSCTL1_L                                  
00000164  UCSCTL2                                    
00000165  UCSCTL2_H                                  
00000164  UCSCTL2_L                                  
00000166  UCSCTL3                                    
00000167  UCSCTL3_H                                  
00000166  UCSCTL3_L                                  
00000168  UCSCTL4                                    
00000169  UCSCTL4_H                                  
00000168  UCSCTL4_L                                  
0000016a  UCSCTL5                                    
0000016b  UCSCTL5_H                                  
0000016a  UCSCTL5_L                                  
0000016c  UCSCTL6                                    
0000016d  UCSCTL6_H                                  
0000016c  UCSCTL6_L                                  
0000016e  UCSCTL7                                    
0000016f  UCSCTL7_H                                  
0000016e  UCSCTL7_L                                  
00000170  UCSCTL8                                    
00000171  UCSCTL8_H                                  
00000170  UCSCTL8_L                                  
000138da  UCS_getSMCLK                               
00011cc6  UCS_initFLL                                
000134f8  UCS_initFLLSettle                          
00013976  UCS_setExternalClockSource                 
0001331c  UCS_turnOnLFXT1                            
00000902  USBCNF                                     
00000903  USBCNF_H                                   
00000902  USBCNF_L                                   
0000093c  USBCTL                                     
0000093a  USBFN                                      
0000093b  USBFN_H                                    
0000093a  USBFN_L                                    
0000093f  USBFUNADR                                  
0000093d  USBIE                                      
00002378  USBIEP0BUF                                 
000023c9  USBIEPBBAX_1                               
000023d1  USBIEPBBAX_2                               
000023d9  USBIEPBBAX_3                               
000023e1  USBIEPBBAX_4                               
000023e9  USBIEPBBAX_5                               
000023f1  USBIEPBBAX_6                               
000023f9  USBIEPBBAX_7                               
000023cd  USBIEPBBAY_1                               
000023d5  USBIEPBBAY_2                               
000023dd  USBIEPBBAY_3                               
000023e5  USBIEPBBAY_4                               
000023ed  USBIEPBBAY_5                               
000023f5  USBIEPBBAY_6                               
000023fd  USBIEPBBAY_7                               
000023ca  USBIEPBCTX_1                               
000023d2  USBIEPBCTX_2                               
000023da  USBIEPBCTX_3                               
000023e2  USBIEPBCTX_4                               
000023ea  USBIEPBCTX_5                               
000023f2  USBIEPBCTX_6                               
000023fa  USBIEPBCTX_7                               
000023ce  USBIEPBCTY_1                               
000023d6  USBIEPBCTY_2                               
000023de  USBIEPBCTY_3                               
000023e6  USBIEPBCTY_4                               
000023ee  USBIEPBCTY_5                               
000023f6  USBIEPBCTY_6                               
000023fe  USBIEPBCTY_7                               
00000920  USBIEPCNF_0                                
000023c8  USBIEPCNF_1                                
000023d0  USBIEPCNF_2                                
000023d8  USBIEPCNF_3                                
000023e0  USBIEPCNF_4                                
000023e8  USBIEPCNF_5                                
000023f0  USBIEPCNF_6                                
000023f8  USBIEPCNF_7                                
00000921  USBIEPCNT_0                                
0000092e  USBIEPIE                                   
00000930  USBIEPIFG                                  
000023cf  USBIEPSIZXY_1                              
000023d7  USBIEPSIZXY_2                              
000023df  USBIEPSIZXY_3                              
000023e7  USBIEPSIZXY_4                              
000023ef  USBIEPSIZXY_5                              
000023f7  USBIEPSIZXY_6                              
000023ff  USBIEPSIZXY_7                              
0000093e  USBIFG                                     
00000900  USBKEYID                                   
00000901  USBKEYID_H                                 
00000900  USBKEYID_L                                 
00000936  USBMAINT                                   
00000937  USBMAINT_H                                 
00000936  USBMAINT_L                                 
00002370  USBOEP0BUF                                 
00002389  USBOEPBBAX_1                               
00002391  USBOEPBBAX_2                               
00002399  USBOEPBBAX_3                               
000023a1  USBOEPBBAX_4                               
000023a9  USBOEPBBAX_5                               
000023b1  USBOEPBBAX_6                               
000023b9  USBOEPBBAX_7                               
0000238d  USBOEPBBAY_1                               
00002395  USBOEPBBAY_2                               
0000239d  USBOEPBBAY_3                               
000023a5  USBOEPBBAY_4                               
000023ad  USBOEPBBAY_5                               
000023b5  USBOEPBBAY_6                               
000023bd  USBOEPBBAY_7                               
0000238a  USBOEPBCTX_1                               
00002392  USBOEPBCTX_2                               
0000239a  USBOEPBCTX_3                               
000023a2  USBOEPBCTX_4                               
000023aa  USBOEPBCTX_5                               
000023b2  USBOEPBCTX_6                               
000023ba  USBOEPBCTX_7                               
0000238e  USBOEPBCTY_1                               
00002396  USBOEPBCTY_2                               
0000239e  USBOEPBCTY_3                               
000023a6  USBOEPBCTY_4                               
000023ae  USBOEPBCTY_5                               
000023b6  USBOEPBCTY_6                               
000023be  USBOEPBCTY_7                               
00000922  USBOEPCNF_0                                
00002388  USBOEPCNF_1                                
00002390  USBOEPCNF_2                                
00002398  USBOEPCNF_3                                
000023a0  USBOEPCNF_4                                
000023a8  USBOEPCNF_5                                
000023b0  USBOEPCNF_6                                
000023b8  USBOEPCNF_7                                
00000923  USBOEPCNT_0                                
0000092f  USBOEPIE                                   
00000931  USBOEPIFG                                  
0000238f  USBOEPSIZXY_1                              
00002397  USBOEPSIZXY_2                              
0000239f  USBOEPSIZXY_3                              
000023a7  USBOEPSIZXY_4                              
000023af  USBOEPSIZXY_5                              
000023b7  USBOEPSIZXY_6                              
000023bf  USBOEPSIZXY_7                              
00000904  USBPHYCTL                                  
00000905  USBPHYCTL_H                                
00000904  USBPHYCTL_L                                
00000910  USBPLLCTL                                  
00000911  USBPLLCTL_H                                
[...]
0000073c  ADC12MEM14_L                               
0000073d  ADC12MEM14_H                               
0000073e  ADC12MEM15                                 
0000073e  ADC12MEM15_L                               
0000073f  ADC12MEM15_H                               
000008c0  CBCTL0                                     
000008c0  CBCTL0_L                                   
000008c1  CBCTL0_H                                   
000008c2  CBCTL1                                     
000008c2  CBCTL1_L                                   
000008c3  CBCTL1_H                                   
000008c4  CBCTL2                                     
000008c4  CBCTL2_L                                   
000008c5  CBCTL2_H                                   
000008c6  CBCTL3                                     
000008c6  CBCTL3_L                                   
000008c7  CBCTL3_H                                   
000008cc  CBINT                                      
000008cc  CBINT_L                                    
000008cd  CBINT_H                                    
000008ce  CBIV                                       
00000900  USBKEYID                                   
00000900  USBKEYID_L                                 
00000901  USBKEYID_H                                 
00000902  USBCNF                                     
00000902  USBCNF_L                                   
00000903  USBCNF_H                                   
00000904  USBPHYCTL                                  
00000904  USBPHYCTL_L                                
00000905  USBPHYCTL_H                                
00000908  USBPWRCTL                                  
00000908  USBPWRCTL_L                                
00000909  USBPWRCTL_H                                
00000910  USBPLLCTL                                  
00000910  USBPLLCTL_L                                
00000911  USBPLLCTL_H                                
00000912  USBPLLDIVB                                 
00000912  USBPLLDIVB_L                               
00000913  USBPLLDIVB_H                               
00000914  USBPLLIR                                   
00000914  USBPLLIR_L                                 
00000915  USBPLLIR_H                                 
00000920  USBIEPCNF_0                                
00000921  USBIEPCNT_0                                
00000922  USBOEPCNF_0                                
00000923  USBOEPCNT_0                                
0000092e  USBIEPIE                                   
0000092f  USBOEPIE                                   
00000930  USBIEPIFG                                  
00000931  USBOEPIFG                                  
00000932  USBVECINT                                  
00000932  USBVECINT_L                                
00000933  USBVECINT_H                                
00000936  USBMAINT                                   
00000936  USBMAINT_L                                 
00000937  USBMAINT_H                                 
00000938  USBTSREG                                   
00000938  USBTSREG_L                                 
00000939  USBTSREG_H                                 
0000093a  USBFN                                      
0000093a  USBFN_L                                    
0000093b  USBFN_H                                    
0000093c  USBCTL                                     
0000093d  USBIE                                      
0000093e  USBIFG                                     
0000093f  USBFUNADR                                  
00001c00  USBSTABUFF                                 
0000236f  USBTOPBUFF                                 
00002370  USBOEP0BUF                                 
00002378  USBIEP0BUF                                 
00002380  USBSUBLK                                   
00002388  USBOEPCNF_1                                
00002389  USBOEPBBAX_1                               
0000238a  USBOEPBCTX_1                               
0000238d  USBOEPBBAY_1                               
0000238e  USBOEPBCTY_1                               
0000238f  USBOEPSIZXY_1                              
00002390  USBOEPCNF_2                                
00002391  USBOEPBBAX_2                               
00002392  USBOEPBCTX_2                               
00002395  USBOEPBBAY_2                               
00002396  USBOEPBCTY_2                               
00002397  USBOEPSIZXY_2                              
00002398  USBOEPCNF_3                                
00002399  USBOEPBBAX_3                               
0000239a  USBOEPBCTX_3                               
0000239d  USBOEPBBAY_3                               
0000239e  USBOEPBCTY_3                               
0000239f  USBOEPSIZXY_3                              
000023a0  USBOEPCNF_4                                
000023a1  USBOEPBBAX_4                               
000023a2  USBOEPBCTX_4                               
000023a5  USBOEPBBAY_4                               
000023a6  USBOEPBCTY_4                               
000023a7  USBOEPSIZXY_4                              
000023a8  USBOEPCNF_5                                
000023a9  USBOEPBBAX_5                               
000023aa  USBOEPBCTX_5                               
000023ad  USBOEPBBAY_5                               
000023ae  USBOEPBCTY_5                               
000023af  USBOEPSIZXY_5                              
000023b0  USBOEPCNF_6                                
000023b1  USBOEPBBAX_6                               
000023b2  USBOEPBCTX_6                               
000023b5  USBOEPBBAY_6                               
000023b6  USBOEPBCTY_6                               
000023b7  USBOEPSIZXY_6                              
000023b8  USBOEPCNF_7                                
000023b9  USBOEPBBAX_7                               
000023ba  USBOEPBCTX_7                               
000023bd  USBOEPBBAY_7                               
000023be  USBOEPBCTY_7                               
000023bf  USBOEPSIZXY_7                              
000023c8  USBIEPCNF_1                                
000023c9  USBIEPBBAX_1                               
000023ca  USBIEPBCTX_1                               
000023cd  USBIEPBBAY_1                               
000023ce  USBIEPBCTY_1                               
000023cf  USBIEPSIZXY_1                              
000023d0  USBIEPCNF_2                                
000023d1  USBIEPBBAX_2                               
000023d2  USBIEPBCTX_2                               
000023d5  USBIEPBBAY_2                               
000023d6  USBIEPBCTY_2                               
000023d7  USBIEPSIZXY_2                              
000023d8  USBIEPCNF_3                                
000023d9  USBIEPBBAX_3                               
000023da  USBIEPBCTX_3                               
000023dd  USBIEPBBAY_3                               
000023de  USBIEPBCTY_3                               
000023df  USBIEPSIZXY_3                              
000023e0  USBIEPCNF_4                                
000023e1  USBIEPBBAX_4                               
000023e2  USBIEPBCTX_4                               
000023e5  USBIEPBBAY_4                               
000023e6  USBIEPBCTY_4                               
000023e7  USBIEPSIZXY_4                              
000023e8  USBIEPCNF_5                                
000023e9  USBIEPBBAX_5                               
000023ea  USBIEPBCTX_5                               
000023ed  USBIEPBBAY_5                               
000023ee  USBIEPBCTY_5                               
000023ef  USBIEPSIZXY_5                              
000023f0  USBIEPCNF_6                                
000023f1  USBIEPBBAX_6                               
000023f2  USBIEPBCTX_6                               
000023f5  USBIEPBBAY_6                               
000023f6  USBIEPBCTY_6                               
000023f7  USBIEPSIZXY_6                              
000023f8  USBIEPCNF_7                                
000023f9  USBIEPBBAX_7                               
000023fa  USBIEPBCTX_7                               
000023fd  USBIEPBBAY_7                               
000023fe  USBIEPBCTY_7                               
000023ff  USBIEPSIZXY_7                              
00002800  calibrateButton                            
0000282a  doneButton                                 
00002854  intervalButton                             
0000287e  g_sContext                                 
0000289a  downButton                                 
000028b0  upButton                                   
000028c6  g_sTouchContext                            
000028cc  str2_HR                                    
000028d2  str2_SBP                                   
000028d8  str_HR                                     
000028dc  str_SBP                                    
000028e0  str_interval                               
000028e4  i                                          
000028e6  offset                                     
000028e8  heart_rates                                
000028f4  g_ranDemo                                  
000028f6  HR                                         
000028f8  SBP                                        
000028fa  interval_index                             
000028fc  counter                                    
000028fe  counter2                                   
00002908  interval                                   
00004360  _stack                                     
00004400  RTC_A_ISR                                  
00004400  __STACK_END                                
00004438  TIMERB0_ISR                                
0000445a  _c_int00_noargs                            
00004476  __TI_ISR_TRAP                              
00007d66  g_sFontCmss18                              
00007e2e  g_sFontCmss20                              
00007ef6  g_sFontCmss20b                             
00007fbe  g_sFontCmss28                              
00008086  g_sFontCmss40                              
0000822e  g_sKitronix320x240x16_SSD2119              
000082b4  down_triangle34BPP_UNCOMP                  
000082c4  up_triangle34BPP_UNCOMP                    
0000832a  __TI_Handler_Table_Base                    
00008336  __TI_Handler_Table_Limit                   
0000833c  __TI_CINIT_Base                            
0000834c  __TI_CINIT_Limit                           
0000834c  __TI_CINIT_Warm                            
0000ffd2  __TI_int41                                 
0000ffd4  __TI_int42                                 
0000ffd6  __TI_int43                                 
0000ffd8  __TI_int44                                 
0000ffda  __TI_int45                                 
0000ffdc  __TI_int46                                 
0000ffde  __TI_int47                                 
0000ffe0  __TI_int48                                 
0000ffe2  __TI_int49                                 
0000ffe4  __TI_int50                                 
0000ffe6  __TI_int51                                 
0000ffe8  __TI_int52                                 
0000ffea  __TI_int53                                 
0000ffec  __TI_int54                                 
0000ffee  __TI_int55                                 
0000fff0  __TI_int56                                 
0000fff2  __TI_int57                                 
0000fff4  __TI_int58                                 
0000fff6  __TI_int59                                 
0000fff8  __TI_int60                                 
0000fffa  __TI_int61                                 
0000fffc  __TI_int62                                 
0000fffe  _reset_vector                              
00010000  Graphics_drawString                        
0001067e  Graphics_fillCircle                        
00010a0a  Graphics_drawImage                         
00010c60  main                                       
00010e88  Kitronix320x240x16_SSD2119Init             
00011070  runInterval                                
00011256  initializeDemoButtons                      
0001141c  calibrate                                  
00011710  touch_calibrate                            
00011828  Graphics_drawButton                        
00011a1c  __TI_printfi_minimal                       
00011be4  HAL_LCD_initLCD                            
00011cc6  UCS_initFLL                                
00011da8  touch_updateCurrentTouch                   
00011f5e  PMM_setVCoreUp                             
000120f0  Graphics_drawLineH                         
000121b4  Graphics_drawSelectedButton                
0001226e  __mspabi_mpyf                              
00012326  drawMainMenu                               
000123d6  updateSBP                                  
00012482  Graphics_drawImageButton                   
00012524  touch_initInterface                        
000125c6  Graphics_fillRectangle                     
0001265e  PMM_setVCoreDown                           
000126f2  Graphics_getStringWidth                    
00012782  __mspabi_divf                              
0001289e  updateInterval                             
00012a20  Graphics_drawStringCentered                
00012a98  __TI_auto_init_nobinit_nopinit_hold_wdt    
00012b10  Timer_A_initUpMode                         
00012b86  Timer_B_initUpMode                         
00012bfc  __TI_decompress_lzss                       
00012d44  USCI_B_SPI_initMaster                      
00012d9c  __mspabi_divul                             
00012d9c  __mspabi_remul                             
00012df4  ADC12_A_init                               
00012e46  ten_timer                                  
00012e96  HAL_LCD_writeData                          
00012ee4  HAL_LCD_writeCommand                       
00012f30  PMM_setVCore                               
00012f7a  __mspabi_cmpf                              
00013052  Kitronix320x240x16_SSD2119_setCursorLtoR   
00013098  Kitronix320x240x16_SSD2119_setCursorTtoB   
000130de  __mspabi_fixfu                             
00013124  sprintf                                    
000131aa  __mspabi_divli                             
000131aa  __mspabi_remli                             
000131ea  GPIO_setAsInputPinWithPullUpResistor       
00013228  __mspabi_sral_15                           
0001322c  __mspabi_sral_14                           
00013230  __mspabi_sral_13                           
00013234  __mspabi_sral_12                           
00013238  __mspabi_sral_11                           
0001323c  __mspabi_sral_10                           
00013240  __mspabi_sral_9                            
00013244  __mspabi_sral_8                            
00013248  __mspabi_sral_7                            
0001324c  __mspabi_sral_6                            
00013250  __mspabi_sral_5                            
00013254  __mspabi_sral_4                            
00013258  __mspabi_sral_3                            
0001325c  __mspabi_sral_2                            
00013260  __mspabi_sral_1                            
00013266  __mspabi_srll_15                           
0001326a  __mspabi_srll_14                           
0001326e  __mspabi_srll_13                           
00013272  __mspabi_srll_12                           
00013276  __mspabi_srll_11                           
0001327a  __mspabi_srll_10                           
0001327e  __mspabi_srll_9                            
00013282  __mspabi_srll_8                            
00013286  __mspabi_srll_7                            
0001328a  __mspabi_srll_6                            
0001328e  __mspabi_srll_5                            
00013292  __mspabi_srll_4                            
00013296  __mspabi_srll_3                            
0001329a  __mspabi_srll_2                            
0001329e  __mspabi_srll_1                            
000132a4  Graphics_initContext                       
000132e0  memcpy                                     
0001331c  UCS_turnOnLFXT1                            
00013354  Graphics_drawMultiplePixelsOnDisplay       
0001338a  Graphics_isImageButtonSelected             
000133c0  FlashCtl_write32                           
000133f4  GPIO_setAsInputPin                         
00013490  RTC_A_clearInterrupt                       
000134c4  memccpy                                    
000134f8  UCS_initFLLSettle                          
00013558  ADC12_A_startConversion                    
00013584  RTC_A_enableInterrupt                      
000135b0  __mspabi_divi                              
000135b0  __mspabi_remi                              
000135dc  GPIO_setAsOutputPin                        
00013604  GPIO_setAsPeripheralModuleFunctionInputPin 
0001362c  GPIO_setAsPeripheralModuleFunctionOutputPin
000136a2  FlashCtl_eraseSegment                      
000136c6  __TI_zero_init                             
000136ea  __mspabi_fltuf                             
0001370e  __mspabi_mpyl_f5hw                         
00013732  FlashCtl_lockInfoA                         
00013754  ADC12_A_configureMemory                    
00013774  ADC12_A_setupSamplingTimer                 
00013794  memset                                     
000137b4  FlashCtl_unlockInfoA                       
000137d2  Graphics_isButtonSelected                  
000137f0  GPIO_getInputPinValue                      
0001380c  GPIO_setOutputHighOnPin                    
00013828  GPIO_setOutputLowOnPin                     
00013844  GPIO_toggleOutputOnPin                     
00013860  WDT_A_hold                                 
0001387a  Graphics_drawHorizontalLineOnDisplay       
00013892  Graphics_setBackgroundColor                
000138aa  Graphics_setForegroundColor                
000138c2  HAL_LCD_delay30ms                          
000138da  UCS_getSMCLK                               
000138f2  __mspabi_mpyi_f5hw                         
0001390a  HAL_LCD_deselectLCD                        
00013920  HAL_LCD_selectLCD                          
00013936  __TI_decompress_none                       
0001394c  __mspabi_divu                              
0001394c  __mspabi_remu                              
00013976  UCS_setExternalClockSource                 
00013988  strlen                                     
0001399a  ADC12_A_getResults                         
000139aa  Graphics_clearDisplay                      
000139b8  ADC12_A_clearInterrupt                     
000139c4  Graphics_clearDisplayOnDisplay             
000139d0  Graphics_drawPixelOnDisplay                
000139dc  Graphics_fillRectangleOnDisplay            
000139e8  Graphics_translateColorOnDisplay           
000139f4  USCI_B_SPI_clearInterrupt                  
00013a00  USCI_B_SPI_isBusy                          
00013a0c  _system_pre_init                           
00013a18  ADC12_A_getInterruptStatus                 
00013a22  USCI_B_SPI_getInterruptStatus              
00013a2c  USCI_B_SPI_transmitData                    
00013a36  __mspabi_slli                              
00013a40  __mspabi_srli                              
00013a4a  ADC12_A_enable                             
00013a52  Timer_B_stop                               
00013a5a  Graphics_setFont                           
00013a60  SFR_enableInterrupt                        
00013a66  Timer_B_clearTimerInterrupt                
00013a6c  USCI_B_SPI_enable                          
00013a72  C$$EXIT                                    
00013a72  abort                                      
00013a7a  _system_post_cinit                         
ffffffff  __TI_pprof_out_hndl                        
ffffffff  __TI_prof_data_size                        
ffffffff  __TI_prof_data_start                       
ffffffff  __c_args__                                 

[946 symbols]
