<?xml version="1.0" encoding="ISO-8859-1" ?>
<link_info>
   <banner>MSP430 Linker Unix v21.6.1.LTS</banner>
   <copyright>Copyright (c) 2003-2018 Texas Instruments Incorporated</copyright>
   <link_time>0x6433840a</link_time>
   <link_errors>0x0</link_errors>
   <output_file>prototype_lcd_display2.out</output_file>
   <entry_point>
      <name>_c_int00_noargs</name>
      <address>0x445a</address>
   </entry_point>
   <input_file_list>
      <input_file id="fl-2">
         <path>./</path>
         <kind>object</kind>
         <file>main_copy.obj</file>
         <name>main_copy.obj</name>
      </input_file>
      <input_file id="fl-3">
         <path>./</path>
         <kind>object</kind>
         <file>system_pre_init.obj</file>
         <name>system_pre_init.obj</name>
      </input_file>
      <input_file id="fl-4">
         <path>./</path>
         <kind>object</kind>
         <file>timer_code.obj</file>
         <name>timer_code.obj</name>
      </input_file>
      <input_file id="fl-5">
         <path>./</path>
         <kind>object</kind>
         <file>touch_F5529LP.obj</file>
         <name>touch_F5529LP.obj</name>
      </input_file>
      <input_file id="fl-6">
         <path>./GrLib/fonts/</path>
         <kind>object</kind>
         <file>fontcm12.obj</file>
         <name>fontcm12.obj</name>
      </input_file>
      <input_file id="fl-7">
         <path>./GrLib/fonts/</path>
         <kind>object</kind>
         <file>fontcm12b.obj</file>
         <name>fontcm12b.obj</name>
      </input_file>
      <input_file id="fl-8">
         <path>./GrLib/fonts/</path>
         <kind>object</kind>
         <file>fontcm12i.obj</file>
         <name>fontcm12i.obj</name>
      </input_file>
      <input_file id="fl-9">
         <path>./GrLib/fonts/</path>
         <kind>object</kind>
         <file>fontcm14.obj</file>
         <name>fontcm14.obj</name>
      </input_file>
      <input_file id="fl-a">
         <path>./GrLib/fonts/</path>
         <kind>object</kind>
         <file>fontcm14b.obj</file>
         <name>fontcm14b.obj</name>
      </input_file>
      <input_file id="fl-b">
         <path>./GrLib/fonts/</path>
         <kind>object</kind>
         <file>fontcm14i.obj</file>
         <name>fontcm14i.obj</name>
      </input_file>
      <input_file id="fl-c">
         <path>./GrLib/fonts/</path>
         <kind>object</kind>
         <file>fontcm16.obj</file>
         <name>fontcm16.obj</name>
      </input_file>
      <input_file id="fl-d">
         <path>./GrLib/fonts/</path>
         <kind>object</kind>
         <file>fontcm16b.obj</file>
         <name>fontcm16b.obj</name>
      </input_file>
      <input_file id="fl-e">
         <path>./GrLib/fonts/</path>
         <kind>object</kind>
         <file>fontcm16i.obj</file>
         <name>fontcm16i.obj</name>
      </input_file>
      <input_file id="fl-f">
         <path>./GrLib/fonts/</path>
         <kind>object</kind>
         <file>fontcm18.obj</file>
         <name>fontcm18.obj</name>
      </input_file>
      <input_file id="fl-10">
         <path>./GrLib/fonts/</path>
         <kind>object</kind>
         <file>fontcm18b.obj</file>
         <name>fontcm18b.obj</name>
      </input_file>
      <input_file id="fl-11">
         <path>./GrLib/fonts/</path>
         <kind>object</kind>
         <file>fontcm18i.obj</file>
         <name>fontcm18i.obj</name>
      </input_file>
      <input_file id="fl-12">
         <path>./GrLib/fonts/</path>
         <kind>object</kind>
         <file>fontcm20.obj</file>
         <name>fontcm20.obj</name>
      </input_file>
      <input_file id="fl-13">
         <path>./GrLib/fonts/</path>
         <kind>object</kind>
         <file>fontcm20b.obj</file>
         <name>fontcm20b.obj</name>
      </input_file>
      <input_file id="fl-14">
         <path>./GrLib/fonts/</path>
         <kind>object</kind>
         <file>fontcm20i.obj</file>
         <name>fontcm20i.obj</name>
      </input_file>
      <input_file id="fl-15">
         <path>./GrLib/fonts/</path>
         <kind>object</kind>
         <file>fontcm22.obj</file>
         <name>fontcm22.obj</name>
      </input_file>
      <input_file id="fl-16">
         <path>./GrLib/fonts/</path>
         <kind>object</kind>
         <file>fontcm22b.obj</file>
         <name>fontcm22b.obj</name>
      </input_file>
      <input_file id="fl-17">
         <path>./GrLib/fonts/</path>
         <kind>object</kind>
         <file>fontcm22i.obj</file>
         <name>fontcm22i.obj</name>
      </input_file>
      <input_file id="fl-18">
         <path>./GrLib/fonts/</path>
         <kind>object</kind>
         <file>fontcm24.obj</file>
         <name>fontcm24.obj</name>
      </input_file>
      <input_file id="fl-19">
         <path>./GrLib/fonts/</path>
         <kind>object</kind>
         <file>fontcm24b.obj</file>
         <name>fontcm24b.obj</name>
      </input_file>
      <input_file id="fl-1a">
         <path>./GrLib/fonts/</path>
         <kind>object</kind>
         <file>fontcm24i.obj</file>
         <name>fontcm24i.obj</name>
      </input_file>
      <input_file id="fl-1b">
         <path>./GrLib/fonts/</path>
         <kind>object</kind>
         <file>fontcm26.obj</file>
         <name>fontcm26.obj</name>
      </input_file>
      <input_file id="fl-1c">
         <path>./GrLib/fonts/</path>
         <kind>object</kind>
         <file>fontcm26b.obj</file>
         <name>fontcm26b.obj</name>
      </input_file>
      <input_file id="fl-1d">
         <path>./GrLib/fonts/</path>
         <kind>object</kind>
         <file>fontcm26i.obj</file>
         <name>fontcm26i.obj</name>
      </input_file>
      <input_file id="fl-1e">
         <path>./GrLib/fonts/</path>
         <kind>object</kind>
         <file>fontcm28.obj</file>
         <name>fontcm28.obj</name>
      </input_file>
      <input_file id="fl-1f">
         <path>./GrLib/fonts/</path>
         <kind>object</kind>
         <file>fontcm28b.obj</file>
         <name>fontcm28b.obj</name>
      </input_file>
      <input_file id="fl-20">
         <path>./GrLib/fonts/</path>
         <kind>object</kind>
         <file>fontcm28i.obj</file>
         <name>fontcm28i.obj</name>
      </input_file>
      <input_file id="fl-21">
         <path>./GrLib/fonts/</path>
         <kind>object</kind>
         <file>fontcm30.obj</file>
         <name>fontcm30.obj</name>
      </input_file>
      <input_file id="fl-22">
         <path>./GrLib/fonts/</path>
         <kind>object</kind>
         <file>fontcm30b.obj</file>
         <name>fontcm30b.obj</name>
      </input_file>
      <input_file id="fl-23">
         <path>./GrLib/fonts/</path>
         <kind>object</kind>
         <file>fontcm30i.obj</file>
         <name>fontcm30i.obj</name>
      </input_file>
      <input_file id="fl-24">
         <path>./GrLib/fonts/</path>
         <kind>object</kind>
         <file>fontcm32.obj</file>
         <name>fontcm32.obj</name>
      </input_file>
      <input_file id="fl-25">
         <path>./GrLib/fonts/</path>
         <kind>object</kind>
         <file>fontcm32b.obj</file>
         <name>fontcm32b.obj</name>
      </input_file>
      <input_file id="fl-26">
         <path>./GrLib/fonts/</path>
         <kind>object</kind>
         <file>fontcm32i.obj</file>
         <name>fontcm32i.obj</name>
      </input_file>
      <input_file id="fl-27">
         <path>./GrLib/fonts/</path>
         <kind>object</kind>
         <file>fontcm34.obj</file>
         <name>fontcm34.obj</name>
      </input_file>
      <input_file id="fl-28">
         <path>./GrLib/fonts/</path>
         <kind>object</kind>
         <file>fontcm34b.obj</file>
         <name>fontcm34b.obj</name>
      </input_file>
      <input_file id="fl-29">
         <path>./GrLib/fonts/</path>
         <kind>object</kind>
         <file>fontcm34i.obj</file>
         <name>fontcm34i.obj</name>
      </input_file>
      <input_file id="fl-2a">
         <path>./GrLib/fonts/</path>
         <kind>object</kind>
         <file>fontcm36.obj</file>
         <name>fontcm36.obj</name>
      </input_file>
      <input_file id="fl-2b">
         <path>./GrLib/fonts/</path>
         <kind>object</kind>
         <file>fontcm36b.obj</file>
         <name>fontcm36b.obj</name>
      </input_file>
      <input_file id="fl-2c">
         <path>./GrLib/fonts/</path>
         <kind>object</kind>
         <file>fontcm36i.obj</file>
         <name>fontcm36i.obj</name>
      </input_file>
      <input_file id="fl-2d">
         <path>./GrLib/fonts/</path>
         <kind>object</kind>
         <file>fontcm38.obj</file>
         <name>fontcm38.obj</name>
      </input_file>
      <input_file id="fl-2e">
         <path>./GrLib/fonts/</path>
         <kind>object</kind>
         <file>fontcm38b.obj</file>
         <name>fontcm38b.obj</name>
      </input_file>
      <input_file id="fl-2f">
         <path>./GrLib/fonts/</path>
         <kind>object</kind>
         <file>fontcm38i.obj</file>
         <name>fontcm38i.obj</name>
      </input_file>
      <input_file id="fl-30">
         <path>./GrLib/fonts/</path>
         <kind>object</kind>
         <file>fontcm40.obj</file>
         <name>fontcm40.obj</name>
      </input_file>
      <input_file id="fl-31">
         <path>./GrLib/fonts/</path>
         <kind>object</kind>
         <file>fontcm40b.obj</file>
         <name>fontcm40b.obj</name>
      </input_file>
      <input_file id="fl-32">
         <path>./GrLib/fonts/</path>
         <kind>object</kind>
         <file>fontcm40i.obj</file>
         <name>fontcm40i.obj</name>
      </input_file>
      <input_file id="fl-33">
         <path>./GrLib/fonts/</path>
         <kind>object</kind>
         <file>fontcm42.obj</file>
         <name>fontcm42.obj</name>
      </input_file>
      <input_file id="fl-34">
         <path>./GrLib/fonts/</path>
         <kind>object</kind>
         <file>fontcm42b.obj</file>
         <name>fontcm42b.obj</name>
      </input_file>
      <input_file id="fl-35">
         <path>./GrLib/fonts/</path>
         <kind>object</kind>
         <file>fontcm42i.obj</file>
         <name>fontcm42i.obj</name>
      </input_file>
      <input_file id="fl-36">
         <path>./GrLib/fonts/</path>
         <kind>object</kind>
         <file>fontcm44.obj</file>
         <name>fontcm44.obj</name>
      </input_file>
      <input_file id="fl-37">
         <path>./GrLib/fonts/</path>
         <kind>object</kind>
         <file>fontcm44b.obj</file>
         <name>fontcm44b.obj</name>
      </input_file>
      <input_file id="fl-38">
         <path>./GrLib/fonts/</path>
         <kind>object</kind>
         <file>fontcm44i.obj</file>
         <name>fontcm44i.obj</name>
      </input_file>
      <input_file id="fl-39">
         <path>./GrLib/fonts/</path>
         <kind>object</kind>
         <file>fontcm46.obj</file>
         <name>fontcm46.obj</name>
      </input_file>
      <input_file id="fl-3a">
         <path>./GrLib/fonts/</path>
         <kind>object</kind>
         <file>fontcm46b.obj</file>
         <name>fontcm46b.obj</name>
      </input_file>
      <input_file id="fl-3b">
         <path>./GrLib/fonts/</path>
         <kind>object</kind>
         <file>fontcm46i.obj</file>
         <name>fontcm46i.obj</name>
      </input_file>
      <input_file id="fl-3c">
         <path>./GrLib/fonts/</path>
         <kind>object</kind>
         <file>fontcm48.obj</file>
         <name>fontcm48.obj</name>
      </input_file>
      <input_file id="fl-3d">
         <path>./GrLib/fonts/</path>
         <kind>object</kind>
         <file>fontcm48b.obj</file>
         <name>fontcm48b.obj</name>
      </input_file>
      <input_file id="fl-3e">
         <path>./GrLib/fonts/</path>
         <kind>object</kind>
         <file>fontcm48i.obj</file>
         <name>fontcm48i.obj</name>
      </input_file>
      <input_file id="fl-3f">
         <path>./GrLib/fonts/</path>
         <kind>object</kind>
         <file>fontcmsc12.obj</file>
         <name>fontcmsc12.obj</name>
      </input_file>
      <input_file id="fl-40">
         <path>./GrLib/fonts/</path>
         <kind>object</kind>
         <file>fontcmsc14.obj</file>
         <name>fontcmsc14.obj</name>
      </input_file>
      <input_file id="fl-41">
         <path>./GrLib/fonts/</path>
         <kind>object</kind>
         <file>fontcmsc16.obj</file>
         <name>fontcmsc16.obj</name>
      </input_file>
      <input_file id="fl-42">
         <path>./GrLib/fonts/</path>
         <kind>object</kind>
         <file>fontcmsc18.obj</file>
         <name>fontcmsc18.obj</name>
      </input_file>
      <input_file id="fl-43">
         <path>./GrLib/fonts/</path>
         <kind>object</kind>
         <file>fontcmsc20.obj</file>
         <name>fontcmsc20.obj</name>
      </input_file>
      <input_file id="fl-44">
         <path>./GrLib/fonts/</path>
         <kind>object</kind>
         <file>fontcmsc22.obj</file>
         <name>fontcmsc22.obj</name>
      </input_file>
      <input_file id="fl-45">
         <path>./GrLib/fonts/</path>
         <kind>object</kind>
         <file>fontcmsc24.obj</file>
         <name>fontcmsc24.obj</name>
      </input_file>
      <input_file id="fl-46">
         <path>./GrLib/fonts/</path>
         <kind>object</kind>
         <file>fontcmsc26.obj</file>
         <name>fontcmsc26.obj</name>
      </input_file>
      <input_file id="fl-47">
         <path>./GrLib/fonts/</path>
         <kind>object</kind>
         <file>fontcmsc28.obj</file>
         <name>fontcmsc28.obj</name>
      </input_file>
      <input_file id="fl-48">
         <path>./GrLib/fonts/</path>
         <kind>object</kind>
         <file>fontcmsc30.obj</file>
         <name>fontcmsc30.obj</name>
      </input_file>
      <input_file id="fl-49">
         <path>./GrLib/fonts/</path>
         <kind>object</kind>
         <file>fontcmsc32.obj</file>
         <name>fontcmsc32.obj</name>
      </input_file>
      <input_file id="fl-4a">
         <path>./GrLib/fonts/</path>
         <kind>object</kind>
         <file>fontcmsc34.obj</file>
         <name>fontcmsc34.obj</name>
      </input_file>
      <input_file id="fl-4b">
         <path>./GrLib/fonts/</path>
         <kind>object</kind>
         <file>fontcmsc36.obj</file>
         <name>fontcmsc36.obj</name>
      </input_file>
      <input_file id="fl-4c">
         <path>./GrLib/fonts/</path>
         <kind>object</kind>
         <file>fontcmsc38.obj</file>
         <name>fontcmsc38.obj</name>
      </input_file>
      <input_file id="fl-4d">
         <path>./GrLib/fonts/</path>
         <kind>object</kind>
         <file>fontcmsc40.obj</file>
         <name>fontcmsc40.obj</name>
      </input_file>
      <input_file id="fl-4e">
         <path>./GrLib/fonts/</path>
         <kind>object</kind>
         <file>fontcmsc42.obj</file>
         <name>fontcmsc42.obj</name>
      </input_file>
      <input_file id="fl-4f">
         <path>./GrLib/fonts/</path>
         <kind>object</kind>
         <file>fontcmsc44.obj</file>
         <name>fontcmsc44.obj</name>
      </input_file>
      <input_file id="fl-50">
         <path>./GrLib/fonts/</path>
         <kind>object</kind>
         <file>fontcmsc46.obj</file>
         <name>fontcmsc46.obj</name>
      </input_file>
      <input_file id="fl-51">
         <path>./GrLib/fonts/</path>
         <kind>object</kind>
         <file>fontcmsc48.obj</file>
         <name>fontcmsc48.obj</name>
      </input_file>
      <input_file id="fl-52">
         <path>./GrLib/fonts/</path>
         <kind>object</kind>
         <file>fontcmss12.obj</file>
         <name>fontcmss12.obj</name>
      </input_file>
      <input_file id="fl-53">
         <path>./GrLib/fonts/</path>
         <kind>object</kind>
         <file>fontcmss12b.obj</file>
         <name>fontcmss12b.obj</name>
      </input_file>
      <input_file id="fl-54">
         <path>./GrLib/fonts/</path>
         <kind>object</kind>
         <file>fontcmss12i.obj</file>
         <name>fontcmss12i.obj</name>
      </input_file>
      <input_file id="fl-55">
         <path>./GrLib/fonts/</path>
         <kind>object</kind>
         <file>fontcmss14.obj</file>
         <name>fontcmss14.obj</name>
      </input_file>
      <input_file id="fl-56">
         <path>./GrLib/fonts/</path>
         <kind>object</kind>
         <file>fontcmss14b.obj</file>
         <name>fontcmss14b.obj</name>
      </input_file>
      <input_file id="fl-57">
         <path>./GrLib/fonts/</path>
         <kind>object</kind>
         <file>fontcmss14i.obj</file>
         <name>fontcmss14i.obj</name>
      </input_file>
      <input_file id="fl-58">
         <path>./GrLib/fonts/</path>
         <kind>object</kind>
         <file>fontcmss16.obj</file>
         <name>fontcmss16.obj</name>
      </input_file>
      <input_file id="fl-59">
         <path>./GrLib/fonts/</path>
         <kind>object</kind>
         <file>fontcmss16b.obj</file>
         <name>fontcmss16b.obj</name>
      </input_file>
      <input_file id="fl-5a">
         <path>./GrLib/fonts/</path>
         <kind>object</kind>
         <file>fontcmss16i.obj</file>
         <name>fontcmss16i.obj</name>
      </input_file>
      <input_file id="fl-5b">
         <path>./GrLib/fonts/</path>
         <kind>object</kind>
         <file>fontcmss18.obj</file>
         <name>fontcmss18.obj</name>
      </input_file>
      <input_file id="fl-5c">
         <path>./GrLib/fonts/</path>
         <kind>object</kind>
         <file>fontcmss18b.obj</file>
         <name>fontcmss18b.obj</name>
      </input_file>
      <input_file id="fl-5d">
         <path>./GrLib/fonts/</path>
         <kind>object</kind>
         <file>fontcmss18i.obj</file>
         <name>fontcmss18i.obj</name>
      </input_file>
      <input_file id="fl-5e">
         <path>./GrLib/fonts/</path>
         <kind>object</kind>
         <file>fontcmss20.obj</file>
         <name>fontcmss20.obj</name>
      </input_file>
      <input_file id="fl-5f">
         <path>./GrLib/fonts/</path>
         <kind>object</kind>
         <file>fontcmss20b.obj</file>
         <name>fontcmss20b.obj</name>
      </input_file>
      <input_file id="fl-60">
         <path>./GrLib/fonts/</path>
         <kind>object</kind>
         <file>fontcmss20i.obj</file>
         <name>fontcmss20i.obj</name>
      </input_file>
      <input_file id="fl-61">
         <path>./GrLib/fonts/</path>
         <kind>object</kind>
         <file>fontcmss22.obj</file>
         <name>fontcmss22.obj</name>
      </input_file>
      <input_file id="fl-62">
         <path>./GrLib/fonts/</path>
         <kind>object</kind>
         <file>fontcmss22b.obj</file>
         <name>fontcmss22b.obj</name>
      </input_file>
      <input_file id="fl-63">
         <path>./GrLib/fonts/</path>
         <kind>object</kind>
         <file>fontcmss22i.obj</file>
         <name>fontcmss22i.obj</name>
      </input_file>
      <input_file id="fl-64">
         <path>./GrLib/fonts/</path>
         <kind>object</kind>
         <file>fontcmss24.obj</file>
         <name>fontcmss24.obj</name>
      </input_file>
      <input_file id="fl-65">
         <path>./GrLib/fonts/</path>
         <kind>object</kind>
         <file>fontcmss24b.obj</file>
         <name>fontcmss24b.obj</name>
      </input_file>
      <input_file id="fl-66">
         <path>./GrLib/fonts/</path>
         <kind>object</kind>
         <file>fontcmss24i.obj</file>
         <name>fontcmss24i.obj</name>
      </input_file>
      <input_file id="fl-67">
         <path>./GrLib/fonts/</path>
         <kind>object</kind>
         <file>fontcmss26.obj</file>
         <name>fontcmss26.obj</name>
      </input_file>
      <input_file id="fl-68">
         <path>./GrLib/fonts/</path>
         <kind>object</kind>
         <file>fontcmss26b.obj</file>
         <name>fontcmss26b.obj</name>
      </input_file>
      <input_file id="fl-69">
         <path>./GrLib/fonts/</path>
         <kind>object</kind>
         <file>fontcmss26i.obj</file>
         <name>fontcmss26i.obj</name>
      </input_file>
      <input_file id="fl-6a">
         <path>./GrLib/fonts/</path>
         <kind>object</kind>
         <file>fontcmss28.obj</file>
         <name>fontcmss28.obj</name>
      </input_file>
      <input_file id="fl-6b">
         <path>./GrLib/fonts/</path>
         <kind>object</kind>
         <file>fontcmss28b.obj</file>
         <name>fontcmss28b.obj</name>
      </input_file>
      <input_file id="fl-6c">
         <path>./GrLib/fonts/</path>
         <kind>object</kind>
         <file>fontcmss28i.obj</file>
         <name>fontcmss28i.obj</name>
      </input_file>
      <input_file id="fl-6d">
         <path>./GrLib/fonts/</path>
         <kind>object</kind>
         <file>fontcmss30.obj</file>
         <name>fontcmss30.obj</name>
      </input_file>
      <input_file id="fl-6e">
         <path>./GrLib/fonts/</path>
         <kind>object</kind>
         <file>fontcmss30b.obj</file>
         <name>fontcmss30b.obj</name>
      </input_file>
      <input_file id="fl-6f">
         <path>./GrLib/fonts/</path>
         <kind>object</kind>
         <file>fontcmss30i.obj</file>
         <name>fontcmss30i.obj</name>
      </input_file>
      <input_file id="fl-70">
         <path>./GrLib/fonts/</path>
         <kind>object</kind>
         <file>fontcmss32.obj</file>
         <name>fontcmss32.obj</name>
      </input_file>
      <input_file id="fl-71">
         <path>./GrLib/fonts/</path>
         <kind>object</kind>
         <file>fontcmss32b.obj</file>
         <name>fontcmss32b.obj</name>
      </input_file>
      <input_file id="fl-72">
         <path>./GrLib/fonts/</path>
         <kind>object</kind>
         <file>fontcmss32i.obj</file>
         <name>fontcmss32i.obj</name>
      </input_file>
      <input_file id="fl-73">
         <path>./GrLib/fonts/</path>
         <kind>object</kind>
         <file>fontcmss34.obj</file>
         <name>fontcmss34.obj</name>
      </input_file>
      <input_file id="fl-74">
         <path>./GrLib/fonts/</path>
         <kind>object</kind>
         <file>fontcmss34b.obj</file>
         <name>fontcmss34b.obj</name>
      </input_file>
      <input_file id="fl-75">
         <path>./GrLib/fonts/</path>
         <kind>object</kind>
         <file>fontcmss34i.obj</file>
         <name>fontcmss34i.obj</name>
      </input_file>
      <input_file id="fl-76">
         <path>./GrLib/fonts/</path>
         <kind>object</kind>
         <file>fontcmss36.obj</file>
         <name>fontcmss36.obj</name>
      </input_file>
      <input_file id="fl-77">
         <path>./GrLib/fonts/</path>
         <kind>object</kind>
         <file>fontcmss36b.obj</file>
         <name>fontcmss36b.obj</name>
      </input_file>
      <input_file id="fl-78">
         <path>./GrLib/fonts/</path>
         <kind>object</kind>
         <file>fontcmss36i.obj</file>
         <name>fontcmss36i.obj</name>
      </input_file>
      <input_file id="fl-79">
         <path>./GrLib/fonts/</path>
         <kind>object</kind>
         <file>fontcmss38.obj</file>
         <name>fontcmss38.obj</name>
      </input_file>
      <input_file id="fl-7a">
         <path>./GrLib/fonts/</path>
         <kind>object</kind>
         <file>fontcmss38b.obj</file>
         <name>fontcmss38b.obj</name>
      </input_file>
      <input_file id="fl-7b">
         <path>./GrLib/fonts/</path>
         <kind>object</kind>
         <file>fontcmss38i.obj</file>
         <name>fontcmss38i.obj</name>
      </input_file>
      <input_file id="fl-7c">
         <path>./GrLib/fonts/</path>
         <kind>object</kind>
         <file>fontcmss40.obj</file>
         <name>fontcmss40.obj</name>
      </input_file>
      <input_file id="fl-7d">
         <path>./GrLib/fonts/</path>
         <kind>object</kind>
         <file>fontcmss40b.obj</file>
         <name>fontcmss40b.obj</name>
      </input_file>
      <input_file id="fl-7e">
         <path>./GrLib/fonts/</path>
         <kind>object</kind>
         <file>fontcmss40i.obj</file>
         <name>fontcmss40i.obj</name>
      </input_file>
      <input_file id="fl-7f">
         <path>./GrLib/fonts/</path>
         <kind>object</kind>
         <file>fontcmss42.obj</file>
         <name>fontcmss42.obj</name>
      </input_file>
      <input_file id="fl-80">
         <path>./GrLib/fonts/</path>
         <kind>object</kind>
         <file>fontcmss42b.obj</file>
         <name>fontcmss42b.obj</name>
      </input_file>
      <input_file id="fl-81">
         <path>./GrLib/fonts/</path>
         <kind>object</kind>
         <file>fontcmss42i.obj</file>
         <name>fontcmss42i.obj</name>
      </input_file>
      <input_file id="fl-82">
         <path>./GrLib/fonts/</path>
         <kind>object</kind>
         <file>fontcmss44.obj</file>
         <name>fontcmss44.obj</name>
      </input_file>
      <input_file id="fl-83">
         <path>./GrLib/fonts/</path>
         <kind>object</kind>
         <file>fontcmss44b.obj</file>
         <name>fontcmss44b.obj</name>
      </input_file>
      <input_file id="fl-84">
         <path>./GrLib/fonts/</path>
         <kind>object</kind>
         <file>fontcmss44i.obj</file>
         <name>fontcmss44i.obj</name>
      </input_file>
      <input_file id="fl-85">
         <path>./GrLib/fonts/</path>
         <kind>object</kind>
         <file>fontcmss46.obj</file>
         <name>fontcmss46.obj</name>
      </input_file>
      <input_file id="fl-86">
         <path>./GrLib/fonts/</path>
         <kind>object</kind>
         <file>fontcmss46b.obj</file>
         <name>fontcmss46b.obj</name>
      </input_file>
      <input_file id="fl-87">
         <path>./GrLib/fonts/</path>
         <kind>object</kind>
         <file>fontcmss46i.obj</file>
         <name>fontcmss46i.obj</name>
      </input_file>
      <input_file id="fl-88">
         <path>./GrLib/fonts/</path>
         <kind>object</kind>
         <file>fontcmss48.obj</file>
         <name>fontcmss48.obj</name>
      </input_file>
      <input_file id="fl-89">
         <path>./GrLib/fonts/</path>
         <kind>object</kind>
         <file>fontcmss48b.obj</file>
         <name>fontcmss48b.obj</name>
      </input_file>
      <input_file id="fl-8a">
         <path>./GrLib/fonts/</path>
         <kind>object</kind>
         <file>fontcmss48i.obj</file>
         <name>fontcmss48i.obj</name>
      </input_file>
      <input_file id="fl-8b">
         <path>./GrLib/fonts/</path>
         <kind>object</kind>
         <file>fontcmtt12.obj</file>
         <name>fontcmtt12.obj</name>
      </input_file>
      <input_file id="fl-8c">
         <path>./GrLib/fonts/</path>
         <kind>object</kind>
         <file>fontcmtt14.obj</file>
         <name>fontcmtt14.obj</name>
      </input_file>
      <input_file id="fl-8d">
         <path>./GrLib/fonts/</path>
         <kind>object</kind>
         <file>fontcmtt16.obj</file>
         <name>fontcmtt16.obj</name>
      </input_file>
      <input_file id="fl-8e">
         <path>./GrLib/fonts/</path>
         <kind>object</kind>
         <file>fontcmtt18.obj</file>
         <name>fontcmtt18.obj</name>
      </input_file>
      <input_file id="fl-8f">
         <path>./GrLib/fonts/</path>
         <kind>object</kind>
         <file>fontcmtt20.obj</file>
         <name>fontcmtt20.obj</name>
      </input_file>
      <input_file id="fl-90">
         <path>./GrLib/fonts/</path>
         <kind>object</kind>
         <file>fontcmtt22.obj</file>
         <name>fontcmtt22.obj</name>
      </input_file>
      <input_file id="fl-91">
         <path>./GrLib/fonts/</path>
         <kind>object</kind>
         <file>fontcmtt24.obj</file>
         <name>fontcmtt24.obj</name>
      </input_file>
      <input_file id="fl-92">
         <path>./GrLib/fonts/</path>
         <kind>object</kind>
         <file>fontcmtt26.obj</file>
         <name>fontcmtt26.obj</name>
      </input_file>
      <input_file id="fl-93">
         <path>./GrLib/fonts/</path>
         <kind>object</kind>
         <file>fontcmtt28.obj</file>
         <name>fontcmtt28.obj</name>
      </input_file>
      <input_file id="fl-94">
         <path>./GrLib/fonts/</path>
         <kind>object</kind>
         <file>fontcmtt30.obj</file>
         <name>fontcmtt30.obj</name>
      </input_file>
      <input_file id="fl-95">
         <path>./GrLib/fonts/</path>
         <kind>object</kind>
         <file>fontcmtt32.obj</file>
         <name>fontcmtt32.obj</name>
      </input_file>
      <input_file id="fl-96">
         <path>./GrLib/fonts/</path>
         <kind>object</kind>
         <file>fontcmtt34.obj</file>
         <name>fontcmtt34.obj</name>
      </input_file>
      <input_file id="fl-97">
         <path>./GrLib/fonts/</path>
         <kind>object</kind>
         <file>fontcmtt36.obj</file>
         <name>fontcmtt36.obj</name>
      </input_file>
      <input_file id="fl-98">
         <path>./GrLib/fonts/</path>
         <kind>object</kind>
         <file>fontcmtt38.obj</file>
         <name>fontcmtt38.obj</name>
      </input_file>
      <input_file id="fl-99">
         <path>./GrLib/fonts/</path>
         <kind>object</kind>
         <file>fontcmtt40.obj</file>
         <name>fontcmtt40.obj</name>
      </input_file>
      <input_file id="fl-9a">
         <path>./GrLib/fonts/</path>
         <kind>object</kind>
         <file>fontcmtt42.obj</file>
         <name>fontcmtt42.obj</name>
      </input_file>
      <input_file id="fl-9b">
         <path>./GrLib/fonts/</path>
         <kind>object</kind>
         <file>fontcmtt44.obj</file>
         <name>fontcmtt44.obj</name>
      </input_file>
      <input_file id="fl-9c">
         <path>./GrLib/fonts/</path>
         <kind>object</kind>
         <file>fontcmtt46.obj</file>
         <name>fontcmtt46.obj</name>
      </input_file>
      <input_file id="fl-9d">
         <path>./GrLib/fonts/</path>
         <kind>object</kind>
         <file>fontcmtt48.obj</file>
         <name>fontcmtt48.obj</name>
      </input_file>
      <input_file id="fl-9e">
         <path>./GrLib/fonts/</path>
         <kind>object</kind>
         <file>fontfixed6x8.obj</file>
         <name>fontfixed6x8.obj</name>
      </input_file>
      <input_file id="fl-9f">
         <path>./GrLib/grlib/</path>
         <kind>object</kind>
         <file>button.obj</file>
         <name>button.obj</name>
      </input_file>
      <input_file id="fl-a0">
         <path>./GrLib/grlib/</path>
         <kind>object</kind>
         <file>checkbox.obj</file>
         <name>checkbox.obj</name>
      </input_file>
      <input_file id="fl-a1">
         <path>./GrLib/grlib/</path>
         <kind>object</kind>
         <file>circle.obj</file>
         <name>circle.obj</name>
      </input_file>
      <input_file id="fl-a2">
         <path>./GrLib/grlib/</path>
         <kind>object</kind>
         <file>context.obj</file>
         <name>context.obj</name>
      </input_file>
      <input_file id="fl-a3">
         <path>./GrLib/grlib/</path>
         <kind>object</kind>
         <file>display.obj</file>
         <name>display.obj</name>
      </input_file>
      <input_file id="fl-a4">
         <path>./GrLib/grlib/</path>
         <kind>object</kind>
         <file>image.obj</file>
         <name>image.obj</name>
      </input_file>
      <input_file id="fl-a5">
         <path>./GrLib/grlib/</path>
         <kind>object</kind>
         <file>imageButton.obj</file>
         <name>imageButton.obj</name>
      </input_file>
      <input_file id="fl-a6">
         <path>./GrLib/grlib/</path>
         <kind>object</kind>
         <file>line.obj</file>
         <name>line.obj</name>
      </input_file>
      <input_file id="fl-a7">
         <path>./GrLib/grlib/</path>
         <kind>object</kind>
         <file>radioButton.obj</file>
         <name>radioButton.obj</name>
      </input_file>
      <input_file id="fl-a8">
         <path>./GrLib/grlib/</path>
         <kind>object</kind>
         <file>rectangle.obj</file>
         <name>rectangle.obj</name>
      </input_file>
      <input_file id="fl-a9">
         <path>./GrLib/grlib/</path>
         <kind>object</kind>
         <file>string.obj</file>
         <name>string.obj</name>
      </input_file>
      <input_file id="fl-aa">
         <path>./LcdDriver/</path>
         <kind>object</kind>
         <file>HAL_MSP_EXP430F5529LP_KITRONIX320X240_SSD2119_SPI.obj</file>
         <name>HAL_MSP_EXP430F5529LP_KITRONIX320X240_SSD2119_SPI.obj</name>
      </input_file>
      <input_file id="fl-ab">
         <path>./LcdDriver/</path>
         <kind>object</kind>
         <file>kitronix320x240x16_ssd2119_spi.obj</file>
         <name>kitronix320x240x16_ssd2119_spi.obj</name>
      </input_file>
      <input_file id="fl-ac">
         <path>./driverlib/MSP430F5xx_6xx/</path>
         <kind>object</kind>
         <file>adc10_a.obj</file>
         <name>adc10_a.obj</name>
      </input_file>
      <input_file id="fl-ad">
         <path>./driverlib/MSP430F5xx_6xx/</path>
         <kind>object</kind>
         <file>adc12_a.obj</file>
         <name>adc12_a.obj</name>
      </input_file>
      <input_file id="fl-ae">
         <path>./driverlib/MSP430F5xx_6xx/</path>
         <kind>object</kind>
         <file>aes.obj</file>
         <name>aes.obj</name>
      </input_file>
      <input_file id="fl-af">
         <path>./driverlib/MSP430F5xx_6xx/</path>
         <kind>object</kind>
         <file>battbak.obj</file>
         <name>battbak.obj</name>
      </input_file>
      <input_file id="fl-b0">
         <path>./driverlib/MSP430F5xx_6xx/</path>
         <kind>object</kind>
         <file>comp_b.obj</file>
         <name>comp_b.obj</name>
      </input_file>
      <input_file id="fl-b1">
         <path>./driverlib/MSP430F5xx_6xx/</path>
         <kind>object</kind>
         <file>crc.obj</file>
         <name>crc.obj</name>
      </input_file>
      <input_file id="fl-b2">
         <path>./driverlib/MSP430F5xx_6xx/</path>
         <kind>object</kind>
         <file>dac12_a.obj</file>
         <name>dac12_a.obj</name>
      </input_file>
      <input_file id="fl-b3">
         <path>./driverlib/MSP430F5xx_6xx/</path>
         <kind>object</kind>
         <file>dma.obj</file>
         <name>dma.obj</name>
      </input_file>
      <input_file id="fl-b4">
         <path>./driverlib/MSP430F5xx_6xx/</path>
         <kind>object</kind>
         <file>eusci_a_spi.obj</file>
         <name>eusci_a_spi.obj</name>
      </input_file>
      <input_file id="fl-b5">
         <path>./driverlib/MSP430F5xx_6xx/</path>
         <kind>object</kind>
         <file>eusci_a_uart.obj</file>
         <name>eusci_a_uart.obj</name>
      </input_file>
      <input_file id="fl-b6">
         <path>./driverlib/MSP430F5xx_6xx/</path>
         <kind>object</kind>
         <file>eusci_b_i2c.obj</file>
         <name>eusci_b_i2c.obj</name>
      </input_file>
      <input_file id="fl-b7">
         <path>./driverlib/MSP430F5xx_6xx/</path>
         <kind>object</kind>
         <file>eusci_b_spi.obj</file>
         <name>eusci_b_spi.obj</name>
      </input_file>
      <input_file id="fl-b8">
         <path>./driverlib/MSP430F5xx_6xx/</path>
         <kind>object</kind>
         <file>flashctl.obj</file>
         <name>flashctl.obj</name>
      </input_file>
      <input_file id="fl-b9">
         <path>./driverlib/MSP430F5xx_6xx/</path>
         <kind>object</kind>
         <file>gpio.obj</file>
         <name>gpio.obj</name>
      </input_file>
      <input_file id="fl-ba">
         <path>./driverlib/MSP430F5xx_6xx/</path>
         <kind>object</kind>
         <file>ldopwr.obj</file>
         <name>ldopwr.obj</name>
      </input_file>
      <input_file id="fl-bb">
         <path>./driverlib/MSP430F5xx_6xx/</path>
         <kind>object</kind>
         <file>mpy32.obj</file>
         <name>mpy32.obj</name>
      </input_file>
      <input_file id="fl-bc">
         <path>./driverlib/MSP430F5xx_6xx/</path>
         <kind>object</kind>
         <file>pmap.obj</file>
         <name>pmap.obj</name>
      </input_file>
      <input_file id="fl-bd">
         <path>./driverlib/MSP430F5xx_6xx/</path>
         <kind>object</kind>
         <file>pmm.obj</file>
         <name>pmm.obj</name>
      </input_file>
      <input_file id="fl-be">
         <path>./driverlib/MSP430F5xx_6xx/</path>
         <kind>object</kind>
         <file>ram.obj</file>
         <name>ram.obj</name>
      </input_file>
      <input_file id="fl-bf">
         <path>./driverlib/MSP430F5xx_6xx/</path>
         <kind>object</kind>
         <file>ref.obj</file>
         <name>ref.obj</name>
      </input_file>
      <input_file id="fl-c0">
         <path>./driverlib/MSP430F5xx_6xx/</path>
         <kind>object</kind>
         <file>rtc_a.obj</file>
         <name>rtc_a.obj</name>
      </input_file>
      <input_file id="fl-c1">
         <path>./driverlib/MSP430F5xx_6xx/</path>
         <kind>object</kind>
         <file>rtc_b.obj</file>
         <name>rtc_b.obj</name>
      </input_file>
      <input_file id="fl-c2">
         <path>./driverlib/MSP430F5xx_6xx/</path>
         <kind>object</kind>
         <file>rtc_c.obj</file>
         <name>rtc_c.obj</name>
      </input_file>
      <input_file id="fl-c3">
         <path>./driverlib/MSP430F5xx_6xx/</path>
         <kind>object</kind>
         <file>sd24_b.obj</file>
         <name>sd24_b.obj</name>
      </input_file>
      <input_file id="fl-c4">
         <path>./driverlib/MSP430F5xx_6xx/</path>
         <kind>object</kind>
         <file>sfr.obj</file>
         <name>sfr.obj</name>
      </input_file>
      <input_file id="fl-c5">
         <path>./driverlib/MSP430F5xx_6xx/</path>
         <kind>object</kind>
         <file>sysctl.obj</file>
         <name>sysctl.obj</name>
      </input_file>
      <input_file id="fl-c6">
         <path>./driverlib/MSP430F5xx_6xx/</path>
         <kind>object</kind>
         <file>tec.obj</file>
         <name>tec.obj</name>
      </input_file>
      <input_file id="fl-c7">
         <path>./driverlib/MSP430F5xx_6xx/</path>
         <kind>object</kind>
         <file>timer_a.obj</file>
         <name>timer_a.obj</name>
      </input_file>
      <input_file id="fl-c8">
         <path>./driverlib/MSP430F5xx_6xx/</path>
         <kind>object</kind>
         <file>timer_b.obj</file>
         <name>timer_b.obj</name>
      </input_file>
      <input_file id="fl-c9">
         <path>./driverlib/MSP430F5xx_6xx/</path>
         <kind>object</kind>
         <file>timer_d.obj</file>
         <name>timer_d.obj</name>
      </input_file>
      <input_file id="fl-ca">
         <path>./driverlib/MSP430F5xx_6xx/</path>
         <kind>object</kind>
         <file>tlv.obj</file>
         <name>tlv.obj</name>
      </input_file>
      <input_file id="fl-cb">
         <path>./driverlib/MSP430F5xx_6xx/</path>
         <kind>object</kind>
         <file>ucs.obj</file>
         <name>ucs.obj</name>
      </input_file>
      <input_file id="fl-cc">
         <path>./driverlib/MSP430F5xx_6xx/</path>
         <kind>object</kind>
         <file>usci_a_spi.obj</file>
         <name>usci_a_spi.obj</name>
      </input_file>
      <input_file id="fl-cd">
         <path>./driverlib/MSP430F5xx_6xx/</path>
         <kind>object</kind>
         <file>usci_a_uart.obj</file>
         <name>usci_a_uart.obj</name>
      </input_file>
      <input_file id="fl-ce">
         <path>./driverlib/MSP430F5xx_6xx/</path>
         <kind>object</kind>
         <file>usci_b_i2c.obj</file>
         <name>usci_b_i2c.obj</name>
      </input_file>
      <input_file id="fl-cf">
         <path>./driverlib/MSP430F5xx_6xx/</path>
         <kind>object</kind>
         <file>usci_b_spi.obj</file>
         <name>usci_b_spi.obj</name>
      </input_file>
      <input_file id="fl-d0">
         <path>./driverlib/MSP430F5xx_6xx/</path>
         <kind>object</kind>
         <file>wdt_a.obj</file>
         <name>wdt_a.obj</name>
      </input_file>
      <input_file id="fl-d1">
         <path>./images/</path>
         <kind>object</kind>
         <file>Images_Button.obj</file>
         <name>Images_Button.obj</name>
      </input_file>
      <input_file id="fl-d2">
         <path>./images/</path>
         <kind>object</kind>
         <file>Primitives_Button.obj</file>
         <name>Primitives_Button.obj</name>
      </input_file>
      <input_file id="fl-d3">
         <path>./images/</path>
         <kind>object</kind>
         <file>TI_logo_150x150.obj</file>
         <name>TI_logo_150x150.obj</name>
      </input_file>
      <input_file id="fl-d4">
         <path>./images/</path>
         <kind>object</kind>
         <file>TI_platform_bar_red.obj</file>
         <name>TI_platform_bar_red.obj</name>
      </input_file>
      <input_file id="fl-d5">
         <path>./images/</path>
         <kind>object</kind>
         <file>down_triangle.obj</file>
         <name>down_triangle.obj</name>
      </input_file>
      <input_file id="fl-d6">
         <path>./images/</path>
         <kind>object</kind>
         <file>down_triangle3.obj</file>
         <name>down_triangle3.obj</name>
      </input_file>
      <input_file id="fl-d7">
         <path>./images/</path>
         <kind>object</kind>
         <file>lcd_color_320x240.obj</file>
         <name>lcd_color_320x240.obj</name>
      </input_file>
      <input_file id="fl-d8">
         <path>./images/</path>
         <kind>object</kind>
         <file>up_triangle.obj</file>
         <name>up_triangle.obj</name>
      </input_file>
      <input_file id="fl-d9">
         <path>./images/</path>
         <kind>object</kind>
         <file>up_triangle3.obj</file>
         <name>up_triangle3.obj</name>
      </input_file>
      <input_file id="fl-df">
         <kind>object</kind>
         <file>&lt;internal&gt;</file>
         <name>&lt;internal&gt;</name>
      </input_file>
      <input_file id="fl-f5">
         <path>/Applications/ti/ccs1220/ccs/tools/compiler/ti-cgt-msp430_21.6.1.LTS/lib/</path>
         <kind>archive</kind>
         <file>rts430x_lc_ld_eabi.lib</file>
         <name>sprintf.c.obj</name>
      </input_file>
      <input_file id="fl-f6">
         <path>/Applications/ti/ccs1220/ccs/tools/compiler/ti-cgt-msp430_21.6.1.LTS/lib/</path>
         <kind>archive</kind>
         <file>rts430x_lc_ld_eabi.lib</file>
         <name>div16s.asm.obj</name>
      </input_file>
      <input_file id="fl-f7">
         <path>/Applications/ti/ccs1220/ccs/tools/compiler/ti-cgt-msp430_21.6.1.LTS/lib/</path>
         <kind>archive</kind>
         <file>rts430x_lc_ld_eabi.lib</file>
         <name>div16u.asm.obj</name>
      </input_file>
      <input_file id="fl-f8">
         <path>/Applications/ti/ccs1220/ccs/tools/compiler/ti-cgt-msp430_21.6.1.LTS/lib/</path>
         <kind>archive</kind>
         <file>rts430x_lc_ld_eabi.lib</file>
         <name>div32s.asm.obj</name>
      </input_file>
      <input_file id="fl-f9">
         <path>/Applications/ti/ccs1220/ccs/tools/compiler/ti-cgt-msp430_21.6.1.LTS/lib/</path>
         <kind>archive</kind>
         <file>rts430x_lc_ld_eabi.lib</file>
         <name>div32u.asm.obj</name>
      </input_file>
      <input_file id="fl-fa">
         <path>/Applications/ti/ccs1220/ccs/tools/compiler/ti-cgt-msp430_21.6.1.LTS/lib/</path>
         <kind>archive</kind>
         <file>rts430x_lc_ld_eabi.lib</file>
         <name>fs_cmp.asm.obj</name>
      </input_file>
      <input_file id="fl-fb">
         <path>/Applications/ti/ccs1220/ccs/tools/compiler/ti-cgt-msp430_21.6.1.LTS/lib/</path>
         <kind>archive</kind>
         <file>rts430x_lc_ld_eabi.lib</file>
         <name>fs_div.asm.obj</name>
      </input_file>
      <input_file id="fl-fc">
         <path>/Applications/ti/ccs1220/ccs/tools/compiler/ti-cgt-msp430_21.6.1.LTS/lib/</path>
         <kind>archive</kind>
         <file>rts430x_lc_ld_eabi.lib</file>
         <name>fs_mpy.asm.obj</name>
      </input_file>
      <input_file id="fl-fd">
         <path>/Applications/ti/ccs1220/ccs/tools/compiler/ti-cgt-msp430_21.6.1.LTS/lib/</path>
         <kind>archive</kind>
         <file>rts430x_lc_ld_eabi.lib</file>
         <name>fs_tou.asm.obj</name>
      </input_file>
      <input_file id="fl-fe">
         <path>/Applications/ti/ccs1220/ccs/tools/compiler/ti-cgt-msp430_21.6.1.LTS/lib/</path>
         <kind>archive</kind>
         <file>rts430x_lc_ld_eabi.lib</file>
         <name>fs_utof.asm.obj</name>
      </input_file>
      <input_file id="fl-ff">
         <path>/Applications/ti/ccs1220/ccs/tools/compiler/ti-cgt-msp430_21.6.1.LTS/lib/</path>
         <kind>archive</kind>
         <file>rts430x_lc_ld_eabi.lib</file>
         <name>int42.asm.obj</name>
      </input_file>
      <input_file id="fl-100">
         <path>/Applications/ti/ccs1220/ccs/tools/compiler/ti-cgt-msp430_21.6.1.LTS/lib/</path>
         <kind>archive</kind>
         <file>rts430x_lc_ld_eabi.lib</file>
         <name>int43.asm.obj</name>
      </input_file>
      <input_file id="fl-101">
         <path>/Applications/ti/ccs1220/ccs/tools/compiler/ti-cgt-msp430_21.6.1.LTS/lib/</path>
         <kind>archive</kind>
         <file>rts430x_lc_ld_eabi.lib</file>
         <name>int44.asm.obj</name>
      </input_file>
      <input_file id="fl-102">
         <path>/Applications/ti/ccs1220/ccs/tools/compiler/ti-cgt-msp430_21.6.1.LTS/lib/</path>
         <kind>archive</kind>
         <file>rts430x_lc_ld_eabi.lib</file>
         <name>int45.asm.obj</name>
      </input_file>
      <input_file id="fl-103">
         <path>/Applications/ti/ccs1220/ccs/tools/compiler/ti-cgt-msp430_21.6.1.LTS/lib/</path>
         <kind>archive</kind>
         <file>rts430x_lc_ld_eabi.lib</file>
         <name>int46.asm.obj</name>
      </input_file>
      <input_file id="fl-104">
         <path>/Applications/ti/ccs1220/ccs/tools/compiler/ti-cgt-msp430_21.6.1.LTS/lib/</path>
         <kind>archive</kind>
         <file>rts430x_lc_ld_eabi.lib</file>
         <name>int47.asm.obj</name>
      </input_file>
      <input_file id="fl-105">
         <path>/Applications/ti/ccs1220/ccs/tools/compiler/ti-cgt-msp430_21.6.1.LTS/lib/</path>
         <kind>archive</kind>
         <file>rts430x_lc_ld_eabi.lib</file>
         <name>int48.asm.obj</name>
      </input_file>
      <input_file id="fl-106">
         <path>/Applications/ti/ccs1220/ccs/tools/compiler/ti-cgt-msp430_21.6.1.LTS/lib/</path>
         <kind>archive</kind>
         <file>rts430x_lc_ld_eabi.lib</file>
         <name>int49.asm.obj</name>
      </input_file>
      <input_file id="fl-107">
         <path>/Applications/ti/ccs1220/ccs/tools/compiler/ti-cgt-msp430_21.6.1.LTS/lib/</path>
         <kind>archive</kind>
         <file>rts430x_lc_ld_eabi.lib</file>
         <name>int50.asm.obj</name>
      </input_file>
      <input_file id="fl-108">
         <path>/Applications/ti/ccs1220/ccs/tools/compiler/ti-cgt-msp430_21.6.1.LTS/lib/</path>
         <kind>archive</kind>
         <file>rts430x_lc_ld_eabi.lib</file>
         <name>int51.asm.obj</name>
      </input_file>
      <input_file id="fl-109">
         <path>/Applications/ti/ccs1220/ccs/tools/compiler/ti-cgt-msp430_21.6.1.LTS/lib/</path>
         <kind>archive</kind>
         <file>rts430x_lc_ld_eabi.lib</file>
         <name>int52.asm.obj</name>
      </input_file>
      <input_file id="fl-10a">
         <path>/Applications/ti/ccs1220/ccs/tools/compiler/ti-cgt-msp430_21.6.1.LTS/lib/</path>
         <kind>archive</kind>
         <file>rts430x_lc_ld_eabi.lib</file>
         <name>int53.asm.obj</name>
      </input_file>
      <input_file id="fl-10b">
         <path>/Applications/ti/ccs1220/ccs/tools/compiler/ti-cgt-msp430_21.6.1.LTS/lib/</path>
         <kind>archive</kind>
         <file>rts430x_lc_ld_eabi.lib</file>
         <name>int54.asm.obj</name>
      </input_file>
      <input_file id="fl-10c">
         <path>/Applications/ti/ccs1220/ccs/tools/compiler/ti-cgt-msp430_21.6.1.LTS/lib/</path>
         <kind>archive</kind>
         <file>rts430x_lc_ld_eabi.lib</file>
         <name>int55.asm.obj</name>
      </input_file>
      <input_file id="fl-10d">
         <path>/Applications/ti/ccs1220/ccs/tools/compiler/ti-cgt-msp430_21.6.1.LTS/lib/</path>
         <kind>archive</kind>
         <file>rts430x_lc_ld_eabi.lib</file>
         <name>int56.asm.obj</name>
      </input_file>
      <input_file id="fl-10e">
         <path>/Applications/ti/ccs1220/ccs/tools/compiler/ti-cgt-msp430_21.6.1.LTS/lib/</path>
         <kind>archive</kind>
         <file>rts430x_lc_ld_eabi.lib</file>
         <name>int57.asm.obj</name>
      </input_file>
      <input_file id="fl-10f">
         <path>/Applications/ti/ccs1220/ccs/tools/compiler/ti-cgt-msp430_21.6.1.LTS/lib/</path>
         <kind>archive</kind>
         <file>rts430x_lc_ld_eabi.lib</file>
         <name>int58.asm.obj</name>
      </input_file>
      <input_file id="fl-110">
         <path>/Applications/ti/ccs1220/ccs/tools/compiler/ti-cgt-msp430_21.6.1.LTS/lib/</path>
         <kind>archive</kind>
         <file>rts430x_lc_ld_eabi.lib</file>
         <name>int60.asm.obj</name>
      </input_file>
      <input_file id="fl-111">
         <path>/Applications/ti/ccs1220/ccs/tools/compiler/ti-cgt-msp430_21.6.1.LTS/lib/</path>
         <kind>archive</kind>
         <file>rts430x_lc_ld_eabi.lib</file>
         <name>int61.asm.obj</name>
      </input_file>
      <input_file id="fl-112">
         <path>/Applications/ti/ccs1220/ccs/tools/compiler/ti-cgt-msp430_21.6.1.LTS/lib/</path>
         <kind>archive</kind>
         <file>rts430x_lc_ld_eabi.lib</file>
         <name>int62.asm.obj</name>
      </input_file>
      <input_file id="fl-113">
         <path>/Applications/ti/ccs1220/ccs/tools/compiler/ti-cgt-msp430_21.6.1.LTS/lib/</path>
         <kind>archive</kind>
         <file>rts430x_lc_ld_eabi.lib</file>
         <name>isr_trap.asm.obj</name>
      </input_file>
      <input_file id="fl-114">
         <path>/Applications/ti/ccs1220/ccs/tools/compiler/ti-cgt-msp430_21.6.1.LTS/lib/</path>
         <kind>archive</kind>
         <file>rts430x_lc_ld_eabi.lib</file>
         <name>lsl16.asm.obj</name>
      </input_file>
      <input_file id="fl-115">
         <path>/Applications/ti/ccs1220/ccs/tools/compiler/ti-cgt-msp430_21.6.1.LTS/lib/</path>
         <kind>archive</kind>
         <file>rts430x_lc_ld_eabi.lib</file>
         <name>lsr16.asm.obj</name>
      </input_file>
      <input_file id="fl-116">
         <path>/Applications/ti/ccs1220/ccs/tools/compiler/ti-cgt-msp430_21.6.1.LTS/lib/</path>
         <kind>archive</kind>
         <file>rts430x_lc_ld_eabi.lib</file>
         <name>lsr32.asm.obj</name>
      </input_file>
      <input_file id="fl-117">
         <path>/Applications/ti/ccs1220/ccs/tools/compiler/ti-cgt-msp430_21.6.1.LTS/lib/</path>
         <kind>archive</kind>
         <file>rts430x_lc_ld_eabi.lib</file>
         <name>mult16.asm.obj</name>
      </input_file>
      <input_file id="fl-118">
         <path>/Applications/ti/ccs1220/ccs/tools/compiler/ti-cgt-msp430_21.6.1.LTS/lib/</path>
         <kind>archive</kind>
         <file>rts430x_lc_ld_eabi.lib</file>
         <name>mult16_f5hw.asm.obj</name>
      </input_file>
      <input_file id="fl-119">
         <path>/Applications/ti/ccs1220/ccs/tools/compiler/ti-cgt-msp430_21.6.1.LTS/lib/</path>
         <kind>archive</kind>
         <file>rts430x_lc_ld_eabi.lib</file>
         <name>mult1632_f5hw.asm.obj</name>
      </input_file>
      <input_file id="fl-11a">
         <path>/Applications/ti/ccs1220/ccs/tools/compiler/ti-cgt-msp430_21.6.1.LTS/lib/</path>
         <kind>archive</kind>
         <file>rts430x_lc_ld_eabi.lib</file>
         <name>mult32.asm.obj</name>
      </input_file>
      <input_file id="fl-11b">
         <path>/Applications/ti/ccs1220/ccs/tools/compiler/ti-cgt-msp430_21.6.1.LTS/lib/</path>
         <kind>archive</kind>
         <file>rts430x_lc_ld_eabi.lib</file>
         <name>mult32_f5hw.asm.obj</name>
      </input_file>
      <input_file id="fl-11c">
         <path>/Applications/ti/ccs1220/ccs/tools/compiler/ti-cgt-msp430_21.6.1.LTS/lib/</path>
         <kind>archive</kind>
         <file>rts430x_lc_ld_eabi.lib</file>
         <name>mult3264_f5hw.asm.obj</name>
      </input_file>
      <input_file id="fl-11d">
         <path>/Applications/ti/ccs1220/ccs/tools/compiler/ti-cgt-msp430_21.6.1.LTS/lib/</path>
         <kind>archive</kind>
         <file>rts430x_lc_ld_eabi.lib</file>
         <name>mult64_f5hw.asm.obj</name>
      </input_file>
      <input_file id="fl-11e">
         <path>/Applications/ti/ccs1220/ccs/tools/compiler/ti-cgt-msp430_21.6.1.LTS/lib/</path>
         <kind>archive</kind>
         <file>rts430x_lc_ld_eabi.lib</file>
         <name>boot.c.obj</name>
      </input_file>
      <input_file id="fl-11f">
         <path>/Applications/ti/ccs1220/ccs/tools/compiler/ti-cgt-msp430_21.6.1.LTS/lib/</path>
         <kind>archive</kind>
         <file>rts430x_lc_ld_eabi.lib</file>
         <name>autoinit.c.obj</name>
      </input_file>
      <input_file id="fl-120">
         <path>/Applications/ti/ccs1220/ccs/tools/compiler/ti-cgt-msp430_21.6.1.LTS/lib/</path>
         <kind>archive</kind>
         <file>rts430x_lc_ld_eabi.lib</file>
         <name>copy_zero_init.c.obj</name>
      </input_file>
      <input_file id="fl-121">
         <path>/Applications/ti/ccs1220/ccs/tools/compiler/ti-cgt-msp430_21.6.1.LTS/lib/</path>
         <kind>archive</kind>
         <file>rts430x_lc_ld_eabi.lib</file>
         <name>cpy_tbl.c.obj</name>
      </input_file>
      <input_file id="fl-122">
         <path>/Applications/ti/ccs1220/ccs/tools/compiler/ti-cgt-msp430_21.6.1.LTS/lib/</path>
         <kind>archive</kind>
         <file>rts430x_lc_ld_eabi.lib</file>
         <name>mpu_init.c.obj</name>
      </input_file>
      <input_file id="fl-123">
         <path>/Applications/ti/ccs1220/ccs/tools/compiler/ti-cgt-msp430_21.6.1.LTS/lib/</path>
         <kind>archive</kind>
         <file>rts430x_lc_ld_eabi.lib</file>
         <name>startup.c.obj</name>
      </input_file>
      <input_file id="fl-124">
         <path>/Applications/ti/ccs1220/ccs/tools/compiler/ti-cgt-msp430_21.6.1.LTS/lib/</path>
         <kind>archive</kind>
         <file>rts430x_lc_ld_eabi.lib</file>
         <name>copy_decompress_none.c.obj</name>
      </input_file>
      <input_file id="fl-125">
         <path>/Applications/ti/ccs1220/ccs/tools/compiler/ti-cgt-msp430_21.6.1.LTS/lib/</path>
         <kind>archive</kind>
         <file>rts430x_lc_ld_eabi.lib</file>
         <name>copy_decompress_lzss.c.obj</name>
      </input_file>
      <input_file id="fl-126">
         <path>/Applications/ti/ccs1220/ccs/tools/compiler/ti-cgt-msp430_21.6.1.LTS/lib/</path>
         <kind>archive</kind>
         <file>rts430x_lc_ld_eabi.lib</file>
         <name>exit.c.obj</name>
      </input_file>
      <input_file id="fl-127">
         <path>/Applications/ti/ccs1220/ccs/tools/compiler/ti-cgt-msp430_21.6.1.LTS/lib/</path>
         <kind>archive</kind>
         <file>rts430x_lc_ld_eabi.lib</file>
         <name>_lock.c.obj</name>
      </input_file>
      <input_file id="fl-128">
         <path>/Applications/ti/ccs1220/ccs/tools/compiler/ti-cgt-msp430_21.6.1.LTS/lib/</path>
         <kind>archive</kind>
         <file>rts430x_lc_ld_eabi.lib</file>
         <name>args_main.c.obj</name>
      </input_file>
      <input_file id="fl-129">
         <path>/Applications/ti/ccs1220/ccs/tools/compiler/ti-cgt-msp430_21.6.1.LTS/lib/</path>
         <kind>archive</kind>
         <file>rts430x_lc_ld_eabi.lib</file>
         <name>memcpy.c.obj</name>
      </input_file>
      <input_file id="fl-12a">
         <path>/Applications/ti/ccs1220/ccs/tools/compiler/ti-cgt-msp430_21.6.1.LTS/lib/</path>
         <kind>archive</kind>
         <file>rts430x_lc_ld_eabi.lib</file>
         <name>_printfi.c.obj</name>
      </input_file>
      <input_file id="fl-12b">
         <path>/Applications/ti/ccs1220/ccs/tools/compiler/ti-cgt-msp430_21.6.1.LTS/lib/</path>
         <kind>archive</kind>
         <file>rts430x_lc_ld_eabi.lib</file>
         <name>s_frexp.c.obj</name>
      </input_file>
      <input_file id="fl-12c">
         <path>/Applications/ti/ccs1220/ccs/tools/compiler/ti-cgt-msp430_21.6.1.LTS/lib/</path>
         <kind>archive</kind>
         <file>rts430x_lc_ld_eabi.lib</file>
         <name>s_scalbn.c.obj</name>
      </input_file>
      <input_file id="fl-12d">
         <path>/Applications/ti/ccs1220/ccs/tools/compiler/ti-cgt-msp430_21.6.1.LTS/lib/</path>
         <kind>archive</kind>
         <file>rts430x_lc_ld_eabi.lib</file>
         <name>s_copysign.c.obj</name>
      </input_file>
      <input_file id="fl-12e">
         <path>/Applications/ti/ccs1220/ccs/tools/compiler/ti-cgt-msp430_21.6.1.LTS/lib/</path>
         <kind>archive</kind>
         <file>rts430x_lc_ld_eabi.lib</file>
         <name>asr32.asm.obj</name>
      </input_file>
      <input_file id="fl-12f">
         <path>/Applications/ti/ccs1220/ccs/tools/compiler/ti-cgt-msp430_21.6.1.LTS/lib/</path>
         <kind>archive</kind>
         <file>rts430x_lc_ld_eabi.lib</file>
         <name>exit_gvars.c.obj</name>
      </input_file>
      <input_file id="fl-130">
         <path>/Applications/ti/ccs1220/ccs/tools/compiler/ti-cgt-msp430_21.6.1.LTS/lib/</path>
         <kind>archive</kind>
         <file>rts430x_lc_ld_eabi.lib</file>
         <name>lsr64.c.obj</name>
      </input_file>
      <input_file id="fl-131">
         <path>/Applications/ti/ccs1220/ccs/tools/compiler/ti-cgt-msp430_21.6.1.LTS/lib/</path>
         <kind>archive</kind>
         <file>rts430x_lc_ld_eabi.lib</file>
         <name>div64u.c.obj</name>
      </input_file>
      <input_file id="fl-132">
         <path>/Applications/ti/ccs1220/ccs/tools/compiler/ti-cgt-msp430_21.6.1.LTS/lib/</path>
         <kind>archive</kind>
         <file>rts430x_lc_ld_eabi.lib</file>
         <name>addd.c.obj</name>
      </input_file>
      <input_file id="fl-133">
         <path>/Applications/ti/ccs1220/ccs/tools/compiler/ti-cgt-msp430_21.6.1.LTS/lib/</path>
         <kind>archive</kind>
         <file>rts430x_lc_ld_eabi.lib</file>
         <name>cmpd.c.obj</name>
      </input_file>
      <input_file id="fl-134">
         <path>/Applications/ti/ccs1220/ccs/tools/compiler/ti-cgt-msp430_21.6.1.LTS/lib/</path>
         <kind>archive</kind>
         <file>rts430x_lc_ld_eabi.lib</file>
         <name>divd.c.obj</name>
      </input_file>
      <input_file id="fl-135">
         <path>/Applications/ti/ccs1220/ccs/tools/compiler/ti-cgt-msp430_21.6.1.LTS/lib/</path>
         <kind>archive</kind>
         <file>rts430x_lc_ld_eabi.lib</file>
         <name>fixdi.c.obj</name>
      </input_file>
      <input_file id="fl-136">
         <path>/Applications/ti/ccs1220/ccs/tools/compiler/ti-cgt-msp430_21.6.1.LTS/lib/</path>
         <kind>archive</kind>
         <file>rts430x_lc_ld_eabi.lib</file>
         <name>fixdli.c.obj</name>
      </input_file>
      <input_file id="fl-137">
         <path>/Applications/ti/ccs1220/ccs/tools/compiler/ti-cgt-msp430_21.6.1.LTS/lib/</path>
         <kind>archive</kind>
         <file>rts430x_lc_ld_eabi.lib</file>
         <name>fltid.c.obj</name>
      </input_file>
      <input_file id="fl-138">
         <path>/Applications/ti/ccs1220/ccs/tools/compiler/ti-cgt-msp430_21.6.1.LTS/lib/</path>
         <kind>archive</kind>
         <file>rts430x_lc_ld_eabi.lib</file>
         <name>fltlid.c.obj</name>
      </input_file>
      <input_file id="fl-139">
         <path>/Applications/ti/ccs1220/ccs/tools/compiler/ti-cgt-msp430_21.6.1.LTS/lib/</path>
         <kind>archive</kind>
         <file>rts430x_lc_ld_eabi.lib</file>
         <name>frcdivd.c.obj</name>
      </input_file>
      <input_file id="fl-13a">
         <path>/Applications/ti/ccs1220/ccs/tools/compiler/ti-cgt-msp430_21.6.1.LTS/lib/</path>
         <kind>archive</kind>
         <file>rts430x_lc_ld_eabi.lib</file>
         <name>mpyd.c.obj</name>
      </input_file>
      <input_file id="fl-13b">
         <path>/Applications/ti/ccs1220/ccs/tools/compiler/ti-cgt-msp430_21.6.1.LTS/lib/</path>
         <kind>archive</kind>
         <file>rts430x_lc_ld_eabi.lib</file>
         <name>negd.c.obj</name>
      </input_file>
      <input_file id="fl-13c">
         <path>/Applications/ti/ccs1220/ccs/tools/compiler/ti-cgt-msp430_21.6.1.LTS/lib/</path>
         <kind>archive</kind>
         <file>rts430x_lc_ld_eabi.lib</file>
         <name>subd.c.obj</name>
      </input_file>
      <input_file id="fl-13d">
         <path>/Applications/ti/ccs1220/ccs/tools/compiler/ti-cgt-msp430_21.6.1.LTS/lib/</path>
         <kind>archive</kind>
         <file>rts430x_lc_ld_eabi.lib</file>
         <name>_ltoa.c.obj</name>
      </input_file>
      <input_file id="fl-13e">
         <path>/Applications/ti/ccs1220/ccs/tools/compiler/ti-cgt-msp430_21.6.1.LTS/lib/</path>
         <kind>archive</kind>
         <file>rts430x_lc_ld_eabi.lib</file>
         <name>atoi.c.obj</name>
      </input_file>
      <input_file id="fl-13f">
         <path>/Applications/ti/ccs1220/ccs/tools/compiler/ti-cgt-msp430_21.6.1.LTS/lib/</path>
         <kind>archive</kind>
         <file>rts430x_lc_ld_eabi.lib</file>
         <name>ctype.c.obj</name>
      </input_file>
      <input_file id="fl-140">
         <path>/Applications/ti/ccs1220/ccs/tools/compiler/ti-cgt-msp430_21.6.1.LTS/lib/</path>
         <kind>archive</kind>
         <file>rts430x_lc_ld_eabi.lib</file>
         <name>memccpy.c.obj</name>
      </input_file>
      <input_file id="fl-141">
         <path>/Applications/ti/ccs1220/ccs/tools/compiler/ti-cgt-msp430_21.6.1.LTS/lib/</path>
         <kind>archive</kind>
         <file>rts430x_lc_ld_eabi.lib</file>
         <name>memset.c.obj</name>
      </input_file>
      <input_file id="fl-142">
         <path>/Applications/ti/ccs1220/ccs/tools/compiler/ti-cgt-msp430_21.6.1.LTS/lib/</path>
         <kind>archive</kind>
         <file>rts430x_lc_ld_eabi.lib</file>
         <name>strchr.c.obj</name>
      </input_file>
      <input_file id="fl-143">
         <path>/Applications/ti/ccs1220/ccs/tools/compiler/ti-cgt-msp430_21.6.1.LTS/lib/</path>
         <kind>archive</kind>
         <file>rts430x_lc_ld_eabi.lib</file>
         <name>strlen.c.obj</name>
      </input_file>
      <input_file id="fl-144">
         <path>/Applications/ti/ccs1220/ccs/tools/compiler/ti-cgt-msp430_21.6.1.LTS/lib/</path>
         <kind>archive</kind>
         <file>rts430x_lc_ld_eabi.lib</file>
         <name>toupper.c.obj</name>
      </input_file>
      <input_file id="fl-145">
         <path>/Applications/ti/ccs1220/ccs/tools/compiler/ti-cgt-msp430_21.6.1.LTS/lib/</path>
         <kind>archive</kind>
         <file>rts430x_lc_ld_eabi.lib</file>
         <name>errno.c.obj</name>
      </input_file>
      <input_file id="fl-146">
         <path>/Applications/ti/ccs1220/ccs/tools/compiler/ti-cgt-msp430_21.6.1.LTS/lib/</path>
         <kind>archive</kind>
         <file>rts430x_lc_ld_eabi.lib</file>
         <name>abs.c.obj</name>
      </input_file>
      <input_file id="fl-147">
         <path>/Applications/ti/ccs1220/ccs/tools/compiler/ti-cgt-msp430_21.6.1.LTS/lib/</path>
         <kind>archive</kind>
         <file>rts430x_lc_ld_eabi.lib</file>
         <name>wcslen.c.obj</name>
      </input_file>
      <input_file id="fl-148">
         <path>/Applications/ti/ccs1220/ccs/tools/compiler/ti-cgt-msp430_21.6.1.LTS/lib/</path>
         <kind>archive</kind>
         <file>rts430x_lc_ld_eabi.lib</file>
         <name>lsl32.asm.obj</name>
      </input_file>
      <input_file id="fl-149">
         <path>/Applications/ti/ccs1220/ccs/tools/compiler/ti-cgt-msp430_21.6.1.LTS/lib/</path>
         <kind>archive</kind>
         <file>rts430x_lc_ld_eabi.lib</file>
         <name>asr64.c.obj</name>
      </input_file>
      <input_file id="fl-14a">
         <path>/Applications/ti/ccs1220/ccs/tools/compiler/ti-cgt-msp430_21.6.1.LTS/lib/</path>
         <kind>archive</kind>
         <file>rts430x_lc_ld_eabi.lib</file>
         <name>lsl64.c.obj</name>
      </input_file>
      <input_file id="fl-14b">
         <path>/Applications/ti/ccs1220/ccs/tools/compiler/ti-cgt-msp430_21.6.1.LTS/lib/</path>
         <kind>archive</kind>
         <file>rts430x_lc_ld_eabi.lib</file>
         <name>frcmpyd.c.obj</name>
      </input_file>
      <input_file id="fl-14c">
         <path>/Applications/ti/ccs1220/ccs/tools/compiler/ti-cgt-msp430_21.6.1.LTS/lib/</path>
         <kind>archive</kind>
         <file>rts430x_lc_ld_eabi.lib</file>
         <name>mult3264.asm.obj</name>
      </input_file>
      <input_file id="fl-14d">
         <path>/Applications/ti/ccs1220/ccs/tools/compiler/ti-cgt-msp430_21.6.1.LTS/lib/</path>
         <kind>archive</kind>
         <file>rts430x_lc_ld_eabi.lib</file>
         <name>mult64.asm.obj</name>
      </input_file>
      <input_file id="fl-14e">
         <path>/Applications/ti/ccs1220/ccs/tools/compiler/ti-cgt-msp430_21.6.1.LTS/lib/</path>
         <kind>archive</kind>
         <file>rts430x_lc_ld_eabi.lib</file>
         <name>mult1632.asm.obj</name>
      </input_file>
   </input_file_list>
   <object_component_list>
      <object_component id="oc-936">
         <name>.bss:g_pulConvertedPalette</name>
         <uninitialized>true</uninitialized>
         <run_address>0x2400</run_address>
         <size>0x400</size>
         <input_file_ref idref="fl-a4"/>
      </object_component>
      <object_component id="oc-4f4">
         <name>.common:g_sTouchContext</name>
         <uninitialized>true</uninitialized>
         <run_address>0x28c6</run_address>
         <size>0x6</size>
      </object_component>
      <object_component id="oc-4fb">
         <name>.common:calibrateButton</name>
         <uninitialized>true</uninitialized>
         <run_address>0x2800</run_address>
         <size>0x2a</size>
      </object_component>
      <object_component id="oc-502">
         <name>.common:intervalButton</name>
         <uninitialized>true</uninitialized>
         <run_address>0x2854</run_address>
         <size>0x2a</size>
      </object_component>
      <object_component id="oc-5a9">
         <name>.common:doneButton</name>
         <uninitialized>true</uninitialized>
         <run_address>0x282a</run_address>
         <size>0x2a</size>
      </object_component>
      <object_component id="oc-5a2">
         <name>.common:upButton</name>
         <uninitialized>true</uninitialized>
         <run_address>0x28b0</run_address>
         <size>0x16</size>
      </object_component>
      <object_component id="oc-59e">
         <name>.common:downButton</name>
         <uninitialized>true</uninitialized>
         <run_address>0x289a</run_address>
         <size>0x16</size>
      </object_component>
      <object_component id="oc-515">
         <name>.common:g_sContext</name>
         <uninitialized>true</uninitialized>
         <run_address>0x287e</run_address>
         <size>0x1c</size>
      </object_component>
      <object_component id="oc-4e0">
         <name>.common:offset</name>
         <uninitialized>true</uninitialized>
         <run_address>0x28e6</run_address>
         <size>0x2</size>
      </object_component>
      <object_component id="oc-4d7">
         <name>.common:str_HR</name>
         <uninitialized>true</uninitialized>
         <run_address>0x28d8</run_address>
         <size>0x4</size>
      </object_component>
      <object_component id="oc-4e1">
         <name>.common:str_SBP</name>
         <uninitialized>true</uninitialized>
         <run_address>0x28dc</run_address>
         <size>0x4</size>
      </object_component>
      <object_component id="oc-4e3">
         <name>.common:str2_HR</name>
         <uninitialized>true</uninitialized>
         <run_address>0x28cc</run_address>
         <size>0x6</size>
      </object_component>
      <object_component id="oc-4e4">
         <name>.common:str2_SBP</name>
         <uninitialized>true</uninitialized>
         <run_address>0x28d2</run_address>
         <size>0x6</size>
      </object_component>
      <object_component id="oc-4e2">
         <name>.common:i</name>
         <uninitialized>true</uninitialized>
         <run_address>0x28e4</run_address>
         <size>0x2</size>
      </object_component>
      <object_component id="oc-876">
         <name>.common:str_interval</name>
         <uninitialized>true</uninitialized>
         <run_address>0x28e0</run_address>
         <size>0x4</size>
      </object_component>
      <object_component id="oc-4d0">
         <name>.data</name>
         <load_address>0x28f4</load_address>
         <run_address>0x28f4</run_address>
         <size>0xc</size>
         <input_file_ref idref="fl-2"/>
      </object_component>
      <object_component id="oc-877">
         <name>.data:interval</name>
         <load_address>0x2908</load_address>
         <run_address>0x2908</run_address>
         <size>0x6</size>
         <input_file_ref idref="fl-2"/>
      </object_component>
      <object_component id="oc-4d3">
         <name>.data:heart_rates</name>
         <load_address>0x28e8</load_address>
         <run_address>0x28e8</run_address>
         <size>0xc</size>
         <input_file_ref idref="fl-2"/>
      </object_component>
      <object_component id="oc-57e">
         <name>.data</name>
         <load_address>0x2900</load_address>
         <run_address>0x2900</run_address>
         <size>0x8</size>
         <input_file_ref idref="fl-cb"/>
      </object_component>
      <object_component id="oc-36b">
         <name>.stack</name>
         <uninitialized>true</uninitialized>
         <run_address>0x4360</run_address>
         <size>0x4</size>
         <input_file_ref idref="fl-11e"/>
      </object_component>
      <object_component id="oc-a08">
         <name>.stack</name>
         <uninitialized>true</uninitialized>
         <run_address>0x4360</run_address>
         <size>0x0</size>
      </object_component>
      <object_component id="oc-6a0">
         <name>.text:Graphics_drawString</name>
         <load_address>0x10000</load_address>
         <run_address>0x10000</run_address>
         <size>0x67e</size>
         <input_file_ref idref="fl-a9"/>
      </object_component>
      <object_component id="oc-653">
         <name>.text:Graphics_fillCircle</name>
         <load_address>0x1067e</load_address>
         <run_address>0x1067e</run_address>
         <size>0x38c</size>
         <input_file_ref idref="fl-a1"/>
      </object_component>
      <object_component id="oc-884">
         <name>.text:Graphics_drawImage</name>
         <load_address>0x10a0a</load_address>
         <run_address>0x10a0a</run_address>
         <size>0x256</size>
         <input_file_ref idref="fl-a4"/>
      </object_component>
      <object_component id="oc-41a">
         <name>.text:main</name>
         <load_address>0x10c60</load_address>
         <run_address>0x10c60</run_address>
         <size>0x228</size>
         <input_file_ref idref="fl-2"/>
      </object_component>
      <object_component id="oc-4a0">
         <name>.text:Kitronix320x240x16_SSD2119Init</name>
         <load_address>0x10e88</load_address>
         <run_address>0x10e88</run_address>
         <size>0x1e8</size>
         <input_file_ref idref="fl-ab"/>
      </object_component>
      <object_component id="oc-509">
         <name>.text:runInterval</name>
         <load_address>0x11070</load_address>
         <run_address>0x11070</run_address>
         <size>0x1e6</size>
         <input_file_ref idref="fl-2"/>
      </object_component>
      <object_component id="oc-49a">
         <name>.text:initializeDemoButtons</name>
         <load_address>0x11256</load_address>
         <run_address>0x11256</run_address>
         <size>0x1c6</size>
         <input_file_ref idref="fl-2"/>
      </object_component>
      <object_component id="oc-50f">
         <name>.text:calibrate</name>
         <load_address>0x1141c</load_address>
         <run_address>0x1141c</run_address>
         <size>0x182</size>
         <input_file_ref idref="fl-2"/>
      </object_component>
      <object_component id="oc-80b">
         <name>.text:__TI_printfi_minimal:_setfield___TI_printfi_minimal</name>
         <load_address>0x1159e</load_address>
         <run_address>0x1159e</run_address>
         <size>0x172</size>
         <input_file_ref idref="fl-12a"/>
      </object_component>
      <object_component id="oc-647">
         <name>.text:touch_calibrate</name>
         <load_address>0x11710</load_address>
         <run_address>0x11710</run_address>
         <size>0x118</size>
         <input_file_ref idref="fl-5"/>
      </object_component>
      <object_component id="oc-659">
         <name>.text:Graphics_drawButton</name>
         <load_address>0x11828</load_address>
         <run_address>0x11828</run_address>
         <size>0x102</size>
         <input_file_ref idref="fl-9f"/>
      </object_component>
      <object_component id="oc-955">
         <name>.text:privateUCSSourceClockFromDCO</name>
         <load_address>0x1192a</load_address>
         <run_address>0x1192a</run_address>
         <size>0xf2</size>
         <input_file_ref idref="fl-cb"/>
      </object_component>
      <object_component id="oc-686">
         <name>.text:__TI_printfi_minimal:__TI_printfi_minimal</name>
         <load_address>0x11a1c</load_address>
         <run_address>0x11a1c</run_address>
         <size>0xe4</size>
         <input_file_ref idref="fl-12a"/>
      </object_component>
      <object_component id="oc-8d2">
         <name>.text:privateUCSComputeCLKFrequency</name>
         <load_address>0x11b00</load_address>
         <run_address>0x11b00</run_address>
         <size>0xe4</size>
         <input_file_ref idref="fl-cb"/>
      </object_component>
      <object_component id="oc-5ab">
         <name>.text:HAL_LCD_initLCD</name>
         <load_address>0x11be4</load_address>
         <run_address>0x11be4</run_address>
         <size>0xe2</size>
         <input_file_ref idref="fl-aa"/>
      </object_component>
      <object_component id="oc-591">
         <name>.text:UCS_initFLL</name>
         <load_address>0x11cc6</load_address>
         <run_address>0x11cc6</run_address>
         <size>0xe2</size>
         <input_file_ref idref="fl-cb"/>
      </object_component>
      <object_component id="oc-4f5">
         <name>.text:touch_updateCurrentTouch</name>
         <load_address>0x11da8</load_address>
         <run_address>0x11da8</run_address>
         <size>0xdc</size>
         <input_file_ref idref="fl-5"/>
      </object_component>
      <object_component id="oc-904">
         <name>.text:__TI_printfi_minimal:_pproc_diouxp___TI_printfi_minimal</name>
         <load_address>0x11e84</load_address>
         <run_address>0x11e84</run_address>
         <size>0xda</size>
         <input_file_ref idref="fl-12a"/>
      </object_component>
      <object_component id="oc-589">
         <name>.text:PMM_setVCoreUp</name>
         <load_address>0x11f5e</load_address>
         <run_address>0x11f5e</run_address>
         <size>0xcc</size>
         <input_file_ref idref="fl-bd"/>
      </object_component>
      <object_component id="oc-5d6">
         <name>.text:Kitronix320x240x16_SSD2119PixelDrawMultiple</name>
         <load_address>0x1202a</load_address>
         <run_address>0x1202a</run_address>
         <size>0xc6</size>
         <input_file_ref idref="fl-ab"/>
      </object_component>
      <object_component id="oc-7fa">
         <name>.text:Graphics_drawLineH</name>
         <load_address>0x120f0</load_address>
         <run_address>0x120f0</run_address>
         <size>0xc4</size>
         <input_file_ref idref="fl-a6"/>
      </object_component>
      <object_component id="oc-503">
         <name>.text:Graphics_drawSelectedButton</name>
         <load_address>0x121b4</load_address>
         <run_address>0x121b4</run_address>
         <size>0xba</size>
         <input_file_ref idref="fl-9f"/>
      </object_component>
      <object_component id="oc-6be">
         <name>.text</name>
         <load_address>0x1226e</load_address>
         <run_address>0x1226e</run_address>
         <size>0xb8</size>
         <input_file_ref idref="fl-fc"/>
      </object_component>
      <object_component id="oc-4ca">
         <name>.text:drawMainMenu</name>
         <load_address>0x12326</load_address>
         <run_address>0x12326</run_address>
         <size>0xb0</size>
         <input_file_ref idref="fl-2"/>
      </object_component>
      <object_component id="oc-6f4">
         <name>.text:updateSBP</name>
         <load_address>0x123d6</load_address>
         <run_address>0x123d6</run_address>
         <size>0xac</size>
         <input_file_ref idref="fl-2"/>
      </object_component>
      <object_component id="oc-6e7">
         <name>.text:Graphics_drawImageButton</name>
         <load_address>0x12482</load_address>
         <run_address>0x12482</run_address>
         <size>0xa2</size>
         <input_file_ref idref="fl-a5"/>
      </object_component>
      <object_component id="oc-4c4">
         <name>.text:touch_initInterface</name>
         <load_address>0x12524</load_address>
         <run_address>0x12524</run_address>
         <size>0xa2</size>
         <input_file_ref idref="fl-5"/>
      </object_component>
      <object_component id="oc-6d7">
         <name>.text:Graphics_fillRectangle</name>
         <load_address>0x125c6</load_address>
         <run_address>0x125c6</run_address>
         <size>0x98</size>
         <input_file_ref idref="fl-a8"/>
      </object_component>
      <object_component id="oc-583">
         <name>.text:PMM_setVCoreDown</name>
         <load_address>0x1265e</load_address>
         <run_address>0x1265e</run_address>
         <size>0x94</size>
         <input_file_ref idref="fl-bd"/>
      </object_component>
      <object_component id="oc-695">
         <name>.text:Graphics_getStringWidth</name>
         <load_address>0x126f2</load_address>
         <run_address>0x126f2</run_address>
         <size>0x90</size>
         <input_file_ref idref="fl-a9"/>
      </object_component>
      <object_component id="oc-6ce">
         <name>.text</name>
         <load_address>0x12782</load_address>
         <run_address>0x12782</run_address>
         <size>0x90</size>
         <input_file_ref idref="fl-fb"/>
      </object_component>
      <object_component id="oc-7e7">
         <name>.text:touch_calibrateCircle</name>
         <load_address>0x12812</load_address>
         <run_address>0x12812</run_address>
         <size>0x8c</size>
         <input_file_ref idref="fl-5"/>
      </object_component>
      <object_component id="oc-6de">
         <name>.text:updateInterval</name>
         <load_address>0x1289e</load_address>
         <run_address>0x1289e</run_address>
         <size>0x82</size>
         <input_file_ref idref="fl-2"/>
      </object_component>
      <object_component id="oc-6ae">
         <name>.text:touch_sampleX</name>
         <load_address>0x12920</load_address>
         <run_address>0x12920</run_address>
         <size>0x80</size>
         <input_file_ref idref="fl-5"/>
      </object_component>
      <object_component id="oc-6c8">
         <name>.text:touch_sampleY</name>
         <load_address>0x129a0</load_address>
         <run_address>0x129a0</run_address>
         <size>0x80</size>
         <input_file_ref idref="fl-5"/>
      </object_component>
      <object_component id="oc-4ee">
         <name>.text:Graphics_drawStringCentered</name>
         <load_address>0x12a20</load_address>
         <run_address>0x12a20</run_address>
         <size>0x78</size>
         <input_file_ref idref="fl-a9"/>
      </object_component>
      <object_component id="oc-540">
         <name>.text:__TI_auto_init_nobinit_nopinit_hold_wdt:__TI_auto_init_nobinit_nopinit_hold_wdt</name>
         <load_address>0x12a98</load_address>
         <run_address>0x12a98</run_address>
         <size>0x78</size>
         <input_file_ref idref="fl-11f"/>
      </object_component>
      <object_component id="oc-494">
[...]
         <object_component_ref idref="oc-620"/>
      </symbol>
      <symbol id="sm-835">
         <name>ADC12_A_configureMemory</name>
         <value>0x13754</value>
         <object_component_ref idref="oc-632"/>
      </symbol>
      <symbol id="sm-836">
         <name>ADC12_A_getInterruptStatus</name>
         <value>0x13a18</value>
         <object_component_ref idref="oc-856"/>
      </symbol>
      <symbol id="sm-864">
         <name>FlashCtl_eraseSegment</name>
         <value>0x136a2</value>
         <object_component_ref idref="oc-7e0"/>
      </symbol>
      <symbol id="sm-865">
         <name>FlashCtl_write32</name>
         <value>0x133c0</value>
         <object_component_ref idref="oc-7ed"/>
      </symbol>
      <symbol id="sm-866">
         <name>FlashCtl_unlockInfoA</name>
         <value>0x137b4</value>
         <object_component_ref idref="oc-7da"/>
      </symbol>
      <symbol id="sm-867">
         <name>FlashCtl_lockInfoA</name>
         <value>0x13732</value>
         <object_component_ref idref="oc-7f3"/>
      </symbol>
      <symbol id="sm-8bb">
         <name>GPIO_setAsInputPin</name>
         <value>0x133f4</value>
         <object_component_ref idref="oc-844"/>
      </symbol>
      <symbol id="sm-8bc">
         <name>GPIO_setOutputHighOnPin</name>
         <value>0x1380c</value>
         <object_component_ref idref="oc-780"/>
      </symbol>
      <symbol id="sm-8bd">
         <name>GPIO_setAsInputPinWithPullUpResistor</name>
         <value>0x131ea</value>
         <object_component_ref idref="oc-638"/>
      </symbol>
      <symbol id="sm-8be">
         <name>GPIO_setAsOutputPin</name>
         <value>0x135dc</value>
         <object_component_ref idref="oc-759"/>
      </symbol>
      <symbol id="sm-8bf">
         <name>GPIO_setOutputLowOnPin</name>
         <value>0x13828</value>
         <object_component_ref idref="oc-3ff"/>
      </symbol>
      <symbol id="sm-8c0">
         <name>GPIO_toggleOutputOnPin</name>
         <value>0x13844</value>
         <object_component_ref idref="oc-3e5"/>
      </symbol>
      <symbol id="sm-8c1">
         <name>GPIO_setAsPeripheralModuleFunctionOutputPin</name>
         <value>0x1362c</value>
         <object_component_ref idref="oc-75f"/>
      </symbol>
      <symbol id="sm-8c2">
         <name>GPIO_getInputPinValue</name>
         <value>0x137f0</value>
         <object_component_ref idref="oc-641"/>
      </symbol>
      <symbol id="sm-8c3">
         <name>GPIO_setAsPeripheralModuleFunctionInputPin</name>
         <value>0x13604</value>
         <object_component_ref idref="oc-46d"/>
      </symbol>
      <symbol id="sm-8ef">
         <name>PMM_setVCore</name>
         <value>0x12f30</value>
         <object_component_ref idref="oc-479"/>
      </symbol>
      <symbol id="sm-8f0">
         <name>PMM_setVCoreDown</name>
         <value>0x1265e</value>
         <object_component_ref idref="oc-583"/>
      </symbol>
      <symbol id="sm-8f1">
         <name>PMM_setVCoreUp</name>
         <value>0x11f5e</value>
         <object_component_ref idref="oc-589"/>
      </symbol>
      <symbol id="sm-90c">
         <name>RTC_A_enableInterrupt</name>
         <value>0x13584</value>
         <object_component_ref idref="oc-3f7"/>
      </symbol>
      <symbol id="sm-90d">
         <name>RTC_A_clearInterrupt</name>
         <value>0x13490</value>
         <object_component_ref idref="oc-3f1"/>
      </symbol>
      <symbol id="sm-91c">
         <name>SFR_enableInterrupt</name>
         <value>0x13a60</value>
         <object_component_ref idref="oc-48b"/>
      </symbol>
      <symbol id="sm-92d">
         <name>Timer_A_initUpMode</name>
         <value>0x12b10</value>
         <object_component_ref idref="oc-494"/>
      </symbol>
      <symbol id="sm-94a">
         <name>Timer_B_stop</name>
         <value>0x13a52</value>
         <object_component_ref idref="oc-405"/>
      </symbol>
      <symbol id="sm-94b">
         <name>Timer_B_clearTimerInterrupt</name>
         <value>0x13a66</value>
         <object_component_ref idref="oc-449"/>
      </symbol>
      <symbol id="sm-94c">
         <name>Timer_B_initUpMode</name>
         <value>0x12b86</value>
         <object_component_ref idref="oc-452"/>
      </symbol>
      <symbol id="sm-9b7">
         <name>UCS_initFLLSettle</name>
         <value>0x134f8</value>
         <object_component_ref idref="oc-485"/>
      </symbol>
      <symbol id="sm-9b8">
         <name>UCS_setExternalClockSource</name>
         <value>0x13976</value>
         <object_component_ref idref="oc-473"/>
      </symbol>
      <symbol id="sm-9b9">
         <name>UCS_initFLL</name>
         <value>0x11cc6</value>
         <object_component_ref idref="oc-591"/>
      </symbol>
      <symbol id="sm-9ba">
         <name>UCS_getSMCLK</name>
         <value>0x138da</value>
         <object_component_ref idref="oc-768"/>
      </symbol>
      <symbol id="sm-9bb">
         <name>UCS_turnOnLFXT1</name>
         <value>0x1331c</value>
         <object_component_ref idref="oc-47f"/>
      </symbol>
      <symbol id="sm-9ed">
         <name>USCI_B_SPI_enable</name>
         <value>0x13a6c</value>
         <object_component_ref idref="oc-77a"/>
      </symbol>
      <symbol id="sm-9ee">
         <name>USCI_B_SPI_clearInterrupt</name>
         <value>0x139f4</value>
         <object_component_ref idref="oc-774"/>
      </symbol>
      <symbol id="sm-9ef">
         <name>USCI_B_SPI_getInterruptStatus</name>
         <value>0x13a22</value>
         <object_component_ref idref="oc-79b"/>
      </symbol>
      <symbol id="sm-9f0">
         <name>USCI_B_SPI_initMaster</name>
         <value>0x12d44</value>
         <object_component_ref idref="oc-76e"/>
      </symbol>
      <symbol id="sm-9f1">
         <name>USCI_B_SPI_transmitData</name>
         <value>0x13a2c</value>
         <object_component_ref idref="oc-793"/>
      </symbol>
      <symbol id="sm-9f2">
         <name>USCI_B_SPI_isBusy</name>
         <value>0x13a00</value>
         <object_component_ref idref="oc-78c"/>
      </symbol>
      <symbol id="sm-9fb">
         <name>WDT_A_hold</name>
         <value>0x13860</value>
         <object_component_ref idref="oc-466"/>
      </symbol>
      <symbol id="sm-a16">
         <name>down_triangle34BPP_UNCOMP</name>
         <value>0x82b4</value>
         <object_component_ref idref="oc-59f"/>
      </symbol>
      <symbol id="sm-a2e">
         <name>up_triangle34BPP_UNCOMP</name>
         <value>0x82c4</value>
         <object_component_ref idref="oc-5a3"/>
      </symbol>
      <symbol id="sm-a4f">
         <name>sprintf</name>
         <value>0x13124</value>
         <object_component_ref idref="oc-4da"/>
      </symbol>
      <symbol id="sm-a5b">
         <name>__mspabi_remi</name>
         <value>0x135b0</value>
         <object_component_ref idref="oc-939"/>
      </symbol>
      <symbol id="sm-a5c">
         <name>__mspabi_divi</name>
         <value>0x135b0</value>
         <object_component_ref idref="oc-939"/>
      </symbol>
      <symbol id="sm-a66">
         <name>__mspabi_remu</name>
         <value>0x1394c</value>
         <object_component_ref idref="oc-967"/>
      </symbol>
      <symbol id="sm-a67">
         <name>__mspabi_divu</name>
         <value>0x1394c</value>
         <object_component_ref idref="oc-967"/>
      </symbol>
      <symbol id="sm-a73">
         <name>__mspabi_remli</name>
         <value>0x131aa</value>
         <object_component_ref idref="oc-69b"/>
      </symbol>
      <symbol id="sm-a74">
         <name>__mspabi_divli</name>
         <value>0x131aa</value>
         <object_component_ref idref="oc-69b"/>
      </symbol>
      <symbol id="sm-a82">
         <name>__mspabi_remul</name>
         <value>0x12d9c</value>
         <object_component_ref idref="oc-82a"/>
      </symbol>
      <symbol id="sm-a83">
         <name>__mspabi_divul</name>
         <value>0x12d9c</value>
         <object_component_ref idref="oc-82a"/>
      </symbol>
      <symbol id="sm-a93">
         <name>__mspabi_cmpf</name>
         <value>0x12f7a</value>
         <object_component_ref idref="oc-6b9"/>
      </symbol>
      <symbol id="sm-aa5">
         <name>__mspabi_divf</name>
         <value>0x12782</value>
         <object_component_ref idref="oc-6ce"/>
      </symbol>
      <symbol id="sm-abc">
         <name>__mspabi_mpyf</name>
         <value>0x1226e</value>
         <object_component_ref idref="oc-6be"/>
      </symbol>
      <symbol id="sm-acb">
         <name>__mspabi_fixfu</name>
         <value>0x130de</value>
         <object_component_ref idref="oc-6c3"/>
      </symbol>
      <symbol id="sm-ad6">
         <name>__mspabi_fltuf</name>
         <value>0x136ea</value>
         <object_component_ref idref="oc-6b4"/>
      </symbol>
      <symbol id="sm-ad9">
         <name>__TI_int42</name>
         <value>0xffd4</value>
         <object_component_ref idref="oc-7a"/>
      </symbol>
      <symbol id="sm-adc">
         <name>__TI_int43</name>
         <value>0xffd6</value>
         <object_component_ref idref="oc-7b"/>
      </symbol>
      <symbol id="sm-adf">
         <name>__TI_int44</name>
         <value>0xffd8</value>
         <object_component_ref idref="oc-7c"/>
      </symbol>
      <symbol id="sm-ae2">
         <name>__TI_int45</name>
         <value>0xffda</value>
         <object_component_ref idref="oc-7d"/>
      </symbol>
      <symbol id="sm-ae5">
         <name>__TI_int46</name>
         <value>0xffdc</value>
         <object_component_ref idref="oc-7e"/>
      </symbol>
      <symbol id="sm-ae8">
         <name>__TI_int47</name>
         <value>0xffde</value>
         <object_component_ref idref="oc-7f"/>
      </symbol>
      <symbol id="sm-aeb">
         <name>__TI_int48</name>
         <value>0xffe0</value>
         <object_component_ref idref="oc-80"/>
      </symbol>
      <symbol id="sm-aee">
         <name>__TI_int49</name>
         <value>0xffe2</value>
         <object_component_ref idref="oc-81"/>
      </symbol>
      <symbol id="sm-af1">
         <name>__TI_int50</name>
         <value>0xffe4</value>
         <object_component_ref idref="oc-82"/>
      </symbol>
      <symbol id="sm-af4">
         <name>__TI_int51</name>
         <value>0xffe6</value>
         <object_component_ref idref="oc-83"/>
      </symbol>
      <symbol id="sm-af7">
         <name>__TI_int52</name>
         <value>0xffe8</value>
         <object_component_ref idref="oc-84"/>
      </symbol>
      <symbol id="sm-afa">
         <name>__TI_int53</name>
         <value>0xffea</value>
         <object_component_ref idref="oc-85"/>
      </symbol>
      <symbol id="sm-afd">
         <name>__TI_int54</name>
         <value>0xffec</value>
         <object_component_ref idref="oc-86"/>
      </symbol>
      <symbol id="sm-b00">
         <name>__TI_int55</name>
         <value>0xffee</value>
         <object_component_ref idref="oc-87"/>
      </symbol>
      <symbol id="sm-b03">
         <name>__TI_int56</name>
         <value>0xfff0</value>
         <object_component_ref idref="oc-88"/>
      </symbol>
      <symbol id="sm-b06">
         <name>__TI_int57</name>
         <value>0xfff2</value>
         <object_component_ref idref="oc-89"/>
      </symbol>
      <symbol id="sm-b09">
         <name>__TI_int58</name>
         <value>0xfff4</value>
         <object_component_ref idref="oc-8a"/>
      </symbol>
      <symbol id="sm-b0c">
         <name>__TI_int60</name>
         <value>0xfff8</value>
         <object_component_ref idref="oc-8c"/>
      </symbol>
      <symbol id="sm-b0f">
         <name>__TI_int61</name>
         <value>0xfffa</value>
         <object_component_ref idref="oc-8d"/>
      </symbol>
      <symbol id="sm-b12">
         <name>__TI_int62</name>
         <value>0xfffc</value>
         <object_component_ref idref="oc-8e"/>
      </symbol>
      <symbol id="sm-b1a">
         <name>__TI_ISR_TRAP</name>
         <value>0x4476</value>
         <object_component_ref idref="oc-38d"/>
      </symbol>
      <symbol id="sm-b23">
         <name>__mspabi_slli</name>
         <value>0x13a36</value>
         <object_component_ref idref="oc-836"/>
      </symbol>
      <symbol id="sm-b2c">
         <name>__mspabi_srli</name>
         <value>0x13a40</value>
         <object_component_ref idref="oc-7ab"/>
      </symbol>
      <symbol id="sm-b34">
         <name>__mspabi_srll_8</name>
         <value>0x13282</value>
         <object_component_ref idref="oc-7ba"/>
      </symbol>
      <symbol id="sm-b35">
         <name>__mspabi_srll_9</name>
         <value>0x1327e</value>
         <object_component_ref idref="oc-7ba"/>
      </symbol>
      <symbol id="sm-b36">
         <name>__mspabi_srll_6</name>
         <value>0x1328a</value>
         <object_component_ref idref="oc-7ba"/>
      </symbol>
      <symbol id="sm-b37">
         <name>__mspabi_srll_7</name>
         <value>0x13286</value>
         <object_component_ref idref="oc-7ba"/>
      </symbol>
      <symbol id="sm-b38">
         <name>__mspabi_srll_4</name>
         <value>0x13292</value>
         <object_component_ref idref="oc-7ba"/>
      </symbol>
      <symbol id="sm-b39">
         <name>__mspabi_srll_5</name>
         <value>0x1328e</value>
         <object_component_ref idref="oc-7ba"/>
      </symbol>
      <symbol id="sm-b3a">
         <name>__mspabi_srll_2</name>
         <value>0x1329a</value>
         <object_component_ref idref="oc-7ba"/>
      </symbol>
      <symbol id="sm-b3b">
         <name>__mspabi_srll_3</name>
         <value>0x13296</value>
         <object_component_ref idref="oc-7ba"/>
      </symbol>
      <symbol id="sm-b3c">
         <name>__mspabi_srll_1</name>
         <value>0x1329e</value>
         <object_component_ref idref="oc-7ba"/>
      </symbol>
      <symbol id="sm-b3d">
         <name>__mspabi_srll_15</name>
         <value>0x13266</value>
         <object_component_ref idref="oc-7ba"/>
      </symbol>
      <symbol id="sm-b3e">
         <name>__mspabi_srll_14</name>
         <value>0x1326a</value>
         <object_component_ref idref="oc-7ba"/>
      </symbol>
      <symbol id="sm-b3f">
         <name>__mspabi_srll_13</name>
         <value>0x1326e</value>
         <object_component_ref idref="oc-7ba"/>
      </symbol>
      <symbol id="sm-b40">
         <name>__mspabi_srll_12</name>
         <value>0x13272</value>
         <object_component_ref idref="oc-7ba"/>
      </symbol>
      <symbol id="sm-b41">
         <name>__mspabi_srll_11</name>
         <value>0x13276</value>
         <object_component_ref idref="oc-7ba"/>
      </symbol>
      <symbol id="sm-b42">
         <name>__mspabi_srll_10</name>
         <value>0x1327a</value>
         <object_component_ref idref="oc-7ba"/>
      </symbol>
      <symbol id="sm-b4b">
         <name>__mspabi_mpyi_f5hw</name>
         <value>0x138f2</value>
         <object_component_ref idref="oc-8b0"/>
      </symbol>
      <symbol id="sm-b55">
         <name>__mspabi_mpyl_f5hw</name>
         <value>0x1370e</value>
         <object_component_ref idref="oc-97e"/>
      </symbol>
      <symbol id="sm-b67">
         <name>_stack</name>
         <value>0x4360</value>
         <object_component_ref idref="oc-36b"/>
      </symbol>
      <symbol id="sm-b68">
         <name>_c_int00_noargs</name>
         <value>0x445a</value>
         <object_component_ref idref="oc-3aa"/>
      </symbol>
      <symbol id="sm-b69">
         <name>_reset_vector</name>
         <value>0xfffe</value>
         <object_component_ref idref="oc-36e"/>
      </symbol>
      <symbol id="sm-b8b">
         <name>__TI_auto_init_nobinit_nopinit_hold_wdt</name>
         <value>0x12a98</value>
         <object_component_ref idref="oc-540"/>
      </symbol>
      <symbol id="sm-b9e">
         <name>__TI_zero_init</name>
         <value>0x136c6</value>
         <object_component_ref idref="oc-39e"/>
      </symbol>
      <symbol id="sm-ba9">
         <name>_system_post_cinit</name>
         <value>0x13a7a</value>
         <object_component_ref idref="oc-712"/>
      </symbol>
      <symbol id="sm-bba">
         <name>__TI_decompress_none</name>
         <value>0x13936</value>
         <object_component_ref idref="oc-73"/>
      </symbol>
      <symbol id="sm-bdd">
         <name>__TI_decompress_lzss</name>
         <value>0x12bfc</value>
         <object_component_ref idref="oc-6d"/>
      </symbol>
      <symbol id="sm-be7">
         <name>C$$EXIT</name>
         <value>0x13a72</value>
         <object_component_ref idref="oc-51c"/>
      </symbol>
      <symbol id="sm-be8">
         <name>abort</name>
         <value>0x13a72</value>
         <object_component_ref idref="oc-51c"/>
      </symbol>
      <symbol id="sm-bfe">
         <name>memcpy</name>
         <value>0x132e0</value>
         <object_component_ref idref="oc-37a"/>
      </symbol>
      <symbol id="sm-c63">
         <name>__TI_printfi_minimal</name>
         <value>0x11a1c</value>
         <object_component_ref idref="oc-686"/>
      </symbol>
      <symbol id="sm-c6e">
         <name>__mspabi_sral_15</name>
         <value>0x13228</value>
         <object_component_ref idref="oc-70d"/>
      </symbol>
      <symbol id="sm-c6f">
         <name>__mspabi_sral_14</name>
         <value>0x1322c</value>
         <object_component_ref idref="oc-70d"/>
      </symbol>
      <symbol id="sm-c70">
         <name>__mspabi_sral_13</name>
         <value>0x13230</value>
         <object_component_ref idref="oc-70d"/>
      </symbol>
      <symbol id="sm-c71">
         <name>__mspabi_sral_12</name>
         <value>0x13234</value>
         <object_component_ref idref="oc-70d"/>
      </symbol>
      <symbol id="sm-c72">
         <name>__mspabi_sral_11</name>
         <value>0x13238</value>
         <object_component_ref idref="oc-70d"/>
      </symbol>
      <symbol id="sm-c73">
         <name>__mspabi_sral_10</name>
         <value>0x1323c</value>
         <object_component_ref idref="oc-70d"/>
      </symbol>
      <symbol id="sm-c74">
         <name>__mspabi_sral_8</name>
         <value>0x13244</value>
         <object_component_ref idref="oc-70d"/>
      </symbol>
      <symbol id="sm-c75">
         <name>__mspabi_sral_9</name>
         <value>0x13240</value>
         <object_component_ref idref="oc-70d"/>
      </symbol>
      <symbol id="sm-c76">
         <name>__mspabi_sral_6</name>
         <value>0x1324c</value>
         <object_component_ref idref="oc-70d"/>
      </symbol>
      <symbol id="sm-c77">
         <name>__mspabi_sral_7</name>
         <value>0x13248</value>
         <object_component_ref idref="oc-70d"/>
      </symbol>
      <symbol id="sm-c78">
         <name>__mspabi_sral_4</name>
         <value>0x13254</value>
         <object_component_ref idref="oc-70d"/>
      </symbol>
      <symbol id="sm-c79">
         <name>__mspabi_sral_5</name>
         <value>0x13250</value>
         <object_component_ref idref="oc-70d"/>
      </symbol>
      <symbol id="sm-c7a">
         <name>__mspabi_sral_2</name>
         <value>0x1325c</value>
         <object_component_ref idref="oc-70d"/>
      </symbol>
      <symbol id="sm-c7b">
         <name>__mspabi_sral_3</name>
         <value>0x13258</value>
         <object_component_ref idref="oc-70d"/>
      </symbol>
      <symbol id="sm-c7c">
         <name>__mspabi_sral_1</name>
         <value>0x13260</value>
         <object_component_ref idref="oc-70d"/>
      </symbol>
      <symbol id="sm-c9d">
         <name>memccpy</name>
         <value>0x134c4</value>
         <object_component_ref idref="oc-90a"/>
      </symbol>
      <symbol id="sm-cac">
         <name>memset</name>
         <value>0x13794</value>
         <object_component_ref idref="oc-8fd"/>
      </symbol>
      <symbol id="sm-cba">
         <name>strlen</name>
         <value>0x13988</value>
         <object_component_ref idref="oc-805"/>
      </symbol>
   </symbol_table>
   <title>Link successful</title>
</link_info>
